MSBuild version 17.8.31+af11d4f25 for .NET
  Determining projects to restore...
  All projects are up-to-date for restore.
/home/runner/work/MVP-Core/MVP-Core/Hubs/ETAHub.cs(70,36): warning CS8765: Nullability of type of parameter 'exception' doesn't match overridden member (possibly because of nullability attributes). [/home/runner/work/MVP-Core/MVP-Core/MVP-Core.csproj]
/home/runner/work/MVP-Core/MVP-Core/Hubs/JobMessageHub.cs(51,36): warning CS8765: Nullability of type of parameter 'exception' doesn't match overridden member (possibly because of nullability attributes). [/home/runner/work/MVP-Core/MVP-Core/MVP-Core.csproj]
/home/runner/work/MVP-Core/MVP-Core/Hubs/NotificationHub.cs(49,36): warning CS8765: Nullability of type of parameter 'exception' doesn't match overridden member (possibly because of nullability attributes). [/home/runner/work/MVP-Core/MVP-Core/MVP-Core.csproj]
/home/runner/work/MVP-Core/MVP-Core/Hubs/TechnicianTrackingHub.cs(49,36): warning CS8765: Nullability of type of parameter 'exception' doesn't match overridden member (possibly because of nullability attributes). [/home/runner/work/MVP-Core/MVP-Core/MVP-Core.csproj]
/home/runner/work/MVP-Core/MVP-Core/Services/Admin/BlueprintGen.cs(9,21): warning CS7022: The entry point of the program is global code; ignoring 'BlueprintGen.Main(string[])' entry point. [/home/runner/work/MVP-Core/MVP-Core/MVP-Core.csproj]
/home/runner/work/MVP-Core/MVP-Core/Tools/BlueprintGen/Program.cs(10,21): warning CS7022: The entry point of the program is global code; ignoring 'Program.Main(string[])' entry point. [/home/runner/work/MVP-Core/MVP-Core/MVP-Core.csproj]
/home/runner/work/MVP-Core/MVP-Core/Tools/ServiceAtlantaCLI/Program.cs(9,21): warning CS7022: The entry point of the program is global code; ignoring 'Program.Main(string[])' entry point. [/home/runner/work/MVP-Core/MVP-Core/MVP-Core.csproj]
/home/runner/.nuget/packages/microsoft.net.test.sdk/17.8.0/build/netcoreapp3.1/Microsoft.NET.Test.Sdk.Program.cs(4,41): warning CS7022: The entry point of the program is global code; ignoring 'AutoGeneratedProgram.Main(string[])' entry point. [/home/runner/work/MVP-Core/MVP-Core/MVP-Core.csproj]
/home/runner/work/MVP-Core/MVP-Core/Controllers/LoyaltyController.cs(19,42): warning CS1998: This async method lacks 'await' operators and will run synchronously. Consider using the 'await' operator to await non-blocking API calls, or 'await Task.Run(...)' to do CPU-bound work on a background thread. [/home/runner/work/MVP-Core/MVP-Core/MVP-Core.csproj]
/home/runner/work/MVP-Core/MVP-Core/Controllers/Api/DispatcherApiController.cs(30,17): warning CS4014: Because this call is not awaited, execution of the current method continues before the call is completed. Consider applying the 'await' operator to the result of the call. [/home/runner/work/MVP-Core/MVP-Core/MVP-Core.csproj]
/home/runner/work/MVP-Core/MVP-Core/Pages/Admin/Troubleshooter.cshtml.cs(26,16): warning CS8618: Non-nullable property 'ErrorCode' must contain a non-null value when exiting constructor. Consider declaring the property as nullable. [/home/runner/work/MVP-Core/MVP-Core/MVP-Core.csproj]
/home/runner/work/MVP-Core/MVP-Core/Pages/Admin/Troubleshooter.cshtml.cs(26,16): warning CS8618: Non-nullable property 'EquipmentType' must contain a non-null value when exiting constructor. Consider declaring the property as nullable. [/home/runner/work/MVP-Core/MVP-Core/MVP-Core.csproj]
/home/runner/work/MVP-Core/MVP-Core/Pages/Admin/Troubleshooter.cshtml.cs(26,16): warning CS8618: Non-nullable property 'Manufacturer' must contain a non-null value when exiting constructor. Consider declaring the property as nullable. [/home/runner/work/MVP-Core/MVP-Core/MVP-Core.csproj]
/home/runner/work/MVP-Core/MVP-Core/Pages/Admin/Troubleshooter.cshtml.cs(26,16): warning CS8618: Non-nullable property 'AISuggestedFix' must contain a non-null value when exiting constructor. Consider declaring the property as nullable. [/home/runner/work/MVP-Core/MVP-Core/MVP-Core.csproj]
/home/runner/work/MVP-Core/MVP-Core/Pages/Admin/Troubleshooter.cshtml.cs(26,16): warning CS8618: Non-nullable property 'FeedbackResult' must contain a non-null value when exiting constructor. Consider declaring the property as nullable. [/home/runner/work/MVP-Core/MVP-Core/MVP-Core.csproj]
/home/runner/work/MVP-Core/MVP-Core/Pages/Admin/Troubleshooter.cshtml.cs(26,16): warning CS8618: Non-nullable property 'TechNotes' must contain a non-null value when exiting constructor. Consider declaring the property as nullable. [/home/runner/work/MVP-Core/MVP-Core/MVP-Core.csproj]
/home/runner/work/MVP-Core/MVP-Core/Pages/Admin/Troubleshooter.cshtml.cs(26,16): warning CS8618: Non-nullable property 'KnownFix' must contain a non-null value when exiting constructor. Consider declaring the property as nullable. [/home/runner/work/MVP-Core/MVP-Core/MVP-Core.csproj]
/home/runner/work/MVP-Core/MVP-Core/Pages/Admin/Troubleshooter.cshtml.cs(81,27): warning CS1998: This async method lacks 'await' operators and will run synchronously. Consider using the 'await' operator to await non-blocking API calls, or 'await Task.Run(...)' to do CPU-bound work on a background thread. [/home/runner/work/MVP-Core/MVP-Core/MVP-Core.csproj]
/home/runner/work/MVP-Core/MVP-Core/Pages/Admin/Troubleshooter.cshtml.cs(91,24): warning CS8601: Possible null reference assignment. [/home/runner/work/MVP-Core/MVP-Core/MVP-Core.csproj]
/home/runner/work/MVP-Core/MVP-Core/Pages/Admin/ManageSEO.cshtml.cs(26,37): error CS1061: 'string' does not contain a definition for 'Title' and no accessible extension method 'Title' accepting a first argument of type 'string' could be found (are you missing a using directive or an assembly reference?) [/home/runner/work/MVP-Core/MVP-Core/MVP-Core.csproj]
/home/runner/work/MVP-Core/MVP-Core/Pages/Admin/ManageSEO.cshtml.cs(27,47): error CS1061: 'string' does not contain a definition for 'MetaDescription' and no accessible extension method 'MetaDescription' accepting a first argument of type 'string' could be found (are you missing a using directive or an assembly reference?) [/home/runner/work/MVP-Core/MVP-Core/MVP-Core.csproj]
/home/runner/work/MVP-Core/MVP-Core/Pages/Admin/ManageSEO.cshtml.cs(28,40): error CS1061: 'string' does not contain a definition for 'Keywords' and no accessible extension method 'Keywords' accepting a first argument of type 'string' could be found (are you missing a using directive or an assembly reference?) [/home/runner/work/MVP-Core/MVP-Core/MVP-Core.csproj]
/home/runner/work/MVP-Core/MVP-Core/Pages/Admin/ManageSEO.cshtml.cs(29,38): error CS1061: 'string' does not contain a definition for 'Robots' and no accessible extension method 'Robots' accepting a first argument of type 'string' could be found (are you missing a using directive or an assembly reference?) [/home/runner/work/MVP-Core/MVP-Core/MVP-Core.csproj]
/home/runner/work/MVP-Core/MVP-Core/MVP_Core.Modules.Patch/Pages/PatchDashboard.cshtml.cs(14,34): warning CS8618: Non-nullable property 'Reviews' must contain a non-null value when exiting constructor. Consider declaring the property as nullable. [/home/runner/work/MVP-Core/MVP-Core/MVP-Core.csproj]
/home/runner/work/MVP-Core/MVP-Core/MVP_Core.Modules.Patch/Models/ReviewEntry.cs(10,23): warning CS8618: Non-nullable property 'CustomerFullName' must contain a non-null value when exiting constructor. Consider declaring the property as nullable. [/home/runner/work/MVP-Core/MVP-Core/MVP-Core.csproj]
/home/runner/work/MVP-Core/MVP-Core/MVP_Core.Modules.Patch/Models/ReviewEntry.cs(11,23): warning CS8618: Non-nullable property 'TechnicianName' must contain a non-null value when exiting constructor. Consider declaring the property as nullable. [/home/runner/work/MVP-Core/MVP-Core/MVP-Core.csproj]
/home/runner/work/MVP-Core/MVP-Core/MVP_Core.Modules.Patch/Models/ReviewEntry.cs(12,23): warning CS8618: Non-nullable property 'Platform' must contain a non-null value when exiting constructor. Consider declaring the property as nullable. [/home/runner/work/MVP-Core/MVP-Core/MVP-Core.csproj]
/home/runner/work/MVP-Core/MVP-Core/MVP_Core.Modules.Patch/Models/ReviewEntry.cs(13,23): warning CS8618: Non-nullable property 'ReviewText' must contain a non-null value when exiting constructor. Consider declaring the property as nullable. [/home/runner/work/MVP-Core/MVP-Core/MVP-Core.csproj]
/home/runner/work/MVP-Core/MVP-Core/MVP_Core.Modules.Patch/Models/ReviewEntry.cs(15,23): warning CS8618: Non-nullable property 'StreetAddress' must contain a non-null value when exiting constructor. Consider declaring the property as nullable. [/home/runner/work/MVP-Core/MVP-Core/MVP-Core.csproj]
/home/runner/work/MVP-Core/MVP-Core/MVP_Core.Modules.Patch/Models/ReviewEntry.cs(16,23): warning CS8618: Non-nullable property 'City' must contain a non-null value when exiting constructor. Consider declaring the property as nullable. [/home/runner/work/MVP-Core/MVP-Core/MVP-Core.csproj]
/home/runner/work/MVP-Core/MVP-Core/MVP_Core.Modules.Patch/Models/ReviewEntry.cs(17,23): warning CS8618: Non-nullable property 'State' must contain a non-null value when exiting constructor. Consider declaring the property as nullable. [/home/runner/work/MVP-Core/MVP-Core/MVP-Core.csproj]
/home/runner/work/MVP-Core/MVP-Core/MVP_Core.Modules.Patch/Models/ReviewEntry.cs(18,23): warning CS8618: Non-nullable property 'ZipCode' must contain a non-null value when exiting constructor. Consider declaring the property as nullable. [/home/runner/work/MVP-Core/MVP-Core/MVP-Core.csproj]
/home/runner/work/MVP-Core/MVP-Core/MVP_Core.Modules.Patch/Models/ReviewEntry.cs(19,23): warning CS8618: Non-nullable property 'ServiceCategory' must contain a non-null value when exiting constructor. Consider declaring the property as nullable. [/home/runner/work/MVP-Core/MVP-Core/MVP-Core.csproj]
/home/runner/work/MVP-Core/MVP-Core/MVP_Core.Modules.Patch/Models/ReviewEntry.cs(25,34): warning CS8618: Non-nullable property 'ResponseLog' must contain a non-null value when exiting constructor. Consider declaring the property as nullable. [/home/runner/work/MVP-Core/MVP-Core/MVP-Core.csproj]
/home/runner/work/MVP-Core/MVP-Core/Data/Seeders/DatabaseSeeder.cs(191,49): error CS0234: The type or namespace name 'Admin' does not exist in the namespace 'Data.Models' (are you missing an assembly reference?) [/home/runner/work/MVP-Core/MVP-Core/MVP-Core.csproj]
/home/runner/work/MVP-Core/MVP-Core/Data/Seeders/DatabaseSeeder.cs(351,43): warning CS8625: Cannot convert null literal to non-nullable reference type. [/home/runner/work/MVP-Core/MVP-Core/MVP-Core.csproj]
/home/runner/work/MVP-Core/MVP-Core/Data/Seeders/DatabaseSeeder.cs(429,24): warning CS8601: Possible null reference assignment. [/home/runner/work/MVP-Core/MVP-Core/MVP-Core.csproj]
/home/runner/work/MVP-Core/MVP-Core/Models/ViewModels/ProActionCardViewModel.cs(6,23): warning CS8618: Non-nullable property 'Title' must contain a non-null value when exiting constructor. Consider declaring the property as nullable. [/home/runner/work/MVP-Core/MVP-Core/MVP-Core.csproj]
/home/runner/work/MVP-Core/MVP-Core/Models/ViewModels/ProActionCardViewModel.cs(7,23): warning CS8618: Non-nullable property 'Description' must contain a non-null value when exiting constructor. Consider declaring the property as nullable. [/home/runner/work/MVP-Core/MVP-Core/MVP-Core.csproj]
/home/runner/work/MVP-Core/MVP-Core/Models/ViewModels/ProActionCardViewModel.cs(8,23): warning CS8618: Non-nullable property 'RiskLevel' must contain a non-null value when exiting constructor. Consider declaring the property as nullable. [/home/runner/work/MVP-Core/MVP-Core/MVP-Core.csproj]
/home/runner/work/MVP-Core/MVP-Core/Models/ViewModels/ProActionCardViewModel.cs(9,23): warning CS8618: Non-nullable property 'ActionLabel' must contain a non-null value when exiting constructor. Consider declaring the property as nullable. [/home/runner/work/MVP-Core/MVP-Core/MVP-Core.csproj]
/home/runner/work/MVP-Core/MVP-Core/Models/ViewModels/ProActionCardViewModel.cs(10,23): warning CS8618: Non-nullable property 'ActionUrl' must contain a non-null value when exiting constructor. Consider declaring the property as nullable. [/home/runner/work/MVP-Core/MVP-Core/MVP-Core.csproj]
/home/runner/work/MVP-Core/MVP-Core/MVP_Core.Data.Models.Reports/ReportResult.cs(12,23): warning CS8618: Non-nullable property 'Summary' must contain a non-null value when exiting constructor. Consider declaring the property as nullable. [/home/runner/work/MVP-Core/MVP-Core/MVP-Core.csproj]
/home/runner/work/MVP-Core/MVP-Core/Pages/_Host.cshtml.cs(17,32): error CS0029: Cannot implicitly convert type 'string' to 'Data.Models.Seo.SeoMeta' [/home/runner/work/MVP-Core/MVP-Core/MVP-Core.csproj]
/home/runner/work/MVP-Core/MVP-Core/Pages/Verify.cshtml.cs(53,41): error CS1061: 'string' does not contain a definition for 'Title' and no accessible extension method 'Title' accepting a first argument of type 'string' could be found (are you missing a using directive or an assembly reference?) [/home/runner/work/MVP-Core/MVP-Core/MVP-Core.csproj]
/home/runner/work/MVP-Core/MVP-Core/Pages/Verify.cshtml.cs(54,51): error CS1061: 'string' does not contain a definition for 'MetaDescription' and no accessible extension method 'MetaDescription' accepting a first argument of type 'string' could be found (are you missing a using directive or an assembly reference?) [/home/runner/work/MVP-Core/MVP-Core/MVP-Core.csproj]
/home/runner/work/MVP-Core/MVP-Core/Pages/Verify.cshtml.cs(55,44): error CS1061: 'string' does not contain a definition for 'Keywords' and no accessible extension method 'Keywords' accepting a first argument of type 'string' could be found (are you missing a using directive or an assembly reference?) [/home/runner/work/MVP-Core/MVP-Core/MVP-Core.csproj]
/home/runner/work/MVP-Core/MVP-Core/Pages/Verify.cshtml.cs(56,42): error CS1061: 'string' does not contain a definition for 'Robots' and no accessible extension method 'Robots' accepting a first argument of type 'string' could be found (are you missing a using directive or an assembly reference?) [/home/runner/work/MVP-Core/MVP-Core/MVP-Core.csproj]
/home/runner/work/MVP-Core/MVP-Core/Data/Models/TroubleshootingAttemptLog.cs(60,23): warning CS8618: Non-nullable property 'ErrorCode' must contain a non-null value when exiting constructor. Consider declaring the property as nullable. [/home/runner/work/MVP-Core/MVP-Core/MVP-Core.csproj]
/home/runner/work/MVP-Core/MVP-Core/Data/Models/TroubleshootingAttemptLog.cs(65,23): warning CS8618: Non-nullable property 'EquipmentType' must contain a non-null value when exiting constructor. Consider declaring the property as nullable. [/home/runner/work/MVP-Core/MVP-Core/MVP-Core.csproj]
/home/runner/work/MVP-Core/MVP-Core/Data/Models/TroubleshootingAttemptLog.cs(70,23): warning CS8618: Non-nullable property 'Manufacturer' must contain a non-null value when exiting constructor. Consider declaring the property as nullable. [/home/runner/work/MVP-Core/MVP-Core/MVP-Core.csproj]
/home/runner/work/MVP-Core/MVP-Core/Data/Models/TroubleshootingAttemptLog.cs(75,23): warning CS8618: Non-nullable property 'CommonFix' must contain a non-null value when exiting constructor. Consider declaring the property as nullable. [/home/runner/work/MVP-Core/MVP-Core/MVP-Core.csproj]
/home/runner/work/MVP-Core/MVP-Core/Data/Models/TroubleshootingAttemptLog.cs(24,23): warning CS8618: Non-nullable property 'PromptInput' must contain a non-null value when exiting constructor. Consider declaring the property as nullable. [/home/runner/work/MVP-Core/MVP-Core/MVP-Core.csproj]
/home/runner/work/MVP-Core/MVP-Core/Data/Models/TroubleshootingAttemptLog.cs(29,23): warning CS8618: Non-nullable property 'SuggestedFix' must contain a non-null value when exiting constructor. Consider declaring the property as nullable. [/home/runner/work/MVP-Core/MVP-Core/MVP-Core.csproj]
/home/runner/work/MVP-Core/MVP-Core/Data/Models/TroubleshootingAttemptLog.cs(39,23): warning CS8618: Non-nullable property 'TechNotes' must contain a non-null value when exiting constructor. Consider declaring the property as nullable. [/home/runner/work/MVP-Core/MVP-Core/MVP-Core.csproj]
/home/runner/work/MVP-Core/MVP-Core/Pages/Tools/HashPassword.cshtml.cs(26,37): error CS1061: 'string' does not contain a definition for 'Title' and no accessible extension method 'Title' accepting a first argument of type 'string' could be found (are you missing a using directive or an assembly reference?) [/home/runner/work/MVP-Core/MVP-Core/MVP-Core.csproj]
/home/runner/work/MVP-Core/MVP-Core/Pages/Tools/HashPassword.cshtml.cs(27,47): error CS1061: 'string' does not contain a definition for 'MetaDescription' and no accessible extension method 'MetaDescription' accepting a first argument of type 'string' could be found (are you missing a using directive or an assembly reference?) [/home/runner/work/MVP-Core/MVP-Core/MVP-Core.csproj]
/home/runner/work/MVP-Core/MVP-Core/Pages/Tools/HashPassword.cshtml.cs(28,40): error CS1061: 'string' does not contain a definition for 'Keywords' and no accessible extension method 'Keywords' accepting a first argument of type 'string' could be found (are you missing a using directive or an assembly reference?) [/home/runner/work/MVP-Core/MVP-Core/MVP-Core.csproj]
/home/runner/work/MVP-Core/MVP-Core/Pages/Tools/HashPassword.cshtml.cs(29,38): error CS1061: 'string' does not contain a definition for 'Robots' and no accessible extension method 'Robots' accepting a first argument of type 'string' could be found (are you missing a using directive or an assembly reference?) [/home/runner/work/MVP-Core/MVP-Core/MVP-Core.csproj]
/home/runner/work/MVP-Core/MVP-Core/Pages/TestSeoCompliance.cshtml.cs(30,41): error CS1061: 'string' does not contain a definition for 'Title' and no accessible extension method 'Title' accepting a first argument of type 'string' could be found (are you missing a using directive or an assembly reference?) [/home/runner/work/MVP-Core/MVP-Core/MVP-Core.csproj]
/home/runner/work/MVP-Core/MVP-Core/Pages/TestSeoCompliance.cshtml.cs(31,51): error CS1061: 'string' does not contain a definition for 'MetaDescription' and no accessible extension method 'MetaDescription' accepting a first argument of type 'string' could be found (are you missing a using directive or an assembly reference?) [/home/runner/work/MVP-Core/MVP-Core/MVP-Core.csproj]
/home/runner/work/MVP-Core/MVP-Core/Pages/TestSeoCompliance.cshtml.cs(32,44): error CS1061: 'string' does not contain a definition for 'Keywords' and no accessible extension method 'Keywords' accepting a first argument of type 'string' could be found (are you missing a using directive or an assembly reference?) [/home/runner/work/MVP-Core/MVP-Core/MVP-Core.csproj]
/home/runner/work/MVP-Core/MVP-Core/Pages/TestSeoCompliance.cshtml.cs(33,42): error CS1061: 'string' does not contain a definition for 'Robots' and no accessible extension method 'Robots' accepting a first argument of type 'string' could be found (are you missing a using directive or an assembly reference?) [/home/runner/work/MVP-Core/MVP-Core/MVP-Core.csproj]
/home/runner/work/MVP-Core/MVP-Core/Pages/Technician/TrainingCenter.cshtml.cs(31,42): warning CS8600: Converting null literal or possible null value to non-nullable type. [/home/runner/work/MVP-Core/MVP-Core/MVP-Core.csproj]
/home/runner/work/MVP-Core/MVP-Core/Pages/Technician/TrainingCenter.cshtml.cs(23,27): warning CS1998: This async method lacks 'await' operators and will run synchronously. Consider using the 'await' operator to await non-blocking API calls, or 'await Task.Run(...)' to do CPU-bound work on a background thread. [/home/runner/work/MVP-Core/MVP-Core/MVP-Core.csproj]
/home/runner/work/MVP-Core/MVP-Core/Pages/Technician/TrainingCenter.cshtml.cs(35,42): warning CS1998: This async method lacks 'await' operators and will run synchronously. Consider using the 'await' operator to await non-blocking API calls, or 'await Task.Run(...)' to do CPU-bound work on a background thread. [/home/runner/work/MVP-Core/MVP-Core/MVP-Core.csproj]
/home/runner/work/MVP-Core/MVP-Core/Middleware/RequireLoyaltyTierAttribute.cs(32,70): warning CS8602: Dereference of a possibly null reference. [/home/runner/work/MVP-Core/MVP-Core/MVP-Core.csproj]
/home/runner/work/MVP-Core/MVP-Core/Middleware/RequireLoyaltyTierAttribute.cs(32,70): warning CS8602: Dereference of a possibly null reference. [/home/runner/work/MVP-Core/MVP-Core/MVP-Core.csproj]
/home/runner/work/MVP-Core/MVP-Core/Middleware/RequireLoyaltyTierAttribute.cs(39,37): warning CS8602: Dereference of a possibly null reference. [/home/runner/work/MVP-Core/MVP-Core/MVP-Core.csproj]
/home/runner/work/MVP-Core/MVP-Core/Pages/Technician/TrainingCenter.cshtml.cs(43,42): warning CS1998: This async method lacks 'await' operators and will run synchronously. Consider using the 'await' operator to await non-blocking API calls, or 'await Task.Run(...)' to do CPU-bound work on a background thread. [/home/runner/work/MVP-Core/MVP-Core/MVP-Core.csproj]
/home/runner/work/MVP-Core/MVP-Core/Pages/Admin/BehaviorCenter.cshtml.cs(15,12): warning CS8618: Non-nullable property 'TechFilter' must contain a non-null value when exiting constructor. Consider declaring the property as nullable. [/home/runner/work/MVP-Core/MVP-Core/MVP-Core.csproj]
/home/runner/work/MVP-Core/MVP-Core/Pages/Admin/BehaviorCenter.cshtml.cs(15,12): warning CS8618: Non-nullable property 'DateFilter' must contain a non-null value when exiting constructor. Consider declaring the property as nullable. [/home/runner/work/MVP-Core/MVP-Core/MVP-Core.csproj]
/home/runner/work/MVP-Core/MVP-Core/Pages/Admin/BehaviorCenter.cshtml.cs(15,12): warning CS8618: Non-nullable property 'SeverityFilter' must contain a non-null value when exiting constructor. Consider declaring the property as nullable. [/home/runner/work/MVP-Core/MVP-Core/MVP-Core.csproj]
/home/runner/work/MVP-Core/MVP-Core/Pages/Admin/BehaviorCenter.cshtml.cs(15,12): warning CS8618: Non-nullable property 'StatusMessage' must contain a non-null value when exiting constructor. Consider declaring the property as nullable. [/home/runner/work/MVP-Core/MVP-Core/MVP-Core.csproj]
/home/runner/work/MVP-Core/MVP-Core/Services/Tenant/TenantResolver.cs(41,49): warning CS8604: Possible null reference argument for parameter 'value' in 'void SessionExtensions.SetString(ISession session, string key, string value)'. [/home/runner/work/MVP-Core/MVP-Core/MVP-Core.csproj]
/home/runner/work/MVP-Core/MVP-Core/Services/Tenant/TenantResolver.cs(53,53): warning CS8604: Possible null reference argument for parameter 'value' in 'void SessionExtensions.SetString(ISession session, string key, string value)'. [/home/runner/work/MVP-Core/MVP-Core/MVP-Core.csproj]
/home/runner/work/MVP-Core/MVP-Core/Program.cs(17,1): error CS0103: The name 'Diagnostics' does not exist in the current context [/home/runner/work/MVP-Core/MVP-Core/MVP-Core.csproj]
/home/runner/work/MVP-Core/MVP-Core/Program.cs(29,37): error CS0234: The type or namespace name 'SEOService' does not exist in the namespace 'Services' (are you missing an assembly reference?) [/home/runner/work/MVP-Core/MVP-Core/MVP-Core.csproj]
/home/runner/work/MVP-Core/MVP-Core/Program.cs(31,43): error CS0234: The type or namespace name 'IRootCauseCorrelationEngine' does not exist in the namespace 'Services.Admin' (are you missing an assembly reference?) [/home/runner/work/MVP-Core/MVP-Core/MVP-Core.csproj]
/home/runner/work/MVP-Core/MVP-Core/Program.cs(31,87): error CS0234: The type or namespace name 'RootCauseCorrelationEngine' does not exist in the namespace 'Services.Admin' (are you missing an assembly reference?) [/home/runner/work/MVP-Core/MVP-Core/MVP-Core.csproj]
/home/runner/work/MVP-Core/MVP-Core/Program.cs(32,43): error CS0234: The type or namespace name 'IReplayEngineService' does not exist in the namespace 'Services.Admin' (are you missing an assembly reference?) [/home/runner/work/MVP-Core/MVP-Core/MVP-Core.csproj]
/home/runner/work/MVP-Core/MVP-Core/Program.cs(32,18): error CS0311: The type 'Services.Admin.ReplayEngineService' cannot be used as type parameter 'TImplementation' in the generic type or method 'ServiceCollectionServiceExtensions.AddScoped<TService, TImplementation>(IServiceCollection)'. There is no implicit reference conversion from 'Services.Admin.ReplayEngineService' to 'Services.Admin.IReplayEngineService'. [/home/runner/work/MVP-Core/MVP-Core/MVP-Core.csproj]
/home/runner/work/MVP-Core/MVP-Core/Program.cs(33,43): error CS0234: The type or namespace name 'ISmartAdminAlertsService' does not exist in the namespace 'Services.Admin' (are you missing an assembly reference?) [/home/runner/work/MVP-Core/MVP-Core/MVP-Core.csproj]
/home/runner/work/MVP-Core/MVP-Core/Program.cs(33,18): error CS0311: The type 'Services.Admin.SmartAdminAlertsService' cannot be used as type parameter 'TImplementation' in the generic type or method 'ServiceCollectionServiceExtensions.AddScoped<TService, TImplementation>(IServiceCollection)'. There is no implicit reference conversion from 'Services.Admin.SmartAdminAlertsService' to 'Services.Admin.ISmartAdminAlertsService'. [/home/runner/work/MVP-Core/MVP-Core/MVP-Core.csproj]
/home/runner/work/MVP-Core/MVP-Core/Program.cs(44,37): error CS0234: The type or namespace name 'ILeaderboardService' does not exist in the namespace 'Services' (are you missing an assembly reference?) [/home/runner/work/MVP-Core/MVP-Core/MVP-Core.csproj]
/home/runner/work/MVP-Core/MVP-Core/Program.cs(44,67): error CS0234: The type or namespace name 'LeaderboardService' does not exist in the namespace 'Services' (are you missing an assembly reference?) [/home/runner/work/MVP-Core/MVP-Core/MVP-Core.csproj]
/home/runner/work/MVP-Core/MVP-Core/ViewModels/DiagnosticResultsViewModel.cs(6,19): warning CS8618: Non-nullable property 'TenantName' must contain a non-null value when exiting constructor. Consider declaring the property as nullable. [/home/runner/work/MVP-Core/MVP-Core/MVP-Core.csproj]
/home/runner/work/MVP-Core/MVP-Core/ViewModels/DiagnosticResultsViewModel.cs(7,19): warning CS8618: Non-nullable property 'LicenseStatus' must contain a non-null value when exiting constructor. Consider declaring the property as nullable. [/home/runner/work/MVP-Core/MVP-Core/MVP-Core.csproj]
/home/runner/work/MVP-Core/MVP-Core/ViewModels/DiagnosticResultsViewModel.cs(8,19): warning CS8618: Non-nullable property 'InsuranceStatus' must contain a non-null value when exiting constructor. Consider declaring the property as nullable. [/home/runner/work/MVP-Core/MVP-Core/MVP-Core.csproj]
/home/runner/work/MVP-Core/MVP-Core/ViewModels/DiagnosticResultsViewModel.cs(9,19): warning CS8618: Non-nullable property 'CertStatus' must contain a non-null value when exiting constructor. Consider declaring the property as nullable. [/home/runner/work/MVP-Core/MVP-Core/MVP-Core.csproj]
/home/runner/work/MVP-Core/MVP-Core/ViewModels/DiagnosticResultsViewModel.cs(10,19): warning CS8618: Non-nullable property 'ProBadgeStatus' must contain a non-null value when exiting constructor. Consider declaring the property as nullable. [/home/runner/work/MVP-Core/MVP-Core/MVP-Core.csproj]
/home/runner/work/MVP-Core/MVP-Core/ViewModels/DiagnosticResultsViewModel.cs(11,19): warning CS8618: Non-nullable property 'OverrideEligible' must contain a non-null value when exiting constructor. Consider declaring the property as nullable. [/home/runner/work/MVP-Core/MVP-Core/MVP-Core.csproj]
/home/runner/work/MVP-Core/MVP-Core/Services/Technician/AutoNotificationService.cs(30,49): error CS0246: The type or namespace name 'TechnicianAlertLog' could not be found (are you missing a using directive or an assembly reference?) [/home/runner/work/MVP-Core/MVP-Core/MVP-Core.csproj]
/home/runner/work/MVP-Core/MVP-Core/Services/Technician/AutoNotificationService.cs(27,54): warning CS8604: Possible null reference argument for parameter 'recipient' in 'Task NotificationService.SendAsync(object recipient, string message)'. [/home/runner/work/MVP-Core/MVP-Core/MVP-Core.csproj]
/home/runner/work/MVP-Core/MVP-Core/Services/Stats/LeaderboardService.cs(13,25): error CS0117: 'TechnicianViewModel' does not contain a definition for 'TechnicianName' [/home/runner/work/MVP-Core/MVP-Core/MVP-Core.csproj]
/home/runner/work/MVP-Core/MVP-Core/Services/Stats/LeaderboardService.cs(13,55): error CS0117: 'TechnicianViewModel' does not contain a definition for 'CurrentTier' [/home/runner/work/MVP-Core/MVP-Core/MVP-Core.csproj]
/home/runner/work/MVP-Core/MVP-Core/Services/Stats/LeaderboardService.cs(13,77): error CS0117: 'TechnicianViewModel' does not contain a definition for 'TotalPoints' [/home/runner/work/MVP-Core/MVP-Core/MVP-Core.csproj]
/home/runner/work/MVP-Core/MVP-Core/Services/Stats/LeaderboardService.cs(13,95): error CS0117: 'TechnicianViewModel' does not contain a definition for 'LastRewardSentAt' [/home/runner/work/MVP-Core/MVP-Core/MVP-Core.csproj]
/home/runner/work/MVP-Core/MVP-Core/Services/Stats/LeaderboardService.cs(13,131): error CS0117: 'TechnicianViewModel' does not contain a definition for 'IsEligibleForReward' [/home/runner/work/MVP-Core/MVP-Core/MVP-Core.csproj]
/home/runner/work/MVP-Core/MVP-Core/Services/Stats/LeaderboardService.cs(14,25): error CS0117: 'TechnicianViewModel' does not contain a definition for 'TechnicianName' [/home/runner/work/MVP-Core/MVP-Core/MVP-Core.csproj]
/home/runner/work/MVP-Core/MVP-Core/Services/Stats/LeaderboardService.cs(14,54): error CS0117: 'TechnicianViewModel' does not contain a definition for 'CurrentTier' [/home/runner/work/MVP-Core/MVP-Core/MVP-Core.csproj]
/home/runner/work/MVP-Core/MVP-Core/Services/Stats/LeaderboardService.cs(14,78): error CS0117: 'TechnicianViewModel' does not contain a definition for 'TotalPoints' [/home/runner/work/MVP-Core/MVP-Core/MVP-Core.csproj]
/home/runner/work/MVP-Core/MVP-Core/Services/Stats/LeaderboardService.cs(14,96): error CS0117: 'TechnicianViewModel' does not contain a definition for 'LastRewardSentAt' [/home/runner/work/MVP-Core/MVP-Core/MVP-Core.csproj]
/home/runner/work/MVP-Core/MVP-Core/Services/Stats/LeaderboardService.cs(14,132): error CS0117: 'TechnicianViewModel' does not contain a definition for 'IsEligibleForReward' [/home/runner/work/MVP-Core/MVP-Core/MVP-Core.csproj]
/home/runner/work/MVP-Core/MVP-Core/Services/ServiceRequestService.cs(109,13): warning CS4014: Because this call is not awaited, execution of the current method continues before the call is completed. Consider applying the 'await' operator to the result of the call. [/home/runner/work/MVP-Core/MVP-Core/MVP-Core.csproj]
/home/runner/work/MVP-Core/MVP-Core/Services/ServiceRequestService.cs(64,25): warning CS8601: Possible null reference assignment. [/home/runner/work/MVP-Core/MVP-Core/MVP-Core.csproj]
/home/runner/work/MVP-Core/MVP-Core/Services/ServiceRequestService.cs(65,27): warning CS8601: Possible null reference assignment. [/home/runner/work/MVP-Core/MVP-Core/MVP-Core.csproj]
/home/runner/work/MVP-Core/MVP-Core/Services/ServiceRequestService.cs(67,34): warning CS8601: Possible null reference assignment. [/home/runner/work/MVP-Core/MVP-Core/MVP-Core.csproj]
/home/runner/work/MVP-Core/MVP-Core/Services/Scheduled/PatchBadgeHostedService.cs(49,86): error CS0117: 'PatchSystemLog' does not contain a definition for 'Message' [/home/runner/work/MVP-Core/MVP-Core/MVP-Core.csproj]
/home/runner/work/MVP-Core/MVP-Core/Services/Reports/TechnicianReportService.cs(85,17): error CS0117: 'ReportComparison' does not contain a definition for 'TechnicianIds' [/home/runner/work/MVP-Core/MVP-Core/MVP-Core.csproj]
/home/runner/work/MVP-Core/MVP-Core/Services/Reports/TechnicianReportService.cs(86,17): error CS0117: 'ReportComparison' does not contain a definition for 'FromDate' [/home/runner/work/MVP-Core/MVP-Core/MVP-Core.csproj]
/home/runner/work/MVP-Core/MVP-Core/Services/Reports/TechnicianReportService.cs(87,17): error CS0117: 'ReportComparison' does not contain a definition for 'ToDate' [/home/runner/work/MVP-Core/MVP-Core/MVP-Core.csproj]
/home/runner/work/MVP-Core/MVP-Core/Services/Reports/TechnicianReportService.cs(88,17): error CS0117: 'ReportComparison' does not contain a definition for 'ComparisonData' [/home/runner/work/MVP-Core/MVP-Core/MVP-Core.csproj]
/home/runner/work/MVP-Core/MVP-Core/Services/ReplayEngineService.cs(16,47): error CS0246: The type or namespace name 'DefaultUserContext' could not be found (are you missing a using directive or an assembly reference?) [/home/runner/work/MVP-Core/MVP-Core/MVP-Core.csproj]
/home/runner/work/MVP-Core/MVP-Core/Services/PatchReputationEngine.cs(38,72): error CS1061: 'double' does not contain a definition for 'HasValue' and no accessible extension method 'HasValue' accepting a first argument of type 'double' could be found (are you missing a using directive or an assembly reference?) [/home/runner/work/MVP-Core/MVP-Core/MVP-Core.csproj]
/home/runner/work/MVP-Core/MVP-Core/Services/PatchReputationEngine.cs(38,109): error CS1061: 'double' does not contain a definition for 'Value' and no accessible extension method 'Value' accepting a first argument of type 'double' could be found (are you missing a using directive or an assembly reference?) [/home/runner/work/MVP-Core/MVP-Core/MVP-Core.csproj]
/home/runner/work/MVP-Core/MVP-Core/Services/PatchReputationEngine.cs(96,37): error CS0019: Operator '??' cannot be applied to operands of type 'double' and 'int' [/home/runner/work/MVP-Core/MVP-Core/MVP-Core.csproj]
/home/runner/work/MVP-Core/MVP-Core/Services/PatchReputationEngine.cs(93,29): warning CS0472: The result of the expression is always 'true' since a value of type 'double' is never equal to 'null' of type 'double?' [/home/runner/work/MVP-Core/MVP-Core/MVP-Core.csproj]
/home/runner/work/MVP-Core/MVP-Core/Services/Metrics/ForecastingEngine.cs(24,144): warning CS8629: Nullable value type may be null. [/home/runner/work/MVP-Core/MVP-Core/MVP-Core.csproj]
/home/runner/work/MVP-Core/MVP-Core/Services/MediaUploadService.cs(112,22): warning CS8602: Dereference of a possibly null reference. [/home/runner/work/MVP-Core/MVP-Core/MVP-Core.csproj]
/home/runner/work/MVP-Core/MVP-Core/Services/Diagnostics/DiagnosticsAIService.cs(20,57): warning CS1998: This async method lacks 'await' operators and will run synchronously. Consider using the 'await' operator to await non-blocking API calls, or 'await Task.Run(...)' to do CPU-bound work on a background thread. [/home/runner/work/MVP-Core/MVP-Core/MVP-Core.csproj]
/home/runner/work/MVP-Core/MVP-Core/Services/CustomerTicketAnalyticsService.cs(35,43): warning CS8629: Nullable value type may be null. [/home/runner/work/MVP-Core/MVP-Core/MVP-Core.csproj]
/home/runner/work/MVP-Core/MVP-Core/Services/CustomerTicketAnalyticsService.cs(47,30): warning CS8629: Nullable value type may be null. [/home/runner/work/MVP-Core/MVP-Core/MVP-Core.csproj]
/home/runner/work/MVP-Core/MVP-Core/Services/Compliance/ComplianceEnforcementService.cs(19,50): warning CS1998: This async method lacks 'await' operators and will run synchronously. Consider using the 'await' operator to await non-blocking API calls, or 'await Task.Run(...)' to do CPU-bound work on a background thread. [/home/runner/work/MVP-Core/MVP-Core/MVP-Core.csproj]
/home/runner/work/MVP-Core/MVP-Core/Services/Compliance/ComplianceEnforcementService.cs(30,27): warning CS1998: This async method lacks 'await' operators and will run synchronously. Consider using the 'await' operator to await non-blocking API calls, or 'await Task.Run(...)' to do CPU-bound work on a background thread. [/home/runner/work/MVP-Core/MVP-Core/MVP-Core.csproj]
/home/runner/work/MVP-Core/MVP-Core/Services/Background/RoastEvolutionHostedService.cs(14,16): warning CS8618: Non-nullable field '_timer' must contain a non-null value when exiting constructor. Consider declaring the field as nullable. [/home/runner/work/MVP-Core/MVP-Core/MVP-Core.csproj]
/home/runner/work/MVP-Core/MVP-Core/Services/Analytics/UserActionLogCleanupService.cs(24,30): warning CS8600: Converting null literal or possible null value to non-nullable type. [/home/runner/work/MVP-Core/MVP-Core/MVP-Core.csproj]
/home/runner/work/MVP-Core/MVP-Core/Services/Analytics/UserActionLogCleanupService.cs(26,41): warning CS8602: Dereference of a possibly null reference. [/home/runner/work/MVP-Core/MVP-Core/MVP-Core.csproj]
/home/runner/work/MVP-Core/MVP-Core/Services/Admin/TrustScoreDropAlertService.cs(66,59): warning CS1998: This async method lacks 'await' operators and will run synchronously. Consider using the 'await' operator to await non-blocking API calls, or 'await Task.Run(...)' to do CPU-bound work on a background thread. [/home/runner/work/MVP-Core/MVP-Core/MVP-Core.csproj]
/home/runner/work/MVP-Core/MVP-Core/Services/Admin/TechnicianTrustAnalyticsService.cs(33,49): error CS0234: The type or namespace name 'TechnicianHeatScoreDto' does not exist in the namespace 'MVP_Core.Pages.Admin' (are you missing an assembly reference?) [/home/runner/work/MVP-Core/MVP-Core/MVP-Core.csproj]
/home/runner/work/MVP-Core/MVP-Core/Services/Admin/TechnicianTrustAnalyticsService.cs(31,57): warning CS8602: Dereference of a possibly null reference. [/home/runner/work/MVP-Core/MVP-Core/MVP-Core.csproj]
/home/runner/work/MVP-Core/MVP-Core/Services/Admin/TechnicianTrustAnalyticsService.cs(56,55): error CS0234: The type or namespace name 'TechnicianTrendPoint' does not exist in the namespace 'MVP_Core.Pages.Admin' (are you missing an assembly reference?) [/home/runner/work/MVP-Core/MVP-Core/MVP-Core.csproj]
/home/runner/work/MVP-Core/MVP-Core/Services/Admin/TechnicianResponseService.cs(57,157): warning CS8629: Nullable value type may be null. [/home/runner/work/MVP-Core/MVP-Core/MVP-Core.csproj]
/home/runner/work/MVP-Core/MVP-Core/Services/Admin/TechnicianInsightService.cs(26,50): warning CS8629: Nullable value type may be null. [/home/runner/work/MVP-Core/MVP-Core/MVP-Core.csproj]
/home/runner/work/MVP-Core/MVP-Core/Services/Admin/TechnicianInsightService.cs(25,97): warning CS8073: The result of the expression is always 'true' since a value of type 'DateTime' is never equal to 'null' of type 'DateTime?' [/home/runner/work/MVP-Core/MVP-Core/MVP-Core.csproj]
/home/runner/work/MVP-Core/MVP-Core/Services/Admin/TechnicianBehaviorAnalyzerService.cs(37,42): error CS0104: 'TechnicianBehaviorLog' is an ambiguous reference between 'Data.Models.TechnicianBehaviorLog' and 'Models.TechnicianBehaviorLog' [/home/runner/work/MVP-Core/MVP-Core/MVP-Core.csproj]
/home/runner/work/MVP-Core/MVP-Core/Services/Admin/TechnicianBehaviorAnalyzerService.cs(52,46): error CS0104: 'TechnicianBehaviorLog' is an ambiguous reference between 'Data.Models.TechnicianBehaviorLog' and 'Models.TechnicianBehaviorLog' [/home/runner/work/MVP-Core/MVP-Core/MVP-Core.csproj]
/home/runner/work/MVP-Core/MVP-Core/Services/Admin/TechnicianBehaviorAnalyzerService.cs(70,46): error CS0104: 'TechnicianBehaviorLog' is an ambiguous reference between 'Data.Models.TechnicianBehaviorLog' and 'Models.TechnicianBehaviorLog' [/home/runner/work/MVP-Core/MVP-Core/MVP-Core.csproj]
/home/runner/work/MVP-Core/MVP-Core/Services/Admin/SprintPdfArchive.cs(87,29): warning CS0618: 'ImageExtensions.Image(IContainer, string, ImageScaling)' is obsolete: 'This element has been changed since version 2023.5. Please use the Image method overload that returns the ImageDescriptor object.' [/home/runner/work/MVP-Core/MVP-Core/MVP-Core.csproj]
/home/runner/work/MVP-Core/MVP-Core/Services/Admin/SanityShieldService.cs(32,18): warning CS0219: The variable 'shieldRoast' is assigned but its value is never used [/home/runner/work/MVP-Core/MVP-Core/MVP-Core.csproj]
/home/runner/work/MVP-Core/MVP-Core/Services/Admin/SanityShieldService.cs(33,18): warning CS0219: The variable 'softenEscalation' is assigned but its value is never used [/home/runner/work/MVP-Core/MVP-Core/MVP-Core.csproj]
/home/runner/work/MVP-Core/MVP-Core/Services/Admin/SanityShieldService.cs(34,18): warning CS0219: The variable 'alertSupervisor' is assigned but its value is never used [/home/runner/work/MVP-Core/MVP-Core/MVP-Core.csproj]
/home/runner/work/MVP-Core/MVP-Core/Services/Admin/ReputationGraphBuilderService.cs(56,20): warning CS8619: Nullability of reference types in value of type 'List<string?>' doesn't match target type 'List<string>'. [/home/runner/work/MVP-Core/MVP-Core/MVP-Core.csproj]
/home/runner/work/MVP-Core/MVP-Core/Services/Admin/ReplayEngineService.cs(23,47): error CS0246: The type or namespace name 'DefaultUserContext' could not be found (are you missing a using directive or an assembly reference?) [/home/runner/work/MVP-Core/MVP-Core/MVP-Core.csproj]
/home/runner/work/MVP-Core/MVP-Core/Services/Admin/ReplayEngineService.cs(28,31): error CS0234: The type or namespace name 'Text' does not exist in the namespace 'Services.System' (are you missing an assembly reference?) [/home/runner/work/MVP-Core/MVP-Core/MVP-Core.csproj]
/home/runner/work/MVP-Core/MVP-Core/Services/Admin/RecoveryAILearningService.cs(56,35): error CS0029: Cannot implicitly convert type 'RecoveryScenarioLog' to 'string' [/home/runner/work/MVP-Core/MVP-Core/MVP-Core.csproj]
/home/runner/work/MVP-Core/MVP-Core/Services/Admin/RecoveryAILearningService.cs(57,38): error CS0029: Cannot implicitly convert type 'Data.Models.ServiceRequest' to 'string' [/home/runner/work/MVP-Core/MVP-Core/MVP-Core.csproj]
/home/runner/work/MVP-Core/MVP-Core/Services/Admin/RecoveryAILearningService.cs(52,35): warning CS8601: Possible null reference assignment. [/home/runner/work/MVP-Core/MVP-Core/MVP-Core.csproj]
/home/runner/work/MVP-Core/MVP-Core/Services/Admin/RecoveryAILearningService.cs(56,35): warning CS8601: Possible null reference assignment. [/home/runner/work/MVP-Core/MVP-Core/MVP-Core.csproj]
/home/runner/work/MVP-Core/MVP-Core/Services/Admin/RecoveryAILearningService.cs(57,38): warning CS8601: Possible null reference assignment. [/home/runner/work/MVP-Core/MVP-Core/MVP-Core.csproj]
/home/runner/work/MVP-Core/MVP-Core/Data/Models/TechnicianReportFeedback.cs(11,23): warning CS8618: Non-nullable property 'FeedbackNotes' must contain a non-null value when exiting constructor. Consider declaring the property as nullable. [/home/runner/work/MVP-Core/MVP-Core/MVP-Core.csproj]
/home/runner/work/MVP-Core/MVP-Core/Data/Models/TechnicianReport.cs(11,23): warning CS8618: Non-nullable property 'Title' must contain a non-null value when exiting constructor. Consider declaring the property as nullable. [/home/runner/work/MVP-Core/MVP-Core/MVP-Core.csproj]
/home/runner/work/MVP-Core/MVP-Core/Data/Models/TechnicianReport.cs(12,23): warning CS8618: Non-nullable property 'WorkSummary' must contain a non-null value when exiting constructor. Consider declaring the property as nullable. [/home/runner/work/MVP-Core/MVP-Core/MVP-Core.csproj]
/home/runner/work/MVP-Core/MVP-Core/Data/Models/TechnicianReport.cs(13,23): warning CS8618: Non-nullable property 'AIAnalysis' must contain a non-null value when exiting constructor. Consider declaring the property as nullable. [/home/runner/work/MVP-Core/MVP-Core/MVP-Core.csproj]
/home/runner/work/MVP-Core/MVP-Core/Data/Models/TechnicianReport.cs(14,23): warning CS8618: Non-nullable property 'Recommendations' must contain a non-null value when exiting constructor. Consider declaring the property as nullable. [/home/runner/work/MVP-Core/MVP-Core/MVP-Core.csproj]
/home/runner/work/MVP-Core/MVP-Core/Services/Admin/IntegrityScoringService.cs(42,20): warning CS8602: Dereference of a possibly null reference. [/home/runner/work/MVP-Core/MVP-Core/MVP-Core.csproj]
/home/runner/work/MVP-Core/MVP-Core/Data/Models/ReviewResponseLog.cs(15,23): warning CS8618: Non-nullable property 'CustomerName' must contain a non-null value when exiting constructor. Consider declaring the property as nullable. [/home/runner/work/MVP-Core/MVP-Core/MVP-Core.csproj]
/home/runner/work/MVP-Core/MVP-Core/Data/Models/ReviewResponseLog.cs(20,23): warning CS8618: Non-nullable property 'Platform' must contain a non-null value when exiting constructor. Consider declaring the property as nullable. [/home/runner/work/MVP-Core/MVP-Core/MVP-Core.csproj]
/home/runner/work/MVP-Core/MVP-Core/Data/Models/ReviewResponseLog.cs(25,23): warning CS8618: Non-nullable property 'Review' must contain a non-null value when exiting constructor. Consider declaring the property as nullable. [/home/runner/work/MVP-Core/MVP-Core/MVP-Core.csproj]
/home/runner/work/MVP-Core/MVP-Core/Data/Models/ReviewResponseLog.cs(30,23): warning CS8618: Non-nullable property 'Response' must contain a non-null value when exiting constructor. Consider declaring the property as nullable. [/home/runner/work/MVP-Core/MVP-Core/MVP-Core.csproj]
/home/runner/work/MVP-Core/MVP-Core/Data/Models/ReviewResponseLog.cs(35,23): warning CS8618: Non-nullable property 'TechName' must contain a non-null value when exiting constructor. Consider declaring the property as nullable. [/home/runner/work/MVP-Core/MVP-Core/MVP-Core.csproj]
/home/runner/work/MVP-Core/MVP-Core/Data/Models/ReviewResponseLog.cs(40,23): warning CS8618: Non-nullable property 'ZipCode' must contain a non-null value when exiting constructor. Consider declaring the property as nullable. [/home/runner/work/MVP-Core/MVP-Core/MVP-Core.csproj]
/home/runner/work/MVP-Core/MVP-Core/Data/Models/ReviewResponseLog.cs(45,23): warning CS8618: Non-nullable property 'ServiceAddress' must contain a non-null value when exiting constructor. Consider declaring the property as nullable. [/home/runner/work/MVP-Core/MVP-Core/MVP-Core.csproj]
/home/runner/work/MVP-Core/MVP-Core/Data/Models/NovaIntel/NovaDecisionMemory.cs(9,23): warning CS8618: Non-nullable property 'DecisionType' must contain a non-null value when exiting constructor. Consider declaring the property as nullable. [/home/runner/work/MVP-Core/MVP-Core/MVP-Core.csproj]
/home/runner/work/MVP-Core/MVP-Core/Data/Models/NovaIntel/NovaDecisionMemory.cs(10,23): warning CS8618: Non-nullable property 'ReasonProvided' must contain a non-null value when exiting constructor. Consider declaring the property as nullable. [/home/runner/work/MVP-Core/MVP-Core/MVP-Core.csproj]
/home/runner/work/MVP-Core/MVP-Core/Data/Models/NovaIntel/NovaDecisionMemory.cs(11,23): warning CS8618: Non-nullable property 'InitiatedBy' must contain a non-null value when exiting constructor. Consider declaring the property as nullable. [/home/runner/work/MVP-Core/MVP-Core/MVP-Core.csproj]
/home/runner/work/MVP-Core/MVP-Core/Data/Models/NovaIntel/NovaDecisionMemory.cs(13,23): warning CS8618: Non-nullable property 'LinkedObjectType' must contain a non-null value when exiting constructor. Consider declaring the property as nullable. [/home/runner/work/MVP-Core/MVP-Core/MVP-Core.csproj]
/home/runner/work/MVP-Core/MVP-Core/Data/Models/NovaIntel/NovaDecisionMemory.cs(14,23): warning CS8618: Non-nullable property 'LinkedObjectId' must contain a non-null value when exiting constructor. Consider declaring the property as nullable. [/home/runner/work/MVP-Core/MVP-Core/MVP-Core.csproj]
/home/runner/work/MVP-Core/MVP-Core/Pages/Technician/Reviews.cshtml.cs(19,16): warning CS8618: Non-nullable property 'TechnicianDetail' must contain a non-null value when exiting constructor. Consider declaring the property as nullable. [/home/runner/work/MVP-Core/MVP-Core/MVP-Core.csproj]
/home/runner/work/MVP-Core/MVP-Core/Services/Admin/ExecutiveSnapshotService.cs(35,48): warning CS8629: Nullable value type may be null. [/home/runner/work/MVP-Core/MVP-Core/MVP-Core.csproj]
/home/runner/work/MVP-Core/MVP-Core/Services/Admin/ExecutiveSnapshotService.cs(48,36): warning CS8629: Nullable value type may be null. [/home/runner/work/MVP-Core/MVP-Core/MVP-Core.csproj]
/home/runner/work/MVP-Core/MVP-Core/Services/Admin/ExecutiveSnapshotService.cs(33,108): warning CS8073: The result of the expression is always 'true' since a value of type 'DateTime' is never equal to 'null' of type 'DateTime?' [/home/runner/work/MVP-Core/MVP-Core/MVP-Core.csproj]
/home/runner/work/MVP-Core/MVP-Core/Pages/Submit.cshtml.cs(44,37): error CS1061: 'string' does not contain a definition for 'Title' and no accessible extension method 'Title' accepting a first argument of type 'string' could be found (are you missing a using directive or an assembly reference?) [/home/runner/work/MVP-Core/MVP-Core/MVP-Core.csproj]
/home/runner/work/MVP-Core/MVP-Core/Pages/Submit.cshtml.cs(45,47): error CS1061: 'string' does not contain a definition for 'MetaDescription' and no accessible extension method 'MetaDescription' accepting a first argument of type 'string' could be found (are you missing a using directive or an assembly reference?) [/home/runner/work/MVP-Core/MVP-Core/MVP-Core.csproj]
/home/runner/work/MVP-Core/MVP-Core/Pages/Submit.cshtml.cs(46,40): error CS1061: 'string' does not contain a definition for 'Keywords' and no accessible extension method 'Keywords' accepting a first argument of type 'string' could be found (are you missing a using directive or an assembly reference?) [/home/runner/work/MVP-Core/MVP-Core/MVP-Core.csproj]
/home/runner/work/MVP-Core/MVP-Core/Pages/Submit.cshtml.cs(47,38): error CS1061: 'string' does not contain a definition for 'Robots' and no accessible extension method 'Robots' accepting a first argument of type 'string' could be found (are you missing a using directive or an assembly reference?) [/home/runner/work/MVP-Core/MVP-Core/MVP-Core.csproj]
/home/runner/work/MVP-Core/MVP-Core/Pages/Shared/_Layout.cshtml.cs(19,38): error CS1061: 'IDeviceResolver' does not contain a definition for 'Device' and no accessible extension method 'Device' accepting a first argument of type 'IDeviceResolver' could be found (are you missing a using directive or an assembly reference?) [/home/runner/work/MVP-Core/MVP-Core/MVP-Core.csproj]
/home/runner/work/MVP-Core/MVP-Core/Pages/Shared/ThankYou.cshtml.cs(19,41): error CS1061: 'string' does not contain a definition for 'Title' and no accessible extension method 'Title' accepting a first argument of type 'string' could be found (are you missing a using directive or an assembly reference?) [/home/runner/work/MVP-Core/MVP-Core/MVP-Core.csproj]
/home/runner/work/MVP-Core/MVP-Core/Pages/Shared/ThankYou.cshtml.cs(20,51): error CS1061: 'string' does not contain a definition for 'MetaDescription' and no accessible extension method 'MetaDescription' accepting a first argument of type 'string' could be found (are you missing a using directive or an assembly reference?) [/home/runner/work/MVP-Core/MVP-Core/MVP-Core.csproj]
/home/runner/work/MVP-Core/MVP-Core/Pages/Shared/ThankYou.cshtml.cs(21,44): error CS1061: 'string' does not contain a definition for 'Keywords' and no accessible extension method 'Keywords' accepting a first argument of type 'string' could be found (are you missing a using directive or an assembly reference?) [/home/runner/work/MVP-Core/MVP-Core/MVP-Core.csproj]
/home/runner/work/MVP-Core/MVP-Core/Pages/Shared/ThankYou.cshtml.cs(22,42): error CS1061: 'string' does not contain a definition for 'Robots' and no accessible extension method 'Robots' accepting a first argument of type 'string' could be found (are you missing a using directive or an assembly reference?) [/home/runner/work/MVP-Core/MVP-Core/MVP-Core.csproj]
/home/runner/work/MVP-Core/MVP-Core/Pages/Tech/Dashboard.cshtml.cs(37,42): warning CS1998: This async method lacks 'await' operators and will run synchronously. Consider using the 'await' operator to await non-blocking API calls, or 'await Task.Run(...)' to do CPU-bound work on a background thread. [/home/runner/work/MVP-Core/MVP-Core/MVP-Core.csproj]
/home/runner/work/MVP-Core/MVP-Core/Data/ApplicationDbContext.cs(319,37): error CS0104: 'TechnicianBehaviorLog' is an ambiguous reference between 'Data.Models.TechnicianBehaviorLog' and 'Models.TechnicianBehaviorLog' [/home/runner/work/MVP-Core/MVP-Core/MVP-Core.csproj]
/home/runner/work/MVP-Core/MVP-Core/Services/Admin/DispatcherService.cs(373,24): warning CS8603: Possible null reference return. [/home/runner/work/MVP-Core/MVP-Core/MVP-Core.csproj]
/home/runner/work/MVP-Core/MVP-Core/Services/Admin/DispatcherService.cs(378,24): warning CS8603: Possible null reference return. [/home/runner/work/MVP-Core/MVP-Core/MVP-Core.csproj]
/home/runner/work/MVP-Core/MVP-Core/Services/Admin/DispatcherService.cs(388,20): warning CS8603: Possible null reference return. [/home/runner/work/MVP-Core/MVP-Core/MVP-Core.csproj]
/home/runner/work/MVP-Core/MVP-Core/Services/Admin/DispatcherService.cs(492,17): warning CS0219: The variable 'maxJobsPerTech' is assigned but its value is never used [/home/runner/work/MVP-Core/MVP-Core/MVP-Core.csproj]
/home/runner/work/MVP-Core/MVP-Core/Services/Admin/DispatcherService.cs(686,20): warning CS8603: Possible null reference return. [/home/runner/work/MVP-Core/MVP-Core/MVP-Core.csproj]
/home/runner/work/MVP-Core/MVP-Core/Services/Admin/DispatcherService.cs(777,30): warning CS8601: Possible null reference assignment. [/home/runner/work/MVP-Core/MVP-Core/MVP-Core.csproj]
/home/runner/work/MVP-Core/MVP-Core/Services/Admin/DispatcherService.cs(819,30): warning CS8601: Possible null reference assignment. [/home/runner/work/MVP-Core/MVP-Core/MVP-Core.csproj]
/home/runner/work/MVP-Core/MVP-Core/Services/Admin/DispatcherService.cs(809,91): warning CS1998: This async method lacks 'await' operators and will run synchronously. Consider using the 'await' operator to await non-blocking API calls, or 'await Task.Run(...)' to do CPU-bound work on a background thread. [/home/runner/work/MVP-Core/MVP-Core/MVP-Core.csproj]
/home/runner/work/MVP-Core/MVP-Core/Services/Admin/BlueprintGen.cs(11,29): error CS0234: The type or namespace name 'IO' does not exist in the namespace 'Services.System' (are you missing an assembly reference?) [/home/runner/work/MVP-Core/MVP-Core/MVP-Core.csproj]
/home/runner/work/MVP-Core/MVP-Core/Services/Admin/BlueprintGen.cs(12,30): error CS0234: The type or namespace name 'IO' does not exist in the namespace 'Services.System' (are you missing an assembly reference?) [/home/runner/work/MVP-Core/MVP-Core/MVP-Core.csproj]
/home/runner/work/MVP-Core/MVP-Core/Services/Admin/BlueprintGen.cs(13,31): error CS0234: The type or namespace name 'IO' does not exist in the namespace 'Services.System' (are you missing an assembly reference?) [/home/runner/work/MVP-Core/MVP-Core/MVP-Core.csproj]
/home/runner/work/MVP-Core/MVP-Core/Services/Admin/BlueprintGen.cs(15,13): error CS0234: The type or namespace name 'Console' does not exist in the namespace 'Services.System' (are you missing an assembly reference?) [/home/runner/work/MVP-Core/MVP-Core/MVP-Core.csproj]
/home/runner/work/MVP-Core/MVP-Core/Pages/Services/WaterFiltration.cshtml.cs(58,37): error CS1061: 'string' does not contain a definition for 'Title' and no accessible extension method 'Title' accepting a first argument of type 'string' could be found (are you missing a using directive or an assembly reference?) [/home/runner/work/MVP-Core/MVP-Core/MVP-Core.csproj]
/home/runner/work/MVP-Core/MVP-Core/Pages/Services/WaterFiltration.cshtml.cs(59,47): error CS1061: 'string' does not contain a definition for 'MetaDescription' and no accessible extension method 'MetaDescription' accepting a first argument of type 'string' could be found (are you missing a using directive or an assembly reference?) [/home/runner/work/MVP-Core/MVP-Core/MVP-Core.csproj]
/home/runner/work/MVP-Core/MVP-Core/Pages/Services/WaterFiltration.cshtml.cs(60,40): error CS1061: 'string' does not contain a definition for 'Keywords' and no accessible extension method 'Keywords' accepting a first argument of type 'string' could be found (are you missing a using directive or an assembly reference?) [/home/runner/work/MVP-Core/MVP-Core/MVP-Core.csproj]
/home/runner/work/MVP-Core/MVP-Core/Pages/Services/WaterFiltration.cshtml.cs(61,38): error CS1061: 'string' does not contain a definition for 'Robots' and no accessible extension method 'Robots' accepting a first argument of type 'string' could be found (are you missing a using directive or an assembly reference?) [/home/runner/work/MVP-Core/MVP-Core/MVP-Core.csproj]
/home/runner/work/MVP-Core/MVP-Core/Pages/Services/ThankYou.cshtml.cs(38,50): error CS1061: 'ISeoService' does not contain a definition for 'GetSeoMetaAsync' and no accessible extension method 'GetSeoMetaAsync' accepting a first argument of type 'ISeoService' could be found (are you missing a using directive or an assembly reference?) [/home/runner/work/MVP-Core/MVP-Core/MVP-Core.csproj]
/home/runner/work/MVP-Core/MVP-Core/Pages/Services/ThankYou.cshtml.cs(95,17): error CS0118: 'ServiceRequest' is a namespace but is used like a type [/home/runner/work/MVP-Core/MVP-Core/MVP-Core.csproj]
/home/runner/work/MVP-Core/MVP-Core/Pages/Services/ServiceRequest/Start.cshtml.cs(40,42): warning CS1998: This async method lacks 'await' operators and will run synchronously. Consider using the 'await' operator to await non-blocking API calls, or 'await Task.Run(...)' to do CPU-bound work on a background thread. [/home/runner/work/MVP-Core/MVP-Core/MVP-Core.csproj]
/home/runner/work/MVP-Core/MVP-Core/Pages/Services/PlumbingFinal.cshtml.cs(63,13): error CS0118: 'ServiceRequest' is a namespace but is used like a type [/home/runner/work/MVP-Core/MVP-Core/MVP-Core.csproj]
/home/runner/work/MVP-Core/MVP-Core/Pages/Services/Plumbing.cshtml.cs(57,37): error CS1061: 'string' does not contain a definition for 'Title' and no accessible extension method 'Title' accepting a first argument of type 'string' could be found (are you missing a using directive or an assembly reference?) [/home/runner/work/MVP-Core/MVP-Core/MVP-Core.csproj]
/home/runner/work/MVP-Core/MVP-Core/Pages/Services/Plumbing.cshtml.cs(58,47): error CS1061: 'string' does not contain a definition for 'MetaDescription' and no accessible extension method 'MetaDescription' accepting a first argument of type 'string' could be found (are you missing a using directive or an assembly reference?) [/home/runner/work/MVP-Core/MVP-Core/MVP-Core.csproj]
/home/runner/work/MVP-Core/MVP-Core/Pages/Services/Plumbing.cshtml.cs(59,40): error CS1061: 'string' does not contain a definition for 'Keywords' and no accessible extension method 'Keywords' accepting a first argument of type 'string' could be found (are you missing a using directive or an assembly reference?) [/home/runner/work/MVP-Core/MVP-Core/MVP-Core.csproj]
/home/runner/work/MVP-Core/MVP-Core/Pages/Services/Plumbing.cshtml.cs(60,38): error CS1061: 'string' does not contain a definition for 'Robots' and no accessible extension method 'Robots' accepting a first argument of type 'string' could be found (are you missing a using directive or an assembly reference?) [/home/runner/work/MVP-Core/MVP-Core/MVP-Core.csproj]
/home/runner/work/MVP-Core/MVP-Core/Pages/Services/Heating.cshtml.cs(58,37): error CS1061: 'string' does not contain a definition for 'Title' and no accessible extension method 'Title' accepting a first argument of type 'string' could be found (are you missing a using directive or an assembly reference?) [/home/runner/work/MVP-Core/MVP-Core/MVP-Core.csproj]
/home/runner/work/MVP-Core/MVP-Core/Pages/Services/Heating.cshtml.cs(59,47): error CS1061: 'string' does not contain a definition for 'MetaDescription' and no accessible extension method 'MetaDescription' accepting a first argument of type 'string' could be found (are you missing a using directive or an assembly reference?) [/home/runner/work/MVP-Core/MVP-Core/MVP-Core.csproj]
/home/runner/work/MVP-Core/MVP-Core/Pages/Services/Heating.cshtml.cs(60,40): error CS1061: 'string' does not contain a definition for 'Keywords' and no accessible extension method 'Keywords' accepting a first argument of type 'string' could be found (are you missing a using directive or an assembly reference?) [/home/runner/work/MVP-Core/MVP-Core/MVP-Core.csproj]
/home/runner/work/MVP-Core/MVP-Core/Pages/Services/Heating.cshtml.cs(61,38): error CS1061: 'string' does not contain a definition for 'Robots' and no accessible extension method 'Robots' accepting a first argument of type 'string' could be found (are you missing a using directive or an assembly reference?) [/home/runner/work/MVP-Core/MVP-Core/MVP-Core.csproj]
/home/runner/work/MVP-Core/MVP-Core/Pages/Services/AirConditioning.cshtml.cs(58,37): error CS1061: 'string' does not contain a definition for 'Title' and no accessible extension method 'Title' accepting a first argument of type 'string' could be found (are you missing a using directive or an assembly reference?) [/home/runner/work/MVP-Core/MVP-Core/MVP-Core.csproj]
/home/runner/work/MVP-Core/MVP-Core/Pages/Services/AirConditioning.cshtml.cs(59,47): error CS1061: 'string' does not contain a definition for 'MetaDescription' and no accessible extension method 'MetaDescription' accepting a first argument of type 'string' could be found (are you missing a using directive or an assembly reference?) [/home/runner/work/MVP-Core/MVP-Core/MVP-Core.csproj]
/home/runner/work/MVP-Core/MVP-Core/Pages/Services/AirConditioning.cshtml.cs(60,40): error CS1061: 'string' does not contain a definition for 'Keywords' and no accessible extension method 'Keywords' accepting a first argument of type 'string' could be found (are you missing a using directive or an assembly reference?) [/home/runner/work/MVP-Core/MVP-Core/MVP-Core.csproj]
/home/runner/work/MVP-Core/MVP-Core/Pages/Services/AirConditioning.cshtml.cs(61,38): error CS1061: 'string' does not contain a definition for 'Robots' and no accessible extension method 'Robots' accepting a first argument of type 'string' could be found (are you missing a using directive or an assembly reference?) [/home/runner/work/MVP-Core/MVP-Core/MVP-Core.csproj]
/home/runner/work/MVP-Core/MVP-Core/Pages/Review.cshtml.cs(27,37): error CS1061: 'string' does not contain a definition for 'Title' and no accessible extension method 'Title' accepting a first argument of type 'string' could be found (are you missing a using directive or an assembly reference?) [/home/runner/work/MVP-Core/MVP-Core/MVP-Core.csproj]
/home/runner/work/MVP-Core/MVP-Core/Pages/Review.cshtml.cs(28,47): error CS1061: 'string' does not contain a definition for 'MetaDescription' and no accessible extension method 'MetaDescription' accepting a first argument of type 'string' could be found (are you missing a using directive or an assembly reference?) [/home/runner/work/MVP-Core/MVP-Core/MVP-Core.csproj]
/home/runner/work/MVP-Core/MVP-Core/Pages/Review.cshtml.cs(29,40): error CS1061: 'string' does not contain a definition for 'Keywords' and no accessible extension method 'Keywords' accepting a first argument of type 'string' could be found (are you missing a using directive or an assembly reference?) [/home/runner/work/MVP-Core/MVP-Core/MVP-Core.csproj]
/home/runner/work/MVP-Core/MVP-Core/Pages/Review.cshtml.cs(30,38): error CS1061: 'string' does not contain a definition for 'Robots' and no accessible extension method 'Robots' accepting a first argument of type 'string' could be found (are you missing a using directive or an assembly reference?) [/home/runner/work/MVP-Core/MVP-Core/MVP-Core.csproj]
/home/runner/work/MVP-Core/MVP-Core/Pages/Profile/ProfileReview.cshtml.cs(32,37): error CS1061: 'string' does not contain a definition for 'Title' and no accessible extension method 'Title' accepting a first argument of type 'string' could be found (are you missing a using directive or an assembly reference?) [/home/runner/work/MVP-Core/MVP-Core/MVP-Core.csproj]
/home/runner/work/MVP-Core/MVP-Core/Pages/Profile/ProfileReview.cshtml.cs(33,47): error CS1061: 'string' does not contain a definition for 'MetaDescription' and no accessible extension method 'MetaDescription' accepting a first argument of type 'string' could be found (are you missing a using directive or an assembly reference?) [/home/runner/work/MVP-Core/MVP-Core/MVP-Core.csproj]
/home/runner/work/MVP-Core/MVP-Core/Pages/Profile/ProfileReview.cshtml.cs(34,40): error CS1061: 'string' does not contain a definition for 'Keywords' and no accessible extension method 'Keywords' accepting a first argument of type 'string' could be found (are you missing a using directive or an assembly reference?) [/home/runner/work/MVP-Core/MVP-Core/MVP-Core.csproj]
/home/runner/work/MVP-Core/MVP-Core/Pages/Profile/ProfileReview.cshtml.cs(35,38): error CS1061: 'string' does not contain a definition for 'Robots' and no accessible extension method 'Robots' accepting a first argument of type 'string' could be found (are you missing a using directive or an assembly reference?) [/home/runner/work/MVP-Core/MVP-Core/MVP-Core.csproj]
/home/runner/work/MVP-Core/MVP-Core/Pages/Matchups/Search.cshtml.cs(40,51): error CS1061: 'string' does not contain a definition for 'MetaDescription' and no accessible extension method 'MetaDescription' accepting a first argument of type 'string' could be found (are you missing a using directive or an assembly reference?) [/home/runner/work/MVP-Core/MVP-Core/MVP-Core.csproj]
/home/runner/work/MVP-Core/MVP-Core/Pages/Matchups/Search.cshtml.cs(41,44): error CS1061: 'string' does not contain a definition for 'Keywords' and no accessible extension method 'Keywords' accepting a first argument of type 'string' could be found (are you missing a using directive or an assembly reference?) [/home/runner/work/MVP-Core/MVP-Core/MVP-Core.csproj]
/home/runner/work/MVP-Core/MVP-Core/Pages/Matchups/Search.cshtml.cs(42,42): error CS1061: 'string' does not contain a definition for 'Robots' and no accessible extension method 'Robots' accepting a first argument of type 'string' could be found (are you missing a using directive or an assembly reference?) [/home/runner/work/MVP-Core/MVP-Core/MVP-Core.csproj]
/home/runner/work/MVP-Core/MVP-Core/Pages/Index.cshtml.cs(27,32): error CS0029: Cannot implicitly convert type 'string' to 'Data.Models.Seo.SeoMeta' [/home/runner/work/MVP-Core/MVP-Core/MVP-Core.csproj]
/home/runner/work/MVP-Core/MVP-Core/Pages/Customer/ServiceHistory.cshtml.cs(23,18): warning CS8602: Dereference of a possibly null reference. [/home/runner/work/MVP-Core/MVP-Core/MVP-Core.csproj]
/home/runner/work/MVP-Core/MVP-Core/Pages/Customer/Rewards.cshtml.cs(28,18): warning CS8602: Dereference of a possibly null reference. [/home/runner/work/MVP-Core/MVP-Core/MVP-Core.csproj]
/home/runner/work/MVP-Core/MVP-Core/Pages/Customer/Rewards.cshtml.cs(48,43): warning CS8600: Converting null literal or possible null value to non-nullable type. [/home/runner/work/MVP-Core/MVP-Core/MVP-Core.csproj]
/home/runner/work/MVP-Core/MVP-Core/Pages/Customer/Rewards.cshtml.cs(54,25): warning CS8604: Possible null reference argument for parameter 'dashboardUrl' in 'Task EmailService.SendTierCertificateEmailAsync(string toEmail, string customerName, string tierName, string tierDescription, string dashboardUrl, string pdfPath)'. [/home/runner/work/MVP-Core/MVP-Core/MVP-Core.csproj]
/home/runner/work/MVP-Core/MVP-Core/Pages/Customer/Portal.cshtml.cs(31,18): warning CS8602: Dereference of a possibly null reference. [/home/runner/work/MVP-Core/MVP-Core/MVP-Core.csproj]
/home/runner/work/MVP-Core/MVP-Core/Pages/Customer/Dashboard.cshtml.cs(49,101): warning CS8629: Nullable value type may be null. [/home/runner/work/MVP-Core/MVP-Core/MVP-Core.csproj]
/home/runner/work/MVP-Core/MVP-Core/Pages/Compliance/RecoveryWizard.cshtml.cs(27,42): warning CS1998: This async method lacks 'await' operators and will run synchronously. Consider using the 'await' operator to await non-blocking API calls, or 'await Task.Run(...)' to do CPU-bound work on a background thread. [/home/runner/work/MVP-Core/MVP-Core/MVP-Core.csproj]
/home/runner/work/MVP-Core/MVP-Core/Pages/AdminLogin.cshtml.cs(53,13): error CS0103: The name 'Layout' does not exist in the current context [/home/runner/work/MVP-Core/MVP-Core/MVP-Core.csproj]
/home/runner/work/MVP-Core/MVP-Core/Pages/AdminLogin.cshtml.cs(56,19): error CS0029: Cannot implicitly convert type 'string' to 'Data.Models.Seo.SeoMeta' [/home/runner/work/MVP-Core/MVP-Core/MVP-Core.csproj]
/home/runner/work/MVP-Core/MVP-Core/Pages/Admin/TrustTimeline.cshtml.cs(27,27): warning CS1998: This async method lacks 'await' operators and will run synchronously. Consider using the 'await' operator to await non-blocking API calls, or 'await Task.Run(...)' to do CPU-bound work on a background thread. [/home/runner/work/MVP-Core/MVP-Core/MVP-Core.csproj]
/home/runner/work/MVP-Core/MVP-Core/Pages/Admin/TechReportCard.cshtml.cs(159,30): warning CS0168: The variable 'ex' is declared but never used [/home/runner/work/MVP-Core/MVP-Core/MVP-Core.csproj]
/home/runner/work/MVP-Core/MVP-Core/Pages/Admin/SystemValidation.cshtml.cs(21,16): warning CS8618: Non-nullable field '_replayService' must contain a non-null value when exiting constructor. Consider declaring the field as nullable. [/home/runner/work/MVP-Core/MVP-Core/MVP-Core.csproj]
/home/runner/work/MVP-Core/MVP-Core/Pages/Admin/SystemValidation.cshtml.cs(42,27): warning CS1998: This async method lacks 'await' operators and will run synchronously. Consider using the 'await' operator to await non-blocking API calls, or 'await Task.Run(...)' to do CPU-bound work on a background thread. [/home/runner/work/MVP-Core/MVP-Core/MVP-Core.csproj]
/home/runner/work/MVP-Core/MVP-Core/Pages/Admin/SystemValidation.cshtml.cs(51,45): error CS1061: 'ValidationSimulatorService' does not contain a definition for 'RunSimulatedDiagnosticsAsync' and no accessible extension method 'RunSimulatedDiagnosticsAsync' accepting a first argument of type 'ValidationSimulatorService' could be found (are you missing a using directive or an assembly reference?) [/home/runner/work/MVP-Core/MVP-Core/MVP-Core.csproj]
/home/runner/work/MVP-Core/MVP-Core/Pages/Admin/SystemValidation.cshtml.cs(58,45): error CS1061: 'ValidationSimulatorService' does not contain a definition for 'TriggerSyntheticAlertAsync' and no accessible extension method 'TriggerSyntheticAlertAsync' accepting a first argument of type 'ValidationSimulatorService' could be found (are you missing a using directive or an assembly reference?) [/home/runner/work/MVP-Core/MVP-Core/MVP-Core.csproj]
/home/runner/work/MVP-Core/MVP-Core/Pages/Admin/SystemValidation.cshtml.cs(65,45): error CS1061: 'ValidationSimulatorService' does not contain a definition for 'SimulateStorageSpikeAsync' and no accessible extension method 'SimulateStorageSpikeAsync' accepting a first argument of type 'ValidationSimulatorService' could be found (are you missing a using directive or an assembly reference?) [/home/runner/work/MVP-Core/MVP-Core/MVP-Core.csproj]
/home/runner/work/MVP-Core/MVP-Core/Pages/Admin/SystemValidation.cshtml.cs(72,45): error CS1061: 'ValidationSimulatorService' does not contain a definition for 'SimulateSLADriftAsync' and no accessible extension method 'SimulateSLADriftAsync' accepting a first argument of type 'ValidationSimulatorService' could be found (are you missing a using directive or an assembly reference?) [/home/runner/work/MVP-Core/MVP-Core/MVP-Core.csproj]
/home/runner/work/MVP-Core/MVP-Core/Pages/Admin/SystemValidation.cshtml.cs(79,45): error CS1061: 'ValidationSimulatorService' does not contain a definition for 'SimulateSnapshotRestoreAsync' and no accessible extension method 'SimulateSnapshotRestoreAsync' accepting a first argument of type 'ValidationSimulatorService' could be found (are you missing a using directive or an assembly reference?) [/home/runner/work/MVP-Core/MVP-Core/MVP-Core.csproj]
/home/runner/work/MVP-Core/MVP-Core/Pages/Admin/SystemValidation.cshtml.cs(87,133): warning CS8604: Possible null reference argument for parameter 'notes' in 'Task<bool> ReplayEngineService.ReplaySnapshotAsync(string snapshotHash, string? triggeredBy, DateTime? overrideTimestamp = null, string notes = "")'. [/home/runner/work/MVP-Core/MVP-Core/MVP-Core.csproj]
/home/runner/work/MVP-Core/MVP-Core/Pages/Admin/SystemDiagnostics.cshtml.cs(70,52): error CS7036: There is no argument given that corresponds to the required parameter 'dataSetId' of 'AutoRepairEngine.DetectCorruptionAsync(string)' [/home/runner/work/MVP-Core/MVP-Core/MVP-Core.csproj]
/home/runner/work/MVP-Core/MVP-Core/Pages/Admin/SystemDiagnostics.cshtml.cs(71,66): error CS1061: 'IRootCauseCorrelationEngine' does not contain a definition for 'CorrelateRootCausesAsync' and no accessible extension method 'CorrelateRootCausesAsync' accepting a first argument of type 'IRootCauseCorrelationEngine' could be found (are you missing a using directive or an assembly reference?) [/home/runner/work/MVP-Core/MVP-Core/MVP-Core.csproj]
/home/runner/work/MVP-Core/MVP-Core/Pages/Admin/SystemDiagnostics.cshtml.cs(72,53): error CS7036: There is no argument given that corresponds to the required parameter 'systemId' of 'ISmartAdminAlertsService.TriggerAlertsAsync(string)' [/home/runner/work/MVP-Core/MVP-Core/MVP-Core.csproj]
/home/runner/work/MVP-Core/MVP-Core/Pages/Admin/SystemDiagnostics.cshtml.cs(73,59): error CS1501: No overload for method 'GetActiveAlertsAsync' takes 1 arguments [/home/runner/work/MVP-Core/MVP-Core/MVP-Core.csproj]
/home/runner/work/MVP-Core/MVP-Core/Pages/Admin/SystemDiagnostics.cshtml.cs(87,29): warning CS8601: Possible null reference assignment. [/home/runner/work/MVP-Core/MVP-Core/MVP-Core.csproj]
/home/runner/work/MVP-Core/MVP-Core/Pages/Admin/SystemDiagnostics.cshtml.cs(118,37): error CS1061: 'AutoRepairEngine' does not contain a definition for 'RewindToSnapshotAsync' and no accessible extension method 'RewindToSnapshotAsync' accepting a first argument of type 'AutoRepairEngine' could be found (are you missing a using directive or an assembly reference?) [/home/runner/work/MVP-Core/MVP-Core/MVP-Core.csproj]
/home/runner/work/MVP-Core/MVP-Core/Pages/Admin/SystemDiagnostics.cshtml.cs(125,44): error CS1501: No overload for method 'AcknowledgeAlertAsync' takes 3 arguments [/home/runner/work/MVP-Core/MVP-Core/MVP-Core.csproj]
/home/runner/work/MVP-Core/MVP-Core/Pages/Admin/SystemDiagnostics.cshtml.cs(132,40): error CS1061: 'IReplayEngineService' does not contain a definition for 'QueueRecoveryScenarioAsync' and no accessible extension method 'QueueRecoveryScenarioAsync' accepting a first argument of type 'IReplayEngineService' could be found (are you missing a using directive or an assembly reference?) [/home/runner/work/MVP-Core/MVP-Core/MVP-Core.csproj]
/home/runner/work/MVP-Core/MVP-Core/Pages/Admin/SystemDiagnostics.cshtml.cs(142,58): error CS1501: No overload for method 'ReplaySnapshotAsync' takes 4 arguments [/home/runner/work/MVP-Core/MVP-Core/MVP-Core.csproj]
/home/runner/work/MVP-Core/MVP-Core/Pages/Admin/SystemDiagnostics.cshtml.cs(167,29): warning CS8601: Possible null reference assignment. [/home/runner/work/MVP-Core/MVP-Core/MVP-Core.csproj]
/home/runner/work/MVP-Core/MVP-Core/Pages/Admin/SyncAudit.cshtml.cs(9,37): warning CS8618: Non-nullable property 'SyncAnalyticsService' must contain a non-null value when exiting constructor. Consider declaring the property as nullable. [/home/runner/work/MVP-Core/MVP-Core/MVP-Core.csproj]
/home/runner/work/MVP-Core/MVP-Core/Pages/Admin/SkillsTracker.cshtml.cs(23,27): warning CS1998: This async method lacks 'await' operators and will run synchronously. Consider using the 'await' operator to await non-blocking API calls, or 'await Task.Run(...)' to do CPU-bound work on a background thread. [/home/runner/work/MVP-Core/MVP-Core/MVP-Core.csproj]
/home/runner/work/MVP-Core/MVP-Core/Pages/Admin/SkillsTracker.cshtml.cs(35,42): warning CS1998: This async method lacks 'await' operators and will run synchronously. Consider using the 'await' operator to await non-blocking API calls, or 'await Task.Run(...)' to do CPU-bound work on a background thread. [/home/runner/work/MVP-Core/MVP-Core/MVP-Core.csproj]
/home/runner/work/MVP-Core/MVP-Core/Pages/Admin/SkillsTracker.cshtml.cs(40,42): warning CS1998: This async method lacks 'await' operators and will run synchronously. Consider using the 'await' operator to await non-blocking API calls, or 'await Task.Run(...)' to do CPU-bound work on a background thread. [/home/runner/work/MVP-Core/MVP-Core/MVP-Core.csproj]
/home/runner/work/MVP-Core/MVP-Core/Pages/Admin/SchedulerQueue.cshtml.cs(49,88): error CS0234: The type or namespace name 'NotificationSchedulerService' does not exist in the namespace 'Pages.Services' (are you missing an assembly reference?) [/home/runner/work/MVP-Core/MVP-Core/MVP-Core.csproj]
/home/runner/work/MVP-Core/MVP-Core/Pages/Admin/SchedulerQueue.cshtml.cs(49,131): error CS0234: The type or namespace name 'NotificationSchedulerService' does not exist in the namespace 'Pages.Services' (are you missing an assembly reference?) [/home/runner/work/MVP-Core/MVP-Core/MVP-Core.csproj]
/home/runner/work/MVP-Core/MVP-Core/Pages/Admin/Pros/GrantBadge.cshtml.cs(74,24): warning CS0219: The variable 'subject' is assigned but its value is never used [/home/runner/work/MVP-Core/MVP-Core/MVP-Core.csproj]
/home/runner/work/MVP-Core/MVP-Core/Pages/Admin/Prompts.cshtml.cs(31,27): warning CS1998: This async method lacks 'await' operators and will run synchronously. Consider using the 'await' operator to await non-blocking API calls, or 'await Task.Run(...)' to do CPU-bound work on a background thread. [/home/runner/work/MVP-Core/MVP-Core/MVP-Core.csproj]
/home/runner/work/MVP-Core/MVP-Core/Pages/Admin/Leaderboard.cshtml.cs(43,56): error CS1061: 'ILeaderboardService' does not contain a definition for 'GetTopTechniciansAsync' and no accessible extension method 'GetTopTechniciansAsync' accepting a first argument of type 'ILeaderboardService' could be found (are you missing a using directive or an assembly reference?) [/home/runner/work/MVP-Core/MVP-Core/MVP-Core.csproj]
/home/runner/work/MVP-Core/MVP-Core/Pages/Admin/Leaderboard.cshtml.cs(44,65): error CS1061: 'ILeaderboardService' does not contain a definition for 'GetMonthlyChallengeSummaryAsync' and no accessible extension method 'GetMonthlyChallengeSummaryAsync' accepting a first argument of type 'ILeaderboardService' could be found (are you missing a using directive or an assembly reference?) [/home/runner/work/MVP-Core/MVP-Core/MVP-Core.csproj]
/home/runner/work/MVP-Core/MVP-Core/Pages/Admin/Leaderboard.cshtml.cs(45,56): error CS1061: 'ILeaderboardService' does not contain a definition for 'GetTeamEfficiencyAsync' and no accessible extension method 'GetTeamEfficiencyAsync' accepting a first argument of type 'ILeaderboardService' could be found (are you missing a using directive or an assembly reference?) [/home/runner/work/MVP-Core/MVP-Core/MVP-Core.csproj]
/home/runner/work/MVP-Core/MVP-Core/Pages/Admin/Leaderboard.cshtml.cs(46,51): error CS1061: 'IContentService' does not contain a definition for 'GetContentAsync' and no accessible extension method 'GetContentAsync' accepting a first argument of type 'IContentService' could be found (are you missing a using directive or an assembly reference?) [/home/runner/work/MVP-Core/MVP-Core/MVP-Core.csproj]
/home/runner/work/MVP-Core/MVP-Core/Pages/Admin/ExecutiveSnapshotViewModel.cs(20,23): warning CS8618: Non-nullable property 'TechnicianName' must contain a non-null value when exiting constructor. Consider declaring the property as nullable. [/home/runner/work/MVP-Core/MVP-Core/MVP-Core.csproj]
/home/runner/work/MVP-Core/MVP-Core/Pages/Admin/ExecutiveSnapshotViewModel.cs(8,23): warning CS8618: Non-nullable property 'SnapshotDate' must contain a non-null value when exiting constructor. Consider declaring the property as nullable. [/home/runner/work/MVP-Core/MVP-Core/MVP-Core.csproj]
/home/runner/work/MVP-Core/MVP-Core/Pages/Admin/ExecutiveSnapshotViewModel.cs(14,41): warning CS8618: Non-nullable property 'TopTechnicians' must contain a non-null value when exiting constructor. Consider declaring the property as nullable. [/home/runner/work/MVP-Core/MVP-Core/MVP-Core.csproj]
/home/runner/work/MVP-Core/MVP-Core/Pages/Admin/ExecutiveSnapshotViewModel.cs(15,29): warning CS8618: Non-nullable property 'CriticalAlerts' must contain a non-null value when exiting constructor. Consider declaring the property as nullable. [/home/runner/work/MVP-Core/MVP-Core/MVP-Core.csproj]
/home/runner/work/MVP-Core/MVP-Core/Pages/Admin/ExecutiveSnapshotViewModel.cs(16,37): warning CS8618: Non-nullable property 'Trend' must contain a non-null value when exiting constructor. Consider declaring the property as nullable. [/home/runner/work/MVP-Core/MVP-Core/MVP-Core.csproj]
/home/runner/work/MVP-Core/MVP-Core/Pages/Admin/EmployeeCentral.cshtml.cs(130,30): warning CS0168: The variable 'ex' is declared but never used [/home/runner/work/MVP-Core/MVP-Core/MVP-Core.csproj]
/home/runner/work/MVP-Core/MVP-Core/Pages/Admin/EmployeeCentral.cshtml.cs(135,42): warning CS1998: This async method lacks 'await' operators and will run synchronously. Consider using the 'await' operator to await non-blocking API calls, or 'await Task.Run(...)' to do CPU-bound work on a background thread. [/home/runner/work/MVP-Core/MVP-Core/MVP-Core.csproj]
/home/runner/work/MVP-Core/MVP-Core/Pages/Admin/EditSEO.cshtml.cs(36,48): error CS1061: 'string' does not contain a definition for 'MetaDescription' and no accessible extension method 'MetaDescription' accepting a first argument of type 'string' could be found (are you missing a using directive or an assembly reference?) [/home/runner/work/MVP-Core/MVP-Core/MVP-Core.csproj]
/home/runner/work/MVP-Core/MVP-Core/Pages/Admin/EditSEO.cshtml.cs(37,41): error CS1061: 'string' does not contain a definition for 'Keywords' and no accessible extension method 'Keywords' accepting a first argument of type 'string' could be found (are you missing a using directive or an assembly reference?) [/home/runner/work/MVP-Core/MVP-Core/MVP-Core.csproj]
/home/runner/work/MVP-Core/MVP-Core/Pages/Admin/EditSEO.cshtml.cs(38,39): error CS1061: 'string' does not contain a definition for 'Robots' and no accessible extension method 'Robots' accepting a first argument of type 'string' could be found (are you missing a using directive or an assembly reference?) [/home/runner/work/MVP-Core/MVP-Core/MVP-Core.csproj]
/home/runner/work/MVP-Core/MVP-Core/Pages/AccessDenied.cshtml.cs(28,41): error CS1061: 'string' does not contain a definition for 'Title' and no accessible extension method 'Title' accepting a first argument of type 'string' could be found (are you missing a using directive or an assembly reference?) [/home/runner/work/MVP-Core/MVP-Core/MVP-Core.csproj]
/home/runner/work/MVP-Core/MVP-Core/Pages/AccessDenied.cshtml.cs(29,51): error CS1061: 'string' does not contain a definition for 'MetaDescription' and no accessible extension method 'MetaDescription' accepting a first argument of type 'string' could be found (are you missing a using directive or an assembly reference?) [/home/runner/work/MVP-Core/MVP-Core/MVP-Core.csproj]
/home/runner/work/MVP-Core/MVP-Core/Pages/AccessDenied.cshtml.cs(30,44): error CS1061: 'string' does not contain a definition for 'Keywords' and no accessible extension method 'Keywords' accepting a first argument of type 'string' could be found (are you missing a using directive or an assembly reference?) [/home/runner/work/MVP-Core/MVP-Core/MVP-Core.csproj]
/home/runner/work/MVP-Core/MVP-Core/Pages/AccessDenied.cshtml.cs(31,42): error CS1061: 'string' does not contain a definition for 'Robots' and no accessible extension method 'Robots' accepting a first argument of type 'string' could be found (are you missing a using directive or an assembly reference?) [/home/runner/work/MVP-Core/MVP-Core/MVP-Core.csproj]
/home/runner/work/MVP-Core/MVP-Core/Pages/Admin/DisputePlayback.cshtml.cs(52,71): warning CS8604: Possible null reference argument for parameter 'type' in 'Task DisputeInsightService.LogInsightAsync(int disputeId, string type, string description, string user)'. [/home/runner/work/MVP-Core/MVP-Core/MVP-Core.csproj]
/home/runner/work/MVP-Core/MVP-Core/Pages/Admin/DisputePlayback.cshtml.cs(52,77): warning CS8604: Possible null reference argument for parameter 'description' in 'Task DisputeInsightService.LogInsightAsync(int disputeId, string type, string description, string user)'. [/home/runner/work/MVP-Core/MVP-Core/MVP-Core.csproj]
/home/runner/work/MVP-Core/MVP-Core/Pages/Admin/DisputePlayback.cshtml.cs(52,83): warning CS8604: Possible null reference argument for parameter 'user' in 'Task DisputeInsightService.LogInsightAsync(int disputeId, string type, string description, string user)'. [/home/runner/work/MVP-Core/MVP-Core/MVP-Core.csproj]
/home/runner/work/MVP-Core/MVP-Core/Pages/Admin/Dashboard.cshtml.cs(98,44): error CS1061: 'ApplicationDbContext' does not contain a definition for 'TechnicianBadges' and no accessible extension method 'TechnicianBadges' accepting a first argument of type 'ApplicationDbContext' could be found (are you missing a using directive or an assembly reference?) [/home/runner/work/MVP-Core/MVP-Core/MVP-Core.csproj]
/home/runner/work/MVP-Core/MVP-Core/Pages/Technician/Profile.cshtml(20,30): error CS1061: 'string' does not contain a definition for 'TechnicianName' and no accessible extension method 'TechnicianName' accepting a first argument of type 'string' could be found (are you missing a using directive or an assembly reference?) [/home/runner/work/MVP-Core/MVP-Core/MVP-Core.csproj]
/home/runner/work/MVP-Core/MVP-Core/Pages/Technician/Profile.cshtml(21,60): error CS1061: 'string' does not contain a definition for 'CurrentTier' and no accessible extension method 'CurrentTier' accepting a first argument of type 'string' could be found (are you missing a using directive or an assembly reference?) [/home/runner/work/MVP-Core/MVP-Core/MVP-Core.csproj]
/home/runner/work/MVP-Core/MVP-Core/Pages/Technician/Profile.cshtml(22,65): error CS1061: 'string' does not contain a definition for 'TotalPoints' and no accessible extension method 'TotalPoints' accepting a first argument of type 'string' could be found (are you missing a using directive or an assembly reference?) [/home/runner/work/MVP-Core/MVP-Core/MVP-Core.csproj]
/home/runner/work/MVP-Core/MVP-Core/Pages/Technician/Profile.cshtml(23,71): error CS1061: 'string' does not contain a definition for 'LastRewardSentAt' and no accessible extension method 'LastRewardSentAt' accepting a first argument of type 'string' could be found (are you missing a using directive or an assembly reference?) [/home/runner/work/MVP-Core/MVP-Core/MVP-Core.csproj]
/home/runner/work/MVP-Core/MVP-Core/Pages/Technician/Profile.cshtml(24,29): error CS1061: 'string' does not contain a definition for 'IsEligibleForReward' and no accessible extension method 'IsEligibleForReward' accepting a first argument of type 'string' could be found (are you missing a using directive or an assembly reference?) [/home/runner/work/MVP-Core/MVP-Core/MVP-Core.csproj]
/home/runner/work/MVP-Core/MVP-Core/Pages/Shared/_SEOHead.cshtml(8,40): error CS1061: 'HttpRequest' does not contain a definition for 'GetDisplayUrl' and no accessible extension method 'GetDisplayUrl' accepting a first argument of type 'HttpRequest' could be found (are you missing a using directive or an assembly reference?) [/home/runner/work/MVP-Core/MVP-Core/MVP-Core.csproj]
/home/runner/work/MVP-Core/MVP-Core/Pages/Admin/CoachingLog.cshtml.cs(79,23): error CS0234: The type or namespace name 'Admin' does not exist in the namespace 'Pages.Services' (are you missing an assembly reference?) [/home/runner/work/MVP-Core/MVP-Core/MVP-Core.csproj]
/home/runner/work/MVP-Core/MVP-Core/Pages/Admin/CoachingLog.cshtml.cs(85,36): warning CS8604: Possible null reference argument for parameter 's' in 'int int.Parse(string s)'. [/home/runner/work/MVP-Core/MVP-Core/MVP-Core.csproj]
/home/runner/work/MVP-Core/MVP-Core/Pages/Admin/CoachingLog.cshtml.cs(93,34): warning CS8601: Possible null reference assignment. [/home/runner/work/MVP-Core/MVP-Core/MVP-Core.csproj]
/home/runner/work/MVP-Core/MVP-Core/Pages/Admin/CoachingLog.cshtml.cs(94,28): warning CS8601: Possible null reference assignment. [/home/runner/work/MVP-Core/MVP-Core/MVP-Core.csproj]
/home/runner/work/MVP-Core/MVP-Core/Pages/Admin/CoachingLog.cshtml.cs(95,32): warning CS8601: Possible null reference assignment. [/home/runner/work/MVP-Core/MVP-Core/MVP-Core.csproj]
/home/runner/work/MVP-Core/MVP-Core/Pages/Admin/ClockInDiagnostics.cshtml.cs(23,27): warning CS1998: This async method lacks 'await' operators and will run synchronously. Consider using the 'await' operator to await non-blocking API calls, or 'await Task.Run(...)' to do CPU-bound work on a background thread. [/home/runner/work/MVP-Core/MVP-Core/MVP-Core.csproj]
/home/runner/work/MVP-Core/MVP-Core/Pages/Admin/BreakCompliance.cshtml.cs(42,60): warning CS8602: Dereference of a possibly null reference. [/home/runner/work/MVP-Core/MVP-Core/MVP-Core.csproj]
/home/runner/work/MVP-Core/MVP-Core/Pages/Admin/BreakCompliance.cshtml.cs(94,84): warning CS8602: Dereference of a possibly null reference. [/home/runner/work/MVP-Core/MVP-Core/MVP-Core.csproj]
/home/runner/work/MVP-Core/MVP-Core/Pages/Admin/BlazorAdmin/Pages/Dashboard.cshtml.cs(31,37): error CS1061: 'string' does not contain a definition for 'Title' and no accessible extension method 'Title' accepting a first argument of type 'string' could be found (are you missing a using directive or an assembly reference?) [/home/runner/work/MVP-Core/MVP-Core/MVP-Core.csproj]
/home/runner/work/MVP-Core/MVP-Core/Pages/Admin/BlazorAdmin/Pages/Dashboard.cshtml.cs(32,47): error CS1061: 'string' does not contain a definition for 'MetaDescription' and no accessible extension method 'MetaDescription' accepting a first argument of type 'string' could be found (are you missing a using directive or an assembly reference?) [/home/runner/work/MVP-Core/MVP-Core/MVP-Core.csproj]
/home/runner/work/MVP-Core/MVP-Core/Pages/Admin/BlazorAdmin/Pages/Dashboard.cshtml.cs(33,40): error CS1061: 'string' does not contain a definition for 'Keywords' and no accessible extension method 'Keywords' accepting a first argument of type 'string' could be found (are you missing a using directive or an assembly reference?) [/home/runner/work/MVP-Core/MVP-Core/MVP-Core.csproj]
/home/runner/work/MVP-Core/MVP-Core/Pages/Admin/BlazorAdmin/Pages/Dashboard.cshtml.cs(34,38): error CS1061: 'string' does not contain a definition for 'Robots' and no accessible extension method 'Robots' accepting a first argument of type 'string' could be found (are you missing a using directive or an assembly reference?) [/home/runner/work/MVP-Core/MVP-Core/MVP-Core.csproj]
/home/runner/work/MVP-Core/MVP-Core/Pages/Admin/BlazorAdmin/Pages/AuditLog.cshtml.cs(28,37): error CS1061: 'string' does not contain a definition for 'Title' and no accessible extension method 'Title' accepting a first argument of type 'string' could be found (are you missing a using directive or an assembly reference?) [/home/runner/work/MVP-Core/MVP-Core/MVP-Core.csproj]
/home/runner/work/MVP-Core/MVP-Core/Pages/Admin/BlazorAdmin/Pages/AuditLog.cshtml.cs(29,47): error CS1061: 'string' does not contain a definition for 'MetaDescription' and no accessible extension method 'MetaDescription' accepting a first argument of type 'string' could be found (are you missing a using directive or an assembly reference?) [/home/runner/work/MVP-Core/MVP-Core/MVP-Core.csproj]
/home/runner/work/MVP-Core/MVP-Core/Pages/Admin/BlazorAdmin/Pages/AuditLog.cshtml.cs(30,40): error CS1061: 'string' does not contain a definition for 'Keywords' and no accessible extension method 'Keywords' accepting a first argument of type 'string' could be found (are you missing a using directive or an assembly reference?) [/home/runner/work/MVP-Core/MVP-Core/MVP-Core.csproj]
/home/runner/work/MVP-Core/MVP-Core/Pages/Admin/BlazorAdmin/Pages/AuditLog.cshtml.cs(31,38): error CS1061: 'string' does not contain a definition for 'Robots' and no accessible extension method 'Robots' accepting a first argument of type 'string' could be found (are you missing a using directive or an assembly reference?) [/home/runner/work/MVP-Core/MVP-Core/MVP-Core.csproj]
/home/runner/work/MVP-Core/MVP-Core/Pages/Shared/MainLayout.cshtml(6,11): error CS0103: The name 'Body' does not exist in the current context [/home/runner/work/MVP-Core/MVP-Core/MVP-Core.csproj]
/home/runner/work/MVP-Core/MVP-Core/Pages/Customer/Profile.cshtml(6,10): warning CS8602: Dereference of a possibly null reference. [/home/runner/work/MVP-Core/MVP-Core/MVP-Core.csproj]
/home/runner/work/MVP-Core/MVP-Core/Pages/Customer/ServiceHistory.cshtml(98,59): warning CS8602: Dereference of a possibly null reference. [/home/runner/work/MVP-Core/MVP-Core/MVP-Core.csproj]
/home/runner/work/MVP-Core/MVP-Core/Pages/Customer/ServiceHistory.cshtml(98,59): warning CS8602: Dereference of a possibly null reference. [/home/runner/work/MVP-Core/MVP-Core/MVP-Core.csproj]
/home/runner/work/MVP-Core/MVP-Core/Pages/Customer/Documents.cshtml(9,14): warning CS8602: Dereference of a possibly null reference. [/home/runner/work/MVP-Core/MVP-Core/MVP-Core.csproj]
/home/runner/work/MVP-Core/MVP-Core/Pages/Customer/Portal.cshtml(214,3): error CS0103: The name 'keyframes' does not exist in the current context [/home/runner/work/MVP-Core/MVP-Core/MVP-Core.csproj]
/home/runner/work/MVP-Core/MVP-Core/Pages/Customer/Portal.cshtml(221,3): error CS0103: The name 'media' does not exist in the current context [/home/runner/work/MVP-Core/MVP-Core/MVP-Core.csproj]
/home/runner/work/MVP-Core/MVP-Core/Pages/Customer/Portal.cshtml(246,3): error CS0103: The name 'media' does not exist in the current context [/home/runner/work/MVP-Core/MVP-Core/MVP-Core.csproj]
/home/runner/work/MVP-Core/MVP-Core/Pages/Customer/Portal.cshtml(13,10): warning CS8602: Dereference of a possibly null reference. [/home/runner/work/MVP-Core/MVP-Core/MVP-Core.csproj]
/home/runner/work/MVP-Core/MVP-Core/Pages/Customer/Portal.cshtml(25,83): warning CS8629: Nullable value type may be null. [/home/runner/work/MVP-Core/MVP-Core/MVP-Core.csproj]
/home/runner/work/MVP-Core/MVP-Core/Pages/Customer/Dashboard.cshtml(193,189): warning CS8629: Nullable value type may be null. [/home/runner/work/MVP-Core/MVP-Core/MVP-Core.csproj]
/home/runner/work/MVP-Core/MVP-Core/Pages/Admin/_JobCard.cshtml(54,44): warning CS8602: Dereference of a possibly null reference. [/home/runner/work/MVP-Core/MVP-Core/MVP-Core.csproj]
/home/runner/work/MVP-Core/MVP-Core/Pages/Admin/_JobCard.cshtml(74,22): warning CS8602: Dereference of a possibly null reference. [/home/runner/work/MVP-Core/MVP-Core/MVP-Core.csproj]
/home/runner/work/MVP-Core/MVP-Core/Pages/Admin/_JobCard.cshtml(74,55): warning CS8602: Dereference of a possibly null reference. [/home/runner/work/MVP-Core/MVP-Core/MVP-Core.csproj]
/home/runner/work/MVP-Core/MVP-Core/Pages/Admin/Snapshots.cshtml(7,41): error CS1061: 'SeoMeta' does not contain a definition for 'Description' and no accessible extension method 'Description' accepting a first argument of type 'SeoMeta' could be found (are you missing a using directive or an assembly reference?) [/home/runner/work/MVP-Core/MVP-Core/MVP-Core.csproj]
/home/runner/work/MVP-Core/MVP-Core/Pages/Admin/Snapshots.cshtml(11,16): error CS1061: 'SeoMeta' does not contain a definition for 'Description' and no accessible extension method 'Description' accepting a first argument of type 'SeoMeta' could be found (are you missing a using directive or an assembly reference?) [/home/runner/work/MVP-Core/MVP-Core/MVP-Core.csproj]
/home/runner/work/MVP-Core/MVP-Core/Pages/Admin/Leaderboard.cshtml(11,29): error CS1061: 'string' does not contain a definition for 'Title' and no accessible extension method 'Title' accepting a first argument of type 'string' could be found (are you missing a using directive or an assembly reference?) [/home/runner/work/MVP-Core/MVP-Core/MVP-Core.csproj]
/home/runner/work/MVP-Core/MVP-Core/Pages/Admin/Leaderboard.cshtml(12,35): error CS1061: 'string' does not contain a definition for 'Description' and no accessible extension method 'Description' accepting a first argument of type 'string' could be found (are you missing a using directive or an assembly reference?) [/home/runner/work/MVP-Core/MVP-Core/MVP-Core.csproj]
/home/runner/work/MVP-Core/MVP-Core/Pages/Admin/Leaderboard.cshtml(21,33): error CS1061: 'TechnicianViewModel' does not contain a definition for 'Avatar' and no accessible extension method 'Avatar' accepting a first argument of type 'TechnicianViewModel' could be found (are you missing a using directive or an assembly reference?) [/home/runner/work/MVP-Core/MVP-Core/MVP-Core.csproj]
/home/runner/work/MVP-Core/MVP-Core/Pages/Admin/EditMatchup.cshtml(16,127): warning CS8602: Dereference of a possibly null reference. [/home/runner/work/MVP-Core/MVP-Core/MVP-Core.csproj]
/home/runner/work/MVP-Core/MVP-Core/Pages/Admin/EditMatchup.cshtml(21,127): warning CS8602: Dereference of a possibly null reference. [/home/runner/work/MVP-Core/MVP-Core/MVP-Core.csproj]
/home/runner/work/MVP-Core/MVP-Core/Pages/Admin/EditMatchup.cshtml(22,127): warning CS8602: Dereference of a possibly null reference. [/home/runner/work/MVP-Core/MVP-Core/MVP-Core.csproj]
/home/runner/work/MVP-Core/MVP-Core/Pages/Admin/EditMatchup.cshtml(23,139): warning CS8602: Dereference of a possibly null reference. [/home/runner/work/MVP-Core/MVP-Core/MVP-Core.csproj]
/home/runner/work/MVP-Core/MVP-Core/Pages/Admin/EditMatchup.cshtml(27,127): warning CS8602: Dereference of a possibly null reference. [/home/runner/work/MVP-Core/MVP-Core/MVP-Core.csproj]
/home/runner/work/MVP-Core/MVP-Core/Pages/Admin/EditMatchup.cshtml(28,127): warning CS8602: Dereference of a possibly null reference. [/home/runner/work/MVP-Core/MVP-Core/MVP-Core.csproj]
/home/runner/work/MVP-Core/MVP-Core/Pages/Admin/EditMatchup.cshtml(29,139): warning CS8602: Dereference of a possibly null reference. [/home/runner/work/MVP-Core/MVP-Core/MVP-Core.csproj]
/home/runner/work/MVP-Core/MVP-Core/Pages/Admin/EditMatchup.cshtml(33,127): warning CS8602: Dereference of a possibly null reference. [/home/runner/work/MVP-Core/MVP-Core/MVP-Core.csproj]
/home/runner/work/MVP-Core/MVP-Core/Pages/Admin/EditMatchup.cshtml(34,127): warning CS8602: Dereference of a possibly null reference. [/home/runner/work/MVP-Core/MVP-Core/MVP-Core.csproj]
/home/runner/work/MVP-Core/MVP-Core/Pages/Admin/EditMatchup.cshtml(38,127): warning CS8602: Dereference of a possibly null reference. [/home/runner/work/MVP-Core/MVP-Core/MVP-Core.csproj]
/home/runner/work/MVP-Core/MVP-Core/Pages/Admin/EditMatchup.cshtml(39,127): warning CS8602: Dereference of a possibly null reference. [/home/runner/work/MVP-Core/MVP-Core/MVP-Core.csproj]
/home/runner/work/MVP-Core/MVP-Core/Pages/Admin/EditMatchup.cshtml(43,127): warning CS8602: Dereference of a possibly null reference. [/home/runner/work/MVP-Core/MVP-Core/MVP-Core.csproj]
/home/runner/work/MVP-Core/MVP-Core/Pages/Admin/EditMatchup.cshtml(44,127): warning CS8602: Dereference of a possibly null reference. [/home/runner/work/MVP-Core/MVP-Core/MVP-Core.csproj]
/home/runner/work/MVP-Core/MVP-Core/Pages/Admin/EditMatchup.cshtml(48,127): warning CS8602: Dereference of a possibly null reference. [/home/runner/work/MVP-Core/MVP-Core/MVP-Core.csproj]
/home/runner/work/MVP-Core/MVP-Core/Pages/Admin/EditMatchup.cshtml(49,127): warning CS8602: Dereference of a possibly null reference. [/home/runner/work/MVP-Core/MVP-Core/MVP-Core.csproj]
/home/runner/work/MVP-Core/MVP-Core/Pages/Admin/EditMatchup.cshtml(53,127): warning CS8602: Dereference of a possibly null reference. [/home/runner/work/MVP-Core/MVP-Core/MVP-Core.csproj]
/home/runner/work/MVP-Core/MVP-Core/Pages/Admin/EditMatchup.cshtml(54,127): warning CS8602: Dereference of a possibly null reference. [/home/runner/work/MVP-Core/MVP-Core/MVP-Core.csproj]
/home/runner/work/MVP-Core/MVP-Core/Pages/Admin/EditMatchup.cshtml(58,127): warning CS8602: Dereference of a possibly null reference. [/home/runner/work/MVP-Core/MVP-Core/MVP-Core.csproj]
/home/runner/work/MVP-Core/MVP-Core/Pages/Admin/EditMatchup.cshtml(59,127): warning CS8602: Dereference of a possibly null reference. [/home/runner/work/MVP-Core/MVP-Core/MVP-Core.csproj]
/home/runner/work/MVP-Core/MVP-Core/Pages/Admin/EditMatchup.cshtml(63,127): warning CS8602: Dereference of a possibly null reference. [/home/runner/work/MVP-Core/MVP-Core/MVP-Core.csproj]
/home/runner/work/MVP-Core/MVP-Core/Pages/Admin/EditMatchup.cshtml(64,127): warning CS8602: Dereference of a possibly null reference. [/home/runner/work/MVP-Core/MVP-Core/MVP-Core.csproj]
/home/runner/work/MVP-Core/MVP-Core/Pages/Admin/EditMatchup.cshtml(68,127): warning CS8602: Dereference of a possibly null reference. [/home/runner/work/MVP-Core/MVP-Core/MVP-Core.csproj]
/home/runner/work/MVP-Core/MVP-Core/Pages/Admin/EditMatchup.cshtml(69,127): warning CS8602: Dereference of a possibly null reference. [/home/runner/work/MVP-Core/MVP-Core/MVP-Core.csproj]
/home/runner/work/MVP-Core/MVP-Core/Pages/Admin/EditMatchup.cshtml(73,127): warning CS8602: Dereference of a possibly null reference. [/home/runner/work/MVP-Core/MVP-Core/MVP-Core.csproj]
/home/runner/work/MVP-Core/MVP-Core/Pages/Admin/EditMatchup.cshtml(74,130): warning CS8602: Dereference of a possibly null reference. [/home/runner/work/MVP-Core/MVP-Core/MVP-Core.csproj]
/home/runner/work/MVP-Core/MVP-Core/Pages/Admin/Dashboard.cshtml(297,14): warning CS8602: Dereference of a possibly null reference. [/home/runner/work/MVP-Core/MVP-Core/MVP-Core.csproj]
/home/runner/work/MVP-Core/MVP-Core/Pages/Admin/AssignmentLog.cshtml(14,26): warning CS8600: Converting null literal or possible null value to non-nullable type. [/home/runner/work/MVP-Core/MVP-Core/MVP-Core.csproj]
/home/runner/work/MVP-Core/MVP-Core/Pages/Admin/AssignmentLog.cshtml(15,26): warning CS8600: Converting null literal or possible null value to non-nullable type. [/home/runner/work/MVP-Core/MVP-Core/MVP-Core.csproj]
/home/runner/work/MVP-Core/MVP-Core/Controllers/Api/TechnicianReportController.cs(42,65): error CS1503: Argument 1: cannot convert from 'Data.Models.TechnicianProfileDto' to 'System.Guid' [/home/runner/work/MVP-Core/MVP-Core/MVP-Core.csproj]
/home/runner/work/MVP-Core/MVP-Core/Controllers/Api/TechnicianReportController.cs(42,71): error CS1503: Argument 2: cannot convert from 'byte[]' to 'System.DateTime' [/home/runner/work/MVP-Core/MVP-Core/MVP-Core.csproj]
/home/runner/work/MVP-Core/MVP-Core/Controllers/Api/TechnicianReportController.cs(42,81): error CS1503: Argument 3: cannot convert from 'string' to 'System.DateTime' [/home/runner/work/MVP-Core/MVP-Core/MVP-Core.csproj]
/home/runner/work/MVP-Core/MVP-Core/Controllers/Api/TechnicianReportController.cs(85,69): error CS1503: Argument 1: cannot convert from 'System.Collections.Generic.List<Data.Models.TechnicianProfileDto>' to 'System.Guid[]' [/home/runner/work/MVP-Core/MVP-Core/MVP-Core.csproj]
/home/runner/work/MVP-Core/MVP-Core/Controllers/Api/TechnicianReportController.cs(85,76): error CS1503: Argument 2: cannot convert from 'System.Collections.Generic.List<byte[]>' to 'System.DateTime' [/home/runner/work/MVP-Core/MVP-Core/MVP-Core.csproj]
/home/runner/work/MVP-Core/MVP-Core/Controllers/Api/TechnicianReportController.cs(85,87): error CS1503: Argument 3: cannot convert from 'string' to 'System.DateTime' [/home/runner/work/MVP-Core/MVP-Core/MVP-Core.csproj]
/home/runner/work/MVP-Core/MVP-Core/Pages/Admin/SystemValidation.cshtml.cs(20,51): warning CS0649: Field 'SystemValidationModel._replayService' is never assigned to, and will always have its default value null [/home/runner/work/MVP-Core/MVP-Core/MVP-Core.csproj]
/home/runner/work/MVP-Core/MVP-Core/Pages/Admin/ManagerTools.cshtml.cs(29,10): warning MVC1001: 'ValidateAntiForgeryTokenAttribute' cannot be applied to Razor Page handler methods. It may be applied either to the Razor Page model or applied globally. [/home/runner/work/MVP-Core/MVP-Core/MVP-Core.csproj]
/home/runner/work/MVP-Core/MVP-Core/Pages/Admin/ManagerTools.cshtml.cs(37,10): warning MVC1001: 'ValidateAntiForgeryTokenAttribute' cannot be applied to Razor Page handler methods. It may be applied either to the Razor Page model or applied globally. [/home/runner/work/MVP-Core/MVP-Core/MVP-Core.csproj]
/home/runner/work/MVP-Core/MVP-Core/Pages/Admin/ManagerTools.cshtml.cs(45,10): warning MVC1001: 'ValidateAntiForgeryTokenAttribute' cannot be applied to Razor Page handler methods. It may be applied either to the Razor Page model or applied globally. [/home/runner/work/MVP-Core/MVP-Core/MVP-Core.csproj]

Build FAILED.

/home/runner/work/MVP-Core/MVP-Core/Hubs/ETAHub.cs(70,36): warning CS8765: Nullability of type of parameter 'exception' doesn't match overridden member (possibly because of nullability attributes). [/home/runner/work/MVP-Core/MVP-Core/MVP-Core.csproj]
/home/runner/work/MVP-Core/MVP-Core/Hubs/JobMessageHub.cs(51,36): warning CS8765: Nullability of type of parameter 'exception' doesn't match overridden member (possibly because of nullability attributes). [/home/runner/work/MVP-Core/MVP-Core/MVP-Core.csproj]
/home/runner/work/MVP-Core/MVP-Core/Hubs/NotificationHub.cs(49,36): warning CS8765: Nullability of type of parameter 'exception' doesn't match overridden member (possibly because of nullability attributes). [/home/runner/work/MVP-Core/MVP-Core/MVP-Core.csproj]
/home/runner/work/MVP-Core/MVP-Core/Hubs/TechnicianTrackingHub.cs(49,36): warning CS8765: Nullability of type of parameter 'exception' doesn't match overridden member (possibly because of nullability attributes). [/home/runner/work/MVP-Core/MVP-Core/MVP-Core.csproj]
/home/runner/work/MVP-Core/MVP-Core/Services/Admin/BlueprintGen.cs(9,21): warning CS7022: The entry point of the program is global code; ignoring 'BlueprintGen.Main(string[])' entry point. [/home/runner/work/MVP-Core/MVP-Core/MVP-Core.csproj]
/home/runner/work/MVP-Core/MVP-Core/Tools/BlueprintGen/Program.cs(10,21): warning CS7022: The entry point of the program is global code; ignoring 'Program.Main(string[])' entry point. [/home/runner/work/MVP-Core/MVP-Core/MVP-Core.csproj]
/home/runner/work/MVP-Core/MVP-Core/Tools/ServiceAtlantaCLI/Program.cs(9,21): warning CS7022: The entry point of the program is global code; ignoring 'Program.Main(string[])' entry point. [/home/runner/work/MVP-Core/MVP-Core/MVP-Core.csproj]
/home/runner/.nuget/packages/microsoft.net.test.sdk/17.8.0/build/netcoreapp3.1/Microsoft.NET.Test.Sdk.Program.cs(4,41): warning CS7022: The entry point of the program is global code; ignoring 'AutoGeneratedProgram.Main(string[])' entry point. [/home/runner/work/MVP-Core/MVP-Core/MVP-Core.csproj]
/home/runner/work/MVP-Core/MVP-Core/Controllers/LoyaltyController.cs(19,42): warning CS1998: This async method lacks 'await' operators and will run synchronously. Consider using the 'await' operator to await non-blocking API calls, or 'await Task.Run(...)' to do CPU-bound work on a background thread. [/home/runner/work/MVP-Core/MVP-Core/MVP-Core.csproj]
/home/runner/work/MVP-Core/MVP-Core/Controllers/Api/DispatcherApiController.cs(30,17): warning CS4014: Because this call is not awaited, execution of the current method continues before the call is completed. Consider applying the 'await' operator to the result of the call. [/home/runner/work/MVP-Core/MVP-Core/MVP-Core.csproj]
/home/runner/work/MVP-Core/MVP-Core/Pages/Admin/Troubleshooter.cshtml.cs(26,16): warning CS8618: Non-nullable property 'ErrorCode' must contain a non-null value when exiting constructor. Consider declaring the property as nullable. [/home/runner/work/MVP-Core/MVP-Core/MVP-Core.csproj]
/home/runner/work/MVP-Core/MVP-Core/Pages/Admin/Troubleshooter.cshtml.cs(26,16): warning CS8618: Non-nullable property 'EquipmentType' must contain a non-null value when exiting constructor. Consider declaring the property as nullable. [/home/runner/work/MVP-Core/MVP-Core/MVP-Core.csproj]
/home/runner/work/MVP-Core/MVP-Core/Pages/Admin/Troubleshooter.cshtml.cs(26,16): warning CS8618: Non-nullable property 'Manufacturer' must contain a non-null value when exiting constructor. Consider declaring the property as nullable. [/home/runner/work/MVP-Core/MVP-Core/MVP-Core.csproj]
/home/runner/work/MVP-Core/MVP-Core/Pages/Admin/Troubleshooter.cshtml.cs(26,16): warning CS8618: Non-nullable property 'AISuggestedFix' must contain a non-null value when exiting constructor. Consider declaring the property as nullable. [/home/runner/work/MVP-Core/MVP-Core/MVP-Core.csproj]
/home/runner/work/MVP-Core/MVP-Core/Pages/Admin/Troubleshooter.cshtml.cs(26,16): warning CS8618: Non-nullable property 'FeedbackResult' must contain a non-null value when exiting constructor. Consider declaring the property as nullable. [/home/runner/work/MVP-Core/MVP-Core/MVP-Core.csproj]
/home/runner/work/MVP-Core/MVP-Core/Pages/Admin/Troubleshooter.cshtml.cs(26,16): warning CS8618: Non-nullable property 'TechNotes' must contain a non-null value when exiting constructor. Consider declaring the property as nullable. [/home/runner/work/MVP-Core/MVP-Core/MVP-Core.csproj]
/home/runner/work/MVP-Core/MVP-Core/Pages/Admin/Troubleshooter.cshtml.cs(26,16): warning CS8618: Non-nullable property 'KnownFix' must contain a non-null value when exiting constructor. Consider declaring the property as nullable. [/home/runner/work/MVP-Core/MVP-Core/MVP-Core.csproj]
/home/runner/work/MVP-Core/MVP-Core/Pages/Admin/Troubleshooter.cshtml.cs(81,27): warning CS1998: This async method lacks 'await' operators and will run synchronously. Consider using the 'await' operator to await non-blocking API calls, or 'await Task.Run(...)' to do CPU-bound work on a background thread. [/home/runner/work/MVP-Core/MVP-Core/MVP-Core.csproj]
/home/runner/work/MVP-Core/MVP-Core/Pages/Admin/Troubleshooter.cshtml.cs(91,24): warning CS8601: Possible null reference assignment. [/home/runner/work/MVP-Core/MVP-Core/MVP-Core.csproj]
/home/runner/work/MVP-Core/MVP-Core/MVP_Core.Modules.Patch/Pages/PatchDashboard.cshtml.cs(14,34): warning CS8618: Non-nullable property 'Reviews' must contain a non-null value when exiting constructor. Consider declaring the property as nullable. [/home/runner/work/MVP-Core/MVP-Core/MVP-Core.csproj]
/home/runner/work/MVP-Core/MVP-Core/MVP_Core.Modules.Patch/Models/ReviewEntry.cs(10,23): warning CS8618: Non-nullable property 'CustomerFullName' must contain a non-null value when exiting constructor. Consider declaring the property as nullable. [/home/runner/work/MVP-Core/MVP-Core/MVP-Core.csproj]
/home/runner/work/MVP-Core/MVP-Core/MVP_Core.Modules.Patch/Models/ReviewEntry.cs(11,23): warning CS8618: Non-nullable property 'TechnicianName' must contain a non-null value when exiting constructor. Consider declaring the property as nullable. [/home/runner/work/MVP-Core/MVP-Core/MVP-Core.csproj]
/home/runner/work/MVP-Core/MVP-Core/MVP_Core.Modules.Patch/Models/ReviewEntry.cs(12,23): warning CS8618: Non-nullable property 'Platform' must contain a non-null value when exiting constructor. Consider declaring the property as nullable. [/home/runner/work/MVP-Core/MVP-Core/MVP-Core.csproj]
/home/runner/work/MVP-Core/MVP-Core/MVP_Core.Modules.Patch/Models/ReviewEntry.cs(13,23): warning CS8618: Non-nullable property 'ReviewText' must contain a non-null value when exiting constructor. Consider declaring the property as nullable. [/home/runner/work/MVP-Core/MVP-Core/MVP-Core.csproj]
/home/runner/work/MVP-Core/MVP-Core/MVP_Core.Modules.Patch/Models/ReviewEntry.cs(15,23): warning CS8618: Non-nullable property 'StreetAddress' must contain a non-null value when exiting constructor. Consider declaring the property as nullable. [/home/runner/work/MVP-Core/MVP-Core/MVP-Core.csproj]
/home/runner/work/MVP-Core/MVP-Core/MVP_Core.Modules.Patch/Models/ReviewEntry.cs(16,23): warning CS8618: Non-nullable property 'City' must contain a non-null value when exiting constructor. Consider declaring the property as nullable. [/home/runner/work/MVP-Core/MVP-Core/MVP-Core.csproj]
/home/runner/work/MVP-Core/MVP-Core/MVP_Core.Modules.Patch/Models/ReviewEntry.cs(17,23): warning CS8618: Non-nullable property 'State' must contain a non-null value when exiting constructor. Consider declaring the property as nullable. [/home/runner/work/MVP-Core/MVP-Core/MVP-Core.csproj]
/home/runner/work/MVP-Core/MVP-Core/MVP_Core.Modules.Patch/Models/ReviewEntry.cs(18,23): warning CS8618: Non-nullable property 'ZipCode' must contain a non-null value when exiting constructor. Consider declaring the property as nullable. [/home/runner/work/MVP-Core/MVP-Core/MVP-Core.csproj]
/home/runner/work/MVP-Core/MVP-Core/MVP_Core.Modules.Patch/Models/ReviewEntry.cs(19,23): warning CS8618: Non-nullable property 'ServiceCategory' must contain a non-null value when exiting constructor. Consider declaring the property as nullable. [/home/runner/work/MVP-Core/MVP-Core/MVP-Core.csproj]
/home/runner/work/MVP-Core/MVP-Core/MVP_Core.Modules.Patch/Models/ReviewEntry.cs(25,34): warning CS8618: Non-nullable property 'ResponseLog' must contain a non-null value when exiting constructor. Consider declaring the property as nullable. [/home/runner/work/MVP-Core/MVP-Core/MVP-Core.csproj]
/home/runner/work/MVP-Core/MVP-Core/Data/Seeders/DatabaseSeeder.cs(351,43): warning CS8625: Cannot convert null literal to non-nullable reference type. [/home/runner/work/MVP-Core/MVP-Core/MVP-Core.csproj]
/home/runner/work/MVP-Core/MVP-Core/Data/Seeders/DatabaseSeeder.cs(429,24): warning CS8601: Possible null reference assignment. [/home/runner/work/MVP-Core/MVP-Core/MVP-Core.csproj]
/home/runner/work/MVP-Core/MVP-Core/Models/ViewModels/ProActionCardViewModel.cs(6,23): warning CS8618: Non-nullable property 'Title' must contain a non-null value when exiting constructor. Consider declaring the property as nullable. [/home/runner/work/MVP-Core/MVP-Core/MVP-Core.csproj]
/home/runner/work/MVP-Core/MVP-Core/Models/ViewModels/ProActionCardViewModel.cs(7,23): warning CS8618: Non-nullable property 'Description' must contain a non-null value when exiting constructor. Consider declaring the property as nullable. [/home/runner/work/MVP-Core/MVP-Core/MVP-Core.csproj]
/home/runner/work/MVP-Core/MVP-Core/Models/ViewModels/ProActionCardViewModel.cs(8,23): warning CS8618: Non-nullable property 'RiskLevel' must contain a non-null value when exiting constructor. Consider declaring the property as nullable. [/home/runner/work/MVP-Core/MVP-Core/MVP-Core.csproj]
/home/runner/work/MVP-Core/MVP-Core/Models/ViewModels/ProActionCardViewModel.cs(9,23): warning CS8618: Non-nullable property 'ActionLabel' must contain a non-null value when exiting constructor. Consider declaring the property as nullable. [/home/runner/work/MVP-Core/MVP-Core/MVP-Core.csproj]
/home/runner/work/MVP-Core/MVP-Core/Models/ViewModels/ProActionCardViewModel.cs(10,23): warning CS8618: Non-nullable property 'ActionUrl' must contain a non-null value when exiting constructor. Consider declaring the property as nullable. [/home/runner/work/MVP-Core/MVP-Core/MVP-Core.csproj]
/home/runner/work/MVP-Core/MVP-Core/MVP_Core.Data.Models.Reports/ReportResult.cs(12,23): warning CS8618: Non-nullable property 'Summary' must contain a non-null value when exiting constructor. Consider declaring the property as nullable. [/home/runner/work/MVP-Core/MVP-Core/MVP-Core.csproj]
/home/runner/work/MVP-Core/MVP-Core/Data/Models/TroubleshootingAttemptLog.cs(60,23): warning CS8618: Non-nullable property 'ErrorCode' must contain a non-null value when exiting constructor. Consider declaring the property as nullable. [/home/runner/work/MVP-Core/MVP-Core/MVP-Core.csproj]
/home/runner/work/MVP-Core/MVP-Core/Data/Models/TroubleshootingAttemptLog.cs(65,23): warning CS8618: Non-nullable property 'EquipmentType' must contain a non-null value when exiting constructor. Consider declaring the property as nullable. [/home/runner/work/MVP-Core/MVP-Core/MVP-Core.csproj]
/home/runner/work/MVP-Core/MVP-Core/Data/Models/TroubleshootingAttemptLog.cs(70,23): warning CS8618: Non-nullable property 'Manufacturer' must contain a non-null value when exiting constructor. Consider declaring the property as nullable. [/home/runner/work/MVP-Core/MVP-Core/MVP-Core.csproj]
/home/runner/work/MVP-Core/MVP-Core/Data/Models/TroubleshootingAttemptLog.cs(75,23): warning CS8618: Non-nullable property 'CommonFix' must contain a non-null value when exiting constructor. Consider declaring the property as nullable. [/home/runner/work/MVP-Core/MVP-Core/MVP-Core.csproj]
/home/runner/work/MVP-Core/MVP-Core/Data/Models/TroubleshootingAttemptLog.cs(24,23): warning CS8618: Non-nullable property 'PromptInput' must contain a non-null value when exiting constructor. Consider declaring the property as nullable. [/home/runner/work/MVP-Core/MVP-Core/MVP-Core.csproj]
/home/runner/work/MVP-Core/MVP-Core/Data/Models/TroubleshootingAttemptLog.cs(29,23): warning CS8618: Non-nullable property 'SuggestedFix' must contain a non-null value when exiting constructor. Consider declaring the property as nullable. [/home/runner/work/MVP-Core/MVP-Core/MVP-Core.csproj]
/home/runner/work/MVP-Core/MVP-Core/Data/Models/TroubleshootingAttemptLog.cs(39,23): warning CS8618: Non-nullable property 'TechNotes' must contain a non-null value when exiting constructor. Consider declaring the property as nullable. [/home/runner/work/MVP-Core/MVP-Core/MVP-Core.csproj]
/home/runner/work/MVP-Core/MVP-Core/Pages/Technician/TrainingCenter.cshtml.cs(31,42): warning CS8600: Converting null literal or possible null value to non-nullable type. [/home/runner/work/MVP-Core/MVP-Core/MVP-Core.csproj]
/home/runner/work/MVP-Core/MVP-Core/Pages/Technician/TrainingCenter.cshtml.cs(23,27): warning CS1998: This async method lacks 'await' operators and will run synchronously. Consider using the 'await' operator to await non-blocking API calls, or 'await Task.Run(...)' to do CPU-bound work on a background thread. [/home/runner/work/MVP-Core/MVP-Core/MVP-Core.csproj]
/home/runner/work/MVP-Core/MVP-Core/Pages/Technician/TrainingCenter.cshtml.cs(35,42): warning CS1998: This async method lacks 'await' operators and will run synchronously. Consider using the 'await' operator to await non-blocking API calls, or 'await Task.Run(...)' to do CPU-bound work on a background thread. [/home/runner/work/MVP-Core/MVP-Core/MVP-Core.csproj]
/home/runner/work/MVP-Core/MVP-Core/Middleware/RequireLoyaltyTierAttribute.cs(32,70): warning CS8602: Dereference of a possibly null reference. [/home/runner/work/MVP-Core/MVP-Core/MVP-Core.csproj]
/home/runner/work/MVP-Core/MVP-Core/Middleware/RequireLoyaltyTierAttribute.cs(32,70): warning CS8602: Dereference of a possibly null reference. [/home/runner/work/MVP-Core/MVP-Core/MVP-Core.csproj]
/home/runner/work/MVP-Core/MVP-Core/Middleware/RequireLoyaltyTierAttribute.cs(39,37): warning CS8602: Dereference of a possibly null reference. [/home/runner/work/MVP-Core/MVP-Core/MVP-Core.csproj]
/home/runner/work/MVP-Core/MVP-Core/Pages/Technician/TrainingCenter.cshtml.cs(43,42): warning CS1998: This async method lacks 'await' operators and will run synchronously. Consider using the 'await' operator to await non-blocking API calls, or 'await Task.Run(...)' to do CPU-bound work on a background thread. [/home/runner/work/MVP-Core/MVP-Core/MVP-Core.csproj]
/home/runner/work/MVP-Core/MVP-Core/Pages/Admin/BehaviorCenter.cshtml.cs(15,12): warning CS8618: Non-nullable property 'TechFilter' must contain a non-null value when exiting constructor. Consider declaring the property as nullable. [/home/runner/work/MVP-Core/MVP-Core/MVP-Core.csproj]
/home/runner/work/MVP-Core/MVP-Core/Pages/Admin/BehaviorCenter.cshtml.cs(15,12): warning CS8618: Non-nullable property 'DateFilter' must contain a non-null value when exiting constructor. Consider declaring the property as nullable. [/home/runner/work/MVP-Core/MVP-Core/MVP-Core.csproj]
/home/runner/work/MVP-Core/MVP-Core/Pages/Admin/BehaviorCenter.cshtml.cs(15,12): warning CS8618: Non-nullable property 'SeverityFilter' must contain a non-null value when exiting constructor. Consider declaring the property as nullable. [/home/runner/work/MVP-Core/MVP-Core/MVP-Core.csproj]
/home/runner/work/MVP-Core/MVP-Core/Pages/Admin/BehaviorCenter.cshtml.cs(15,12): warning CS8618: Non-nullable property 'StatusMessage' must contain a non-null value when exiting constructor. Consider declaring the property as nullable. [/home/runner/work/MVP-Core/MVP-Core/MVP-Core.csproj]
/home/runner/work/MVP-Core/MVP-Core/Services/Tenant/TenantResolver.cs(41,49): warning CS8604: Possible null reference argument for parameter 'value' in 'void SessionExtensions.SetString(ISession session, string key, string value)'. [/home/runner/work/MVP-Core/MVP-Core/MVP-Core.csproj]
/home/runner/work/MVP-Core/MVP-Core/Services/Tenant/TenantResolver.cs(53,53): warning CS8604: Possible null reference argument for parameter 'value' in 'void SessionExtensions.SetString(ISession session, string key, string value)'. [/home/runner/work/MVP-Core/MVP-Core/MVP-Core.csproj]
/home/runner/work/MVP-Core/MVP-Core/ViewModels/DiagnosticResultsViewModel.cs(6,19): warning CS8618: Non-nullable property 'TenantName' must contain a non-null value when exiting constructor. Consider declaring the property as nullable. [/home/runner/work/MVP-Core/MVP-Core/MVP-Core.csproj]
/home/runner/work/MVP-Core/MVP-Core/ViewModels/DiagnosticResultsViewModel.cs(7,19): warning CS8618: Non-nullable property 'LicenseStatus' must contain a non-null value when exiting constructor. Consider declaring the property as nullable. [/home/runner/work/MVP-Core/MVP-Core/MVP-Core.csproj]
/home/runner/work/MVP-Core/MVP-Core/ViewModels/DiagnosticResultsViewModel.cs(8,19): warning CS8618: Non-nullable property 'InsuranceStatus' must contain a non-null value when exiting constructor. Consider declaring the property as nullable. [/home/runner/work/MVP-Core/MVP-Core/MVP-Core.csproj]
/home/runner/work/MVP-Core/MVP-Core/ViewModels/DiagnosticResultsViewModel.cs(9,19): warning CS8618: Non-nullable property 'CertStatus' must contain a non-null value when exiting constructor. Consider declaring the property as nullable. [/home/runner/work/MVP-Core/MVP-Core/MVP-Core.csproj]
/home/runner/work/MVP-Core/MVP-Core/ViewModels/DiagnosticResultsViewModel.cs(10,19): warning CS8618: Non-nullable property 'ProBadgeStatus' must contain a non-null value when exiting constructor. Consider declaring the property as nullable. [/home/runner/work/MVP-Core/MVP-Core/MVP-Core.csproj]
/home/runner/work/MVP-Core/MVP-Core/ViewModels/DiagnosticResultsViewModel.cs(11,19): warning CS8618: Non-nullable property 'OverrideEligible' must contain a non-null value when exiting constructor. Consider declaring the property as nullable. [/home/runner/work/MVP-Core/MVP-Core/MVP-Core.csproj]
/home/runner/work/MVP-Core/MVP-Core/Services/Technician/AutoNotificationService.cs(27,54): warning CS8604: Possible null reference argument for parameter 'recipient' in 'Task NotificationService.SendAsync(object recipient, string message)'. [/home/runner/work/MVP-Core/MVP-Core/MVP-Core.csproj]
/home/runner/work/MVP-Core/MVP-Core/Services/ServiceRequestService.cs(109,13): warning CS4014: Because this call is not awaited, execution of the current method continues before the call is completed. Consider applying the 'await' operator to the result of the call. [/home/runner/work/MVP-Core/MVP-Core/MVP-Core.csproj]
/home/runner/work/MVP-Core/MVP-Core/Services/ServiceRequestService.cs(64,25): warning CS8601: Possible null reference assignment. [/home/runner/work/MVP-Core/MVP-Core/MVP-Core.csproj]
/home/runner/work/MVP-Core/MVP-Core/Services/ServiceRequestService.cs(65,27): warning CS8601: Possible null reference assignment. [/home/runner/work/MVP-Core/MVP-Core/MVP-Core.csproj]
/home/runner/work/MVP-Core/MVP-Core/Services/ServiceRequestService.cs(67,34): warning CS8601: Possible null reference assignment. [/home/runner/work/MVP-Core/MVP-Core/MVP-Core.csproj]
/home/runner/work/MVP-Core/MVP-Core/Services/PatchReputationEngine.cs(93,29): warning CS0472: The result of the expression is always 'true' since a value of type 'double' is never equal to 'null' of type 'double?' [/home/runner/work/MVP-Core/MVP-Core/MVP-Core.csproj]
/home/runner/work/MVP-Core/MVP-Core/Services/Metrics/ForecastingEngine.cs(24,144): warning CS8629: Nullable value type may be null. [/home/runner/work/MVP-Core/MVP-Core/MVP-Core.csproj]
/home/runner/work/MVP-Core/MVP-Core/Services/MediaUploadService.cs(112,22): warning CS8602: Dereference of a possibly null reference. [/home/runner/work/MVP-Core/MVP-Core/MVP-Core.csproj]
/home/runner/work/MVP-Core/MVP-Core/Services/Diagnostics/DiagnosticsAIService.cs(20,57): warning CS1998: This async method lacks 'await' operators and will run synchronously. Consider using the 'await' operator to await non-blocking API calls, or 'await Task.Run(...)' to do CPU-bound work on a background thread. [/home/runner/work/MVP-Core/MVP-Core/MVP-Core.csproj]
/home/runner/work/MVP-Core/MVP-Core/Services/CustomerTicketAnalyticsService.cs(35,43): warning CS8629: Nullable value type may be null. [/home/runner/work/MVP-Core/MVP-Core/MVP-Core.csproj]
/home/runner/work/MVP-Core/MVP-Core/Services/CustomerTicketAnalyticsService.cs(47,30): warning CS8629: Nullable value type may be null. [/home/runner/work/MVP-Core/MVP-Core/MVP-Core.csproj]
/home/runner/work/MVP-Core/MVP-Core/Services/Compliance/ComplianceEnforcementService.cs(19,50): warning CS1998: This async method lacks 'await' operators and will run synchronously. Consider using the 'await' operator to await non-blocking API calls, or 'await Task.Run(...)' to do CPU-bound work on a background thread. [/home/runner/work/MVP-Core/MVP-Core/MVP-Core.csproj]
/home/runner/work/MVP-Core/MVP-Core/Services/Compliance/ComplianceEnforcementService.cs(30,27): warning CS1998: This async method lacks 'await' operators and will run synchronously. Consider using the 'await' operator to await non-blocking API calls, or 'await Task.Run(...)' to do CPU-bound work on a background thread. [/home/runner/work/MVP-Core/MVP-Core/MVP-Core.csproj]
/home/runner/work/MVP-Core/MVP-Core/Services/Background/RoastEvolutionHostedService.cs(14,16): warning CS8618: Non-nullable field '_timer' must contain a non-null value when exiting constructor. Consider declaring the field as nullable. [/home/runner/work/MVP-Core/MVP-Core/MVP-Core.csproj]
/home/runner/work/MVP-Core/MVP-Core/Services/Analytics/UserActionLogCleanupService.cs(24,30): warning CS8600: Converting null literal or possible null value to non-nullable type. [/home/runner/work/MVP-Core/MVP-Core/MVP-Core.csproj]
/home/runner/work/MVP-Core/MVP-Core/Services/Analytics/UserActionLogCleanupService.cs(26,41): warning CS8602: Dereference of a possibly null reference. [/home/runner/work/MVP-Core/MVP-Core/MVP-Core.csproj]
/home/runner/work/MVP-Core/MVP-Core/Services/Admin/TrustScoreDropAlertService.cs(66,59): warning CS1998: This async method lacks 'await' operators and will run synchronously. Consider using the 'await' operator to await non-blocking API calls, or 'await Task.Run(...)' to do CPU-bound work on a background thread. [/home/runner/work/MVP-Core/MVP-Core/MVP-Core.csproj]
/home/runner/work/MVP-Core/MVP-Core/Services/Admin/TechnicianTrustAnalyticsService.cs(31,57): warning CS8602: Dereference of a possibly null reference. [/home/runner/work/MVP-Core/MVP-Core/MVP-Core.csproj]
/home/runner/work/MVP-Core/MVP-Core/Services/Admin/TechnicianResponseService.cs(57,157): warning CS8629: Nullable value type may be null. [/home/runner/work/MVP-Core/MVP-Core/MVP-Core.csproj]
/home/runner/work/MVP-Core/MVP-Core/Services/Admin/TechnicianInsightService.cs(26,50): warning CS8629: Nullable value type may be null. [/home/runner/work/MVP-Core/MVP-Core/MVP-Core.csproj]
/home/runner/work/MVP-Core/MVP-Core/Services/Admin/TechnicianInsightService.cs(25,97): warning CS8073: The result of the expression is always 'true' since a value of type 'DateTime' is never equal to 'null' of type 'DateTime?' [/home/runner/work/MVP-Core/MVP-Core/MVP-Core.csproj]
/home/runner/work/MVP-Core/MVP-Core/Services/Admin/SprintPdfArchive.cs(87,29): warning CS0618: 'ImageExtensions.Image(IContainer, string, ImageScaling)' is obsolete: 'This element has been changed since version 2023.5. Please use the Image method overload that returns the ImageDescriptor object.' [/home/runner/work/MVP-Core/MVP-Core/MVP-Core.csproj]
/home/runner/work/MVP-Core/MVP-Core/Services/Admin/SanityShieldService.cs(32,18): warning CS0219: The variable 'shieldRoast' is assigned but its value is never used [/home/runner/work/MVP-Core/MVP-Core/MVP-Core.csproj]
/home/runner/work/MVP-Core/MVP-Core/Services/Admin/SanityShieldService.cs(33,18): warning CS0219: The variable 'softenEscalation' is assigned but its value is never used [/home/runner/work/MVP-Core/MVP-Core/MVP-Core.csproj]
/home/runner/work/MVP-Core/MVP-Core/Services/Admin/SanityShieldService.cs(34,18): warning CS0219: The variable 'alertSupervisor' is assigned but its value is never used [/home/runner/work/MVP-Core/MVP-Core/MVP-Core.csproj]
/home/runner/work/MVP-Core/MVP-Core/Services/Admin/ReputationGraphBuilderService.cs(56,20): warning CS8619: Nullability of reference types in value of type 'List<string?>' doesn't match target type 'List<string>'. [/home/runner/work/MVP-Core/MVP-Core/MVP-Core.csproj]
/home/runner/work/MVP-Core/MVP-Core/Services/Admin/RecoveryAILearningService.cs(52,35): warning CS8601: Possible null reference assignment. [/home/runner/work/MVP-Core/MVP-Core/MVP-Core.csproj]
/home/runner/work/MVP-Core/MVP-Core/Services/Admin/RecoveryAILearningService.cs(56,35): warning CS8601: Possible null reference assignment. [/home/runner/work/MVP-Core/MVP-Core/MVP-Core.csproj]
/home/runner/work/MVP-Core/MVP-Core/Services/Admin/RecoveryAILearningService.cs(57,38): warning CS8601: Possible null reference assignment. [/home/runner/work/MVP-Core/MVP-Core/MVP-Core.csproj]
/home/runner/work/MVP-Core/MVP-Core/Data/Models/TechnicianReportFeedback.cs(11,23): warning CS8618: Non-nullable property 'FeedbackNotes' must contain a non-null value when exiting constructor. Consider declaring the property as nullable. [/home/runner/work/MVP-Core/MVP-Core/MVP-Core.csproj]
/home/runner/work/MVP-Core/MVP-Core/Data/Models/TechnicianReport.cs(11,23): warning CS8618: Non-nullable property 'Title' must contain a non-null value when exiting constructor. Consider declaring the property as nullable. [/home/runner/work/MVP-Core/MVP-Core/MVP-Core.csproj]
/home/runner/work/MVP-Core/MVP-Core/Data/Models/TechnicianReport.cs(12,23): warning CS8618: Non-nullable property 'WorkSummary' must contain a non-null value when exiting constructor. Consider declaring the property as nullable. [/home/runner/work/MVP-Core/MVP-Core/MVP-Core.csproj]
/home/runner/work/MVP-Core/MVP-Core/Data/Models/TechnicianReport.cs(13,23): warning CS8618: Non-nullable property 'AIAnalysis' must contain a non-null value when exiting constructor. Consider declaring the property as nullable. [/home/runner/work/MVP-Core/MVP-Core/MVP-Core.csproj]
/home/runner/work/MVP-Core/MVP-Core/Data/Models/TechnicianReport.cs(14,23): warning CS8618: Non-nullable property 'Recommendations' must contain a non-null value when exiting constructor. Consider declaring the property as nullable. [/home/runner/work/MVP-Core/MVP-Core/MVP-Core.csproj]
/home/runner/work/MVP-Core/MVP-Core/Services/Admin/IntegrityScoringService.cs(42,20): warning CS8602: Dereference of a possibly null reference. [/home/runner/work/MVP-Core/MVP-Core/MVP-Core.csproj]
/home/runner/work/MVP-Core/MVP-Core/Data/Models/ReviewResponseLog.cs(15,23): warning CS8618: Non-nullable property 'CustomerName' must contain a non-null value when exiting constructor. Consider declaring the property as nullable. [/home/runner/work/MVP-Core/MVP-Core/MVP-Core.csproj]
/home/runner/work/MVP-Core/MVP-Core/Data/Models/ReviewResponseLog.cs(20,23): warning CS8618: Non-nullable property 'Platform' must contain a non-null value when exiting constructor. Consider declaring the property as nullable. [/home/runner/work/MVP-Core/MVP-Core/MVP-Core.csproj]
/home/runner/work/MVP-Core/MVP-Core/Data/Models/ReviewResponseLog.cs(25,23): warning CS8618: Non-nullable property 'Review' must contain a non-null value when exiting constructor. Consider declaring the property as nullable. [/home/runner/work/MVP-Core/MVP-Core/MVP-Core.csproj]
/home/runner/work/MVP-Core/MVP-Core/Data/Models/ReviewResponseLog.cs(30,23): warning CS8618: Non-nullable property 'Response' must contain a non-null value when exiting constructor. Consider declaring the property as nullable. [/home/runner/work/MVP-Core/MVP-Core/MVP-Core.csproj]
/home/runner/work/MVP-Core/MVP-Core/Data/Models/ReviewResponseLog.cs(35,23): warning CS8618: Non-nullable property 'TechName' must contain a non-null value when exiting constructor. Consider declaring the property as nullable. [/home/runner/work/MVP-Core/MVP-Core/MVP-Core.csproj]
/home/runner/work/MVP-Core/MVP-Core/Data/Models/ReviewResponseLog.cs(40,23): warning CS8618: Non-nullable property 'ZipCode' must contain a non-null value when exiting constructor. Consider declaring the property as nullable. [/home/runner/work/MVP-Core/MVP-Core/MVP-Core.csproj]
/home/runner/work/MVP-Core/MVP-Core/Data/Models/ReviewResponseLog.cs(45,23): warning CS8618: Non-nullable property 'ServiceAddress' must contain a non-null value when exiting constructor. Consider declaring the property as nullable. [/home/runner/work/MVP-Core/MVP-Core/MVP-Core.csproj]
/home/runner/work/MVP-Core/MVP-Core/Data/Models/NovaIntel/NovaDecisionMemory.cs(9,23): warning CS8618: Non-nullable property 'DecisionType' must contain a non-null value when exiting constructor. Consider declaring the property as nullable. [/home/runner/work/MVP-Core/MVP-Core/MVP-Core.csproj]
/home/runner/work/MVP-Core/MVP-Core/Data/Models/NovaIntel/NovaDecisionMemory.cs(10,23): warning CS8618: Non-nullable property 'ReasonProvided' must contain a non-null value when exiting constructor. Consider declaring the property as nullable. [/home/runner/work/MVP-Core/MVP-Core/MVP-Core.csproj]
/home/runner/work/MVP-Core/MVP-Core/Data/Models/NovaIntel/NovaDecisionMemory.cs(11,23): warning CS8618: Non-nullable property 'InitiatedBy' must contain a non-null value when exiting constructor. Consider declaring the property as nullable. [/home/runner/work/MVP-Core/MVP-Core/MVP-Core.csproj]
/home/runner/work/MVP-Core/MVP-Core/Data/Models/NovaIntel/NovaDecisionMemory.cs(13,23): warning CS8618: Non-nullable property 'LinkedObjectType' must contain a non-null value when exiting constructor. Consider declaring the property as nullable. [/home/runner/work/MVP-Core/MVP-Core/MVP-Core.csproj]
/home/runner/work/MVP-Core/MVP-Core/Data/Models/NovaIntel/NovaDecisionMemory.cs(14,23): warning CS8618: Non-nullable property 'LinkedObjectId' must contain a non-null value when exiting constructor. Consider declaring the property as nullable. [/home/runner/work/MVP-Core/MVP-Core/MVP-Core.csproj]
/home/runner/work/MVP-Core/MVP-Core/Pages/Technician/Reviews.cshtml.cs(19,16): warning CS8618: Non-nullable property 'TechnicianDetail' must contain a non-null value when exiting constructor. Consider declaring the property as nullable. [/home/runner/work/MVP-Core/MVP-Core/MVP-Core.csproj]
/home/runner/work/MVP-Core/MVP-Core/Services/Admin/ExecutiveSnapshotService.cs(35,48): warning CS8629: Nullable value type may be null. [/home/runner/work/MVP-Core/MVP-Core/MVP-Core.csproj]
/home/runner/work/MVP-Core/MVP-Core/Services/Admin/ExecutiveSnapshotService.cs(48,36): warning CS8629: Nullable value type may be null. [/home/runner/work/MVP-Core/MVP-Core/MVP-Core.csproj]
/home/runner/work/MVP-Core/MVP-Core/Services/Admin/ExecutiveSnapshotService.cs(33,108): warning CS8073: The result of the expression is always 'true' since a value of type 'DateTime' is never equal to 'null' of type 'DateTime?' [/home/runner/work/MVP-Core/MVP-Core/MVP-Core.csproj]
/home/runner/work/MVP-Core/MVP-Core/Pages/Tech/Dashboard.cshtml.cs(37,42): warning CS1998: This async method lacks 'await' operators and will run synchronously. Consider using the 'await' operator to await non-blocking API calls, or 'await Task.Run(...)' to do CPU-bound work on a background thread. [/home/runner/work/MVP-Core/MVP-Core/MVP-Core.csproj]
/home/runner/work/MVP-Core/MVP-Core/Services/Admin/DispatcherService.cs(373,24): warning CS8603: Possible null reference return. [/home/runner/work/MVP-Core/MVP-Core/MVP-Core.csproj]
/home/runner/work/MVP-Core/MVP-Core/Services/Admin/DispatcherService.cs(378,24): warning CS8603: Possible null reference return. [/home/runner/work/MVP-Core/MVP-Core/MVP-Core.csproj]
/home/runner/work/MVP-Core/MVP-Core/Services/Admin/DispatcherService.cs(388,20): warning CS8603: Possible null reference return. [/home/runner/work/MVP-Core/MVP-Core/MVP-Core.csproj]
/home/runner/work/MVP-Core/MVP-Core/Services/Admin/DispatcherService.cs(492,17): warning CS0219: The variable 'maxJobsPerTech' is assigned but its value is never used [/home/runner/work/MVP-Core/MVP-Core/MVP-Core.csproj]
/home/runner/work/MVP-Core/MVP-Core/Services/Admin/DispatcherService.cs(686,20): warning CS8603: Possible null reference return. [/home/runner/work/MVP-Core/MVP-Core/MVP-Core.csproj]
/home/runner/work/MVP-Core/MVP-Core/Services/Admin/DispatcherService.cs(777,30): warning CS8601: Possible null reference assignment. [/home/runner/work/MVP-Core/MVP-Core/MVP-Core.csproj]
/home/runner/work/MVP-Core/MVP-Core/Services/Admin/DispatcherService.cs(819,30): warning CS8601: Possible null reference assignment. [/home/runner/work/MVP-Core/MVP-Core/MVP-Core.csproj]
/home/runner/work/MVP-Core/MVP-Core/Services/Admin/DispatcherService.cs(809,91): warning CS1998: This async method lacks 'await' operators and will run synchronously. Consider using the 'await' operator to await non-blocking API calls, or 'await Task.Run(...)' to do CPU-bound work on a background thread. [/home/runner/work/MVP-Core/MVP-Core/MVP-Core.csproj]
/home/runner/work/MVP-Core/MVP-Core/Pages/Services/ServiceRequest/Start.cshtml.cs(40,42): warning CS1998: This async method lacks 'await' operators and will run synchronously. Consider using the 'await' operator to await non-blocking API calls, or 'await Task.Run(...)' to do CPU-bound work on a background thread. [/home/runner/work/MVP-Core/MVP-Core/MVP-Core.csproj]
/home/runner/work/MVP-Core/MVP-Core/Pages/Customer/ServiceHistory.cshtml.cs(23,18): warning CS8602: Dereference of a possibly null reference. [/home/runner/work/MVP-Core/MVP-Core/MVP-Core.csproj]
/home/runner/work/MVP-Core/MVP-Core/Pages/Customer/Rewards.cshtml.cs(28,18): warning CS8602: Dereference of a possibly null reference. [/home/runner/work/MVP-Core/MVP-Core/MVP-Core.csproj]
/home/runner/work/MVP-Core/MVP-Core/Pages/Customer/Rewards.cshtml.cs(48,43): warning CS8600: Converting null literal or possible null value to non-nullable type. [/home/runner/work/MVP-Core/MVP-Core/MVP-Core.csproj]
/home/runner/work/MVP-Core/MVP-Core/Pages/Customer/Rewards.cshtml.cs(54,25): warning CS8604: Possible null reference argument for parameter 'dashboardUrl' in 'Task EmailService.SendTierCertificateEmailAsync(string toEmail, string customerName, string tierName, string tierDescription, string dashboardUrl, string pdfPath)'. [/home/runner/work/MVP-Core/MVP-Core/MVP-Core.csproj]
/home/runner/work/MVP-Core/MVP-Core/Pages/Customer/Portal.cshtml.cs(31,18): warning CS8602: Dereference of a possibly null reference. [/home/runner/work/MVP-Core/MVP-Core/MVP-Core.csproj]
/home/runner/work/MVP-Core/MVP-Core/Pages/Customer/Dashboard.cshtml.cs(49,101): warning CS8629: Nullable value type may be null. [/home/runner/work/MVP-Core/MVP-Core/MVP-Core.csproj]
/home/runner/work/MVP-Core/MVP-Core/Pages/Compliance/RecoveryWizard.cshtml.cs(27,42): warning CS1998: This async method lacks 'await' operators and will run synchronously. Consider using the 'await' operator to await non-blocking API calls, or 'await Task.Run(...)' to do CPU-bound work on a background thread. [/home/runner/work/MVP-Core/MVP-Core/MVP-Core.csproj]
/home/runner/work/MVP-Core/MVP-Core/Pages/Admin/TrustTimeline.cshtml.cs(27,27): warning CS1998: This async method lacks 'await' operators and will run synchronously. Consider using the 'await' operator to await non-blocking API calls, or 'await Task.Run(...)' to do CPU-bound work on a background thread. [/home/runner/work/MVP-Core/MVP-Core/MVP-Core.csproj]
/home/runner/work/MVP-Core/MVP-Core/Pages/Admin/TechReportCard.cshtml.cs(159,30): warning CS0168: The variable 'ex' is declared but never used [/home/runner/work/MVP-Core/MVP-Core/MVP-Core.csproj]
/home/runner/work/MVP-Core/MVP-Core/Pages/Admin/SystemValidation.cshtml.cs(21,16): warning CS8618: Non-nullable field '_replayService' must contain a non-null value when exiting constructor. Consider declaring the field as nullable. [/home/runner/work/MVP-Core/MVP-Core/MVP-Core.csproj]
/home/runner/work/MVP-Core/MVP-Core/Pages/Admin/SystemValidation.cshtml.cs(42,27): warning CS1998: This async method lacks 'await' operators and will run synchronously. Consider using the 'await' operator to await non-blocking API calls, or 'await Task.Run(...)' to do CPU-bound work on a background thread. [/home/runner/work/MVP-Core/MVP-Core/MVP-Core.csproj]
/home/runner/work/MVP-Core/MVP-Core/Pages/Admin/SystemValidation.cshtml.cs(87,133): warning CS8604: Possible null reference argument for parameter 'notes' in 'Task<bool> ReplayEngineService.ReplaySnapshotAsync(string snapshotHash, string? triggeredBy, DateTime? overrideTimestamp = null, string notes = "")'. [/home/runner/work/MVP-Core/MVP-Core/MVP-Core.csproj]
/home/runner/work/MVP-Core/MVP-Core/Pages/Admin/SystemDiagnostics.cshtml.cs(87,29): warning CS8601: Possible null reference assignment. [/home/runner/work/MVP-Core/MVP-Core/MVP-Core.csproj]
/home/runner/work/MVP-Core/MVP-Core/Pages/Admin/SystemDiagnostics.cshtml.cs(167,29): warning CS8601: Possible null reference assignment. [/home/runner/work/MVP-Core/MVP-Core/MVP-Core.csproj]
/home/runner/work/MVP-Core/MVP-Core/Pages/Admin/SyncAudit.cshtml.cs(9,37): warning CS8618: Non-nullable property 'SyncAnalyticsService' must contain a non-null value when exiting constructor. Consider declaring the property as nullable. [/home/runner/work/MVP-Core/MVP-Core/MVP-Core.csproj]
/home/runner/work/MVP-Core/MVP-Core/Pages/Admin/SkillsTracker.cshtml.cs(23,27): warning CS1998: This async method lacks 'await' operators and will run synchronously. Consider using the 'await' operator to await non-blocking API calls, or 'await Task.Run(...)' to do CPU-bound work on a background thread. [/home/runner/work/MVP-Core/MVP-Core/MVP-Core.csproj]
/home/runner/work/MVP-Core/MVP-Core/Pages/Admin/SkillsTracker.cshtml.cs(35,42): warning CS1998: This async method lacks 'await' operators and will run synchronously. Consider using the 'await' operator to await non-blocking API calls, or 'await Task.Run(...)' to do CPU-bound work on a background thread. [/home/runner/work/MVP-Core/MVP-Core/MVP-Core.csproj]
/home/runner/work/MVP-Core/MVP-Core/Pages/Admin/SkillsTracker.cshtml.cs(40,42): warning CS1998: This async method lacks 'await' operators and will run synchronously. Consider using the 'await' operator to await non-blocking API calls, or 'await Task.Run(...)' to do CPU-bound work on a background thread. [/home/runner/work/MVP-Core/MVP-Core/MVP-Core.csproj]
/home/runner/work/MVP-Core/MVP-Core/Pages/Admin/Pros/GrantBadge.cshtml.cs(74,24): warning CS0219: The variable 'subject' is assigned but its value is never used [/home/runner/work/MVP-Core/MVP-Core/MVP-Core.csproj]
/home/runner/work/MVP-Core/MVP-Core/Pages/Admin/Prompts.cshtml.cs(31,27): warning CS1998: This async method lacks 'await' operators and will run synchronously. Consider using the 'await' operator to await non-blocking API calls, or 'await Task.Run(...)' to do CPU-bound work on a background thread. [/home/runner/work/MVP-Core/MVP-Core/MVP-Core.csproj]
/home/runner/work/MVP-Core/MVP-Core/Pages/Admin/ExecutiveSnapshotViewModel.cs(20,23): warning CS8618: Non-nullable property 'TechnicianName' must contain a non-null value when exiting constructor. Consider declaring the property as nullable. [/home/runner/work/MVP-Core/MVP-Core/MVP-Core.csproj]
/home/runner/work/MVP-Core/MVP-Core/Pages/Admin/ExecutiveSnapshotViewModel.cs(8,23): warning CS8618: Non-nullable property 'SnapshotDate' must contain a non-null value when exiting constructor. Consider declaring the property as nullable. [/home/runner/work/MVP-Core/MVP-Core/MVP-Core.csproj]
/home/runner/work/MVP-Core/MVP-Core/Pages/Admin/ExecutiveSnapshotViewModel.cs(14,41): warning CS8618: Non-nullable property 'TopTechnicians' must contain a non-null value when exiting constructor. Consider declaring the property as nullable. [/home/runner/work/MVP-Core/MVP-Core/MVP-Core.csproj]
/home/runner/work/MVP-Core/MVP-Core/Pages/Admin/ExecutiveSnapshotViewModel.cs(15,29): warning CS8618: Non-nullable property 'CriticalAlerts' must contain a non-null value when exiting constructor. Consider declaring the property as nullable. [/home/runner/work/MVP-Core/MVP-Core/MVP-Core.csproj]
/home/runner/work/MVP-Core/MVP-Core/Pages/Admin/ExecutiveSnapshotViewModel.cs(16,37): warning CS8618: Non-nullable property 'Trend' must contain a non-null value when exiting constructor. Consider declaring the property as nullable. [/home/runner/work/MVP-Core/MVP-Core/MVP-Core.csproj]
/home/runner/work/MVP-Core/MVP-Core/Pages/Admin/EmployeeCentral.cshtml.cs(130,30): warning CS0168: The variable 'ex' is declared but never used [/home/runner/work/MVP-Core/MVP-Core/MVP-Core.csproj]
/home/runner/work/MVP-Core/MVP-Core/Pages/Admin/EmployeeCentral.cshtml.cs(135,42): warning CS1998: This async method lacks 'await' operators and will run synchronously. Consider using the 'await' operator to await non-blocking API calls, or 'await Task.Run(...)' to do CPU-bound work on a background thread. [/home/runner/work/MVP-Core/MVP-Core/MVP-Core.csproj]
/home/runner/work/MVP-Core/MVP-Core/Pages/Admin/DisputePlayback.cshtml.cs(52,71): warning CS8604: Possible null reference argument for parameter 'type' in 'Task DisputeInsightService.LogInsightAsync(int disputeId, string type, string description, string user)'. [/home/runner/work/MVP-Core/MVP-Core/MVP-Core.csproj]
/home/runner/work/MVP-Core/MVP-Core/Pages/Admin/DisputePlayback.cshtml.cs(52,77): warning CS8604: Possible null reference argument for parameter 'description' in 'Task DisputeInsightService.LogInsightAsync(int disputeId, string type, string description, string user)'. [/home/runner/work/MVP-Core/MVP-Core/MVP-Core.csproj]
/home/runner/work/MVP-Core/MVP-Core/Pages/Admin/DisputePlayback.cshtml.cs(52,83): warning CS8604: Possible null reference argument for parameter 'user' in 'Task DisputeInsightService.LogInsightAsync(int disputeId, string type, string description, string user)'. [/home/runner/work/MVP-Core/MVP-Core/MVP-Core.csproj]
/home/runner/work/MVP-Core/MVP-Core/Pages/Admin/CoachingLog.cshtml.cs(85,36): warning CS8604: Possible null reference argument for parameter 's' in 'int int.Parse(string s)'. [/home/runner/work/MVP-Core/MVP-Core/MVP-Core.csproj]
/home/runner/work/MVP-Core/MVP-Core/Pages/Admin/CoachingLog.cshtml.cs(93,34): warning CS8601: Possible null reference assignment. [/home/runner/work/MVP-Core/MVP-Core/MVP-Core.csproj]
/home/runner/work/MVP-Core/MVP-Core/Pages/Admin/CoachingLog.cshtml.cs(94,28): warning CS8601: Possible null reference assignment. [/home/runner/work/MVP-Core/MVP-Core/MVP-Core.csproj]
/home/runner/work/MVP-Core/MVP-Core/Pages/Admin/CoachingLog.cshtml.cs(95,32): warning CS8601: Possible null reference assignment. [/home/runner/work/MVP-Core/MVP-Core/MVP-Core.csproj]
/home/runner/work/MVP-Core/MVP-Core/Pages/Admin/ClockInDiagnostics.cshtml.cs(23,27): warning CS1998: This async method lacks 'await' operators and will run synchronously. Consider using the 'await' operator to await non-blocking API calls, or 'await Task.Run(...)' to do CPU-bound work on a background thread. [/home/runner/work/MVP-Core/MVP-Core/MVP-Core.csproj]
/home/runner/work/MVP-Core/MVP-Core/Pages/Admin/BreakCompliance.cshtml.cs(42,60): warning CS8602: Dereference of a possibly null reference. [/home/runner/work/MVP-Core/MVP-Core/MVP-Core.csproj]
/home/runner/work/MVP-Core/MVP-Core/Pages/Admin/BreakCompliance.cshtml.cs(94,84): warning CS8602: Dereference of a possibly null reference. [/home/runner/work/MVP-Core/MVP-Core/MVP-Core.csproj]
/home/runner/work/MVP-Core/MVP-Core/Pages/Customer/Profile.cshtml(6,10): warning CS8602: Dereference of a possibly null reference. [/home/runner/work/MVP-Core/MVP-Core/MVP-Core.csproj]
/home/runner/work/MVP-Core/MVP-Core/Pages/Customer/ServiceHistory.cshtml(98,59): warning CS8602: Dereference of a possibly null reference. [/home/runner/work/MVP-Core/MVP-Core/MVP-Core.csproj]
/home/runner/work/MVP-Core/MVP-Core/Pages/Customer/ServiceHistory.cshtml(98,59): warning CS8602: Dereference of a possibly null reference. [/home/runner/work/MVP-Core/MVP-Core/MVP-Core.csproj]
/home/runner/work/MVP-Core/MVP-Core/Pages/Customer/Documents.cshtml(9,14): warning CS8602: Dereference of a possibly null reference. [/home/runner/work/MVP-Core/MVP-Core/MVP-Core.csproj]
/home/runner/work/MVP-Core/MVP-Core/Pages/Customer/Portal.cshtml(13,10): warning CS8602: Dereference of a possibly null reference. [/home/runner/work/MVP-Core/MVP-Core/MVP-Core.csproj]
/home/runner/work/MVP-Core/MVP-Core/Pages/Customer/Portal.cshtml(25,83): warning CS8629: Nullable value type may be null. [/home/runner/work/MVP-Core/MVP-Core/MVP-Core.csproj]
/home/runner/work/MVP-Core/MVP-Core/Pages/Customer/Dashboard.cshtml(193,189): warning CS8629: Nullable value type may be null. [/home/runner/work/MVP-Core/MVP-Core/MVP-Core.csproj]
/home/runner/work/MVP-Core/MVP-Core/Pages/Admin/_JobCard.cshtml(54,44): warning CS8602: Dereference of a possibly null reference. [/home/runner/work/MVP-Core/MVP-Core/MVP-Core.csproj]
/home/runner/work/MVP-Core/MVP-Core/Pages/Admin/_JobCard.cshtml(74,22): warning CS8602: Dereference of a possibly null reference. [/home/runner/work/MVP-Core/MVP-Core/MVP-Core.csproj]
/home/runner/work/MVP-Core/MVP-Core/Pages/Admin/_JobCard.cshtml(74,55): warning CS8602: Dereference of a possibly null reference. [/home/runner/work/MVP-Core/MVP-Core/MVP-Core.csproj]
/home/runner/work/MVP-Core/MVP-Core/Pages/Admin/EditMatchup.cshtml(16,127): warning CS8602: Dereference of a possibly null reference. [/home/runner/work/MVP-Core/MVP-Core/MVP-Core.csproj]
/home/runner/work/MVP-Core/MVP-Core/Pages/Admin/EditMatchup.cshtml(21,127): warning CS8602: Dereference of a possibly null reference. [/home/runner/work/MVP-Core/MVP-Core/MVP-Core.csproj]
/home/runner/work/MVP-Core/MVP-Core/Pages/Admin/EditMatchup.cshtml(22,127): warning CS8602: Dereference of a possibly null reference. [/home/runner/work/MVP-Core/MVP-Core/MVP-Core.csproj]
/home/runner/work/MVP-Core/MVP-Core/Pages/Admin/EditMatchup.cshtml(23,139): warning CS8602: Dereference of a possibly null reference. [/home/runner/work/MVP-Core/MVP-Core/MVP-Core.csproj]
/home/runner/work/MVP-Core/MVP-Core/Pages/Admin/EditMatchup.cshtml(27,127): warning CS8602: Dereference of a possibly null reference. [/home/runner/work/MVP-Core/MVP-Core/MVP-Core.csproj]
/home/runner/work/MVP-Core/MVP-Core/Pages/Admin/EditMatchup.cshtml(28,127): warning CS8602: Dereference of a possibly null reference. [/home/runner/work/MVP-Core/MVP-Core/MVP-Core.csproj]
/home/runner/work/MVP-Core/MVP-Core/Pages/Admin/EditMatchup.cshtml(29,139): warning CS8602: Dereference of a possibly null reference. [/home/runner/work/MVP-Core/MVP-Core/MVP-Core.csproj]
/home/runner/work/MVP-Core/MVP-Core/Pages/Admin/EditMatchup.cshtml(33,127): warning CS8602: Dereference of a possibly null reference. [/home/runner/work/MVP-Core/MVP-Core/MVP-Core.csproj]
/home/runner/work/MVP-Core/MVP-Core/Pages/Admin/EditMatchup.cshtml(34,127): warning CS8602: Dereference of a possibly null reference. [/home/runner/work/MVP-Core/MVP-Core/MVP-Core.csproj]
/home/runner/work/MVP-Core/MVP-Core/Pages/Admin/EditMatchup.cshtml(38,127): warning CS8602: Dereference of a possibly null reference. [/home/runner/work/MVP-Core/MVP-Core/MVP-Core.csproj]
/home/runner/work/MVP-Core/MVP-Core/Pages/Admin/EditMatchup.cshtml(39,127): warning CS8602: Dereference of a possibly null reference. [/home/runner/work/MVP-Core/MVP-Core/MVP-Core.csproj]
/home/runner/work/MVP-Core/MVP-Core/Pages/Admin/EditMatchup.cshtml(43,127): warning CS8602: Dereference of a possibly null reference. [/home/runner/work/MVP-Core/MVP-Core/MVP-Core.csproj]
/home/runner/work/MVP-Core/MVP-Core/Pages/Admin/EditMatchup.cshtml(44,127): warning CS8602: Dereference of a possibly null reference. [/home/runner/work/MVP-Core/MVP-Core/MVP-Core.csproj]
/home/runner/work/MVP-Core/MVP-Core/Pages/Admin/EditMatchup.cshtml(48,127): warning CS8602: Dereference of a possibly null reference. [/home/runner/work/MVP-Core/MVP-Core/MVP-Core.csproj]
/home/runner/work/MVP-Core/MVP-Core/Pages/Admin/EditMatchup.cshtml(49,127): warning CS8602: Dereference of a possibly null reference. [/home/runner/work/MVP-Core/MVP-Core/MVP-Core.csproj]
/home/runner/work/MVP-Core/MVP-Core/Pages/Admin/EditMatchup.cshtml(53,127): warning CS8602: Dereference of a possibly null reference. [/home/runner/work/MVP-Core/MVP-Core/MVP-Core.csproj]
/home/runner/work/MVP-Core/MVP-Core/Pages/Admin/EditMatchup.cshtml(54,127): warning CS8602: Dereference of a possibly null reference. [/home/runner/work/MVP-Core/MVP-Core/MVP-Core.csproj]
/home/runner/work/MVP-Core/MVP-Core/Pages/Admin/EditMatchup.cshtml(58,127): warning CS8602: Dereference of a possibly null reference. [/home/runner/work/MVP-Core/MVP-Core/MVP-Core.csproj]
/home/runner/work/MVP-Core/MVP-Core/Pages/Admin/EditMatchup.cshtml(59,127): warning CS8602: Dereference of a possibly null reference. [/home/runner/work/MVP-Core/MVP-Core/MVP-Core.csproj]
/home/runner/work/MVP-Core/MVP-Core/Pages/Admin/EditMatchup.cshtml(63,127): warning CS8602: Dereference of a possibly null reference. [/home/runner/work/MVP-Core/MVP-Core/MVP-Core.csproj]
/home/runner/work/MVP-Core/MVP-Core/Pages/Admin/EditMatchup.cshtml(64,127): warning CS8602: Dereference of a possibly null reference. [/home/runner/work/MVP-Core/MVP-Core/MVP-Core.csproj]
/home/runner/work/MVP-Core/MVP-Core/Pages/Admin/EditMatchup.cshtml(68,127): warning CS8602: Dereference of a possibly null reference. [/home/runner/work/MVP-Core/MVP-Core/MVP-Core.csproj]
/home/runner/work/MVP-Core/MVP-Core/Pages/Admin/EditMatchup.cshtml(69,127): warning CS8602: Dereference of a possibly null reference. [/home/runner/work/MVP-Core/MVP-Core/MVP-Core.csproj]
/home/runner/work/MVP-Core/MVP-Core/Pages/Admin/EditMatchup.cshtml(73,127): warning CS8602: Dereference of a possibly null reference. [/home/runner/work/MVP-Core/MVP-Core/MVP-Core.csproj]
/home/runner/work/MVP-Core/MVP-Core/Pages/Admin/EditMatchup.cshtml(74,130): warning CS8602: Dereference of a possibly null reference. [/home/runner/work/MVP-Core/MVP-Core/MVP-Core.csproj]
/home/runner/work/MVP-Core/MVP-Core/Pages/Admin/Dashboard.cshtml(297,14): warning CS8602: Dereference of a possibly null reference. [/home/runner/work/MVP-Core/MVP-Core/MVP-Core.csproj]
/home/runner/work/MVP-Core/MVP-Core/Pages/Admin/AssignmentLog.cshtml(14,26): warning CS8600: Converting null literal or possible null value to non-nullable type. [/home/runner/work/MVP-Core/MVP-Core/MVP-Core.csproj]
/home/runner/work/MVP-Core/MVP-Core/Pages/Admin/AssignmentLog.cshtml(15,26): warning CS8600: Converting null literal or possible null value to non-nullable type. [/home/runner/work/MVP-Core/MVP-Core/MVP-Core.csproj]
/home/runner/work/MVP-Core/MVP-Core/Pages/Admin/SystemValidation.cshtml.cs(20,51): warning CS0649: Field 'SystemValidationModel._replayService' is never assigned to, and will always have its default value null [/home/runner/work/MVP-Core/MVP-Core/MVP-Core.csproj]
/home/runner/work/MVP-Core/MVP-Core/Pages/Admin/ManagerTools.cshtml.cs(29,10): warning MVC1001: 'ValidateAntiForgeryTokenAttribute' cannot be applied to Razor Page handler methods. It may be applied either to the Razor Page model or applied globally. [/home/runner/work/MVP-Core/MVP-Core/MVP-Core.csproj]
/home/runner/work/MVP-Core/MVP-Core/Pages/Admin/ManagerTools.cshtml.cs(37,10): warning MVC1001: 'ValidateAntiForgeryTokenAttribute' cannot be applied to Razor Page handler methods. It may be applied either to the Razor Page model or applied globally. [/home/runner/work/MVP-Core/MVP-Core/MVP-Core.csproj]
/home/runner/work/MVP-Core/MVP-Core/Pages/Admin/ManagerTools.cshtml.cs(45,10): warning MVC1001: 'ValidateAntiForgeryTokenAttribute' cannot be applied to Razor Page handler methods. It may be applied either to the Razor Page model or applied globally. [/home/runner/work/MVP-Core/MVP-Core/MVP-Core.csproj]
/home/runner/work/MVP-Core/MVP-Core/Pages/Admin/ManageSEO.cshtml.cs(26,37): error CS1061: 'string' does not contain a definition for 'Title' and no accessible extension method 'Title' accepting a first argument of type 'string' could be found (are you missing a using directive or an assembly reference?) [/home/runner/work/MVP-Core/MVP-Core/MVP-Core.csproj]
/home/runner/work/MVP-Core/MVP-Core/Pages/Admin/ManageSEO.cshtml.cs(27,47): error CS1061: 'string' does not contain a definition for 'MetaDescription' and no accessible extension method 'MetaDescription' accepting a first argument of type 'string' could be found (are you missing a using directive or an assembly reference?) [/home/runner/work/MVP-Core/MVP-Core/MVP-Core.csproj]
/home/runner/work/MVP-Core/MVP-Core/Pages/Admin/ManageSEO.cshtml.cs(28,40): error CS1061: 'string' does not contain a definition for 'Keywords' and no accessible extension method 'Keywords' accepting a first argument of type 'string' could be found (are you missing a using directive or an assembly reference?) [/home/runner/work/MVP-Core/MVP-Core/MVP-Core.csproj]
/home/runner/work/MVP-Core/MVP-Core/Pages/Admin/ManageSEO.cshtml.cs(29,38): error CS1061: 'string' does not contain a definition for 'Robots' and no accessible extension method 'Robots' accepting a first argument of type 'string' could be found (are you missing a using directive or an assembly reference?) [/home/runner/work/MVP-Core/MVP-Core/MVP-Core.csproj]
/home/runner/work/MVP-Core/MVP-Core/Data/Seeders/DatabaseSeeder.cs(191,49): error CS0234: The type or namespace name 'Admin' does not exist in the namespace 'Data.Models' (are you missing an assembly reference?) [/home/runner/work/MVP-Core/MVP-Core/MVP-Core.csproj]
/home/runner/work/MVP-Core/MVP-Core/Pages/_Host.cshtml.cs(17,32): error CS0029: Cannot implicitly convert type 'string' to 'Data.Models.Seo.SeoMeta' [/home/runner/work/MVP-Core/MVP-Core/MVP-Core.csproj]
/home/runner/work/MVP-Core/MVP-Core/Pages/Verify.cshtml.cs(53,41): error CS1061: 'string' does not contain a definition for 'Title' and no accessible extension method 'Title' accepting a first argument of type 'string' could be found (are you missing a using directive or an assembly reference?) [/home/runner/work/MVP-Core/MVP-Core/MVP-Core.csproj]
/home/runner/work/MVP-Core/MVP-Core/Pages/Verify.cshtml.cs(54,51): error CS1061: 'string' does not contain a definition for 'MetaDescription' and no accessible extension method 'MetaDescription' accepting a first argument of type 'string' could be found (are you missing a using directive or an assembly reference?) [/home/runner/work/MVP-Core/MVP-Core/MVP-Core.csproj]
/home/runner/work/MVP-Core/MVP-Core/Pages/Verify.cshtml.cs(55,44): error CS1061: 'string' does not contain a definition for 'Keywords' and no accessible extension method 'Keywords' accepting a first argument of type 'string' could be found (are you missing a using directive or an assembly reference?) [/home/runner/work/MVP-Core/MVP-Core/MVP-Core.csproj]
/home/runner/work/MVP-Core/MVP-Core/Pages/Verify.cshtml.cs(56,42): error CS1061: 'string' does not contain a definition for 'Robots' and no accessible extension method 'Robots' accepting a first argument of type 'string' could be found (are you missing a using directive or an assembly reference?) [/home/runner/work/MVP-Core/MVP-Core/MVP-Core.csproj]
/home/runner/work/MVP-Core/MVP-Core/Pages/Tools/HashPassword.cshtml.cs(26,37): error CS1061: 'string' does not contain a definition for 'Title' and no accessible extension method 'Title' accepting a first argument of type 'string' could be found (are you missing a using directive or an assembly reference?) [/home/runner/work/MVP-Core/MVP-Core/MVP-Core.csproj]
/home/runner/work/MVP-Core/MVP-Core/Pages/Tools/HashPassword.cshtml.cs(27,47): error CS1061: 'string' does not contain a definition for 'MetaDescription' and no accessible extension method 'MetaDescription' accepting a first argument of type 'string' could be found (are you missing a using directive or an assembly reference?) [/home/runner/work/MVP-Core/MVP-Core/MVP-Core.csproj]
/home/runner/work/MVP-Core/MVP-Core/Pages/Tools/HashPassword.cshtml.cs(28,40): error CS1061: 'string' does not contain a definition for 'Keywords' and no accessible extension method 'Keywords' accepting a first argument of type 'string' could be found (are you missing a using directive or an assembly reference?) [/home/runner/work/MVP-Core/MVP-Core/MVP-Core.csproj]
/home/runner/work/MVP-Core/MVP-Core/Pages/Tools/HashPassword.cshtml.cs(29,38): error CS1061: 'string' does not contain a definition for 'Robots' and no accessible extension method 'Robots' accepting a first argument of type 'string' could be found (are you missing a using directive or an assembly reference?) [/home/runner/work/MVP-Core/MVP-Core/MVP-Core.csproj]
/home/runner/work/MVP-Core/MVP-Core/Pages/TestSeoCompliance.cshtml.cs(30,41): error CS1061: 'string' does not contain a definition for 'Title' and no accessible extension method 'Title' accepting a first argument of type 'string' could be found (are you missing a using directive or an assembly reference?) [/home/runner/work/MVP-Core/MVP-Core/MVP-Core.csproj]
/home/runner/work/MVP-Core/MVP-Core/Pages/TestSeoCompliance.cshtml.cs(31,51): error CS1061: 'string' does not contain a definition for 'MetaDescription' and no accessible extension method 'MetaDescription' accepting a first argument of type 'string' could be found (are you missing a using directive or an assembly reference?) [/home/runner/work/MVP-Core/MVP-Core/MVP-Core.csproj]
/home/runner/work/MVP-Core/MVP-Core/Pages/TestSeoCompliance.cshtml.cs(32,44): error CS1061: 'string' does not contain a definition for 'Keywords' and no accessible extension method 'Keywords' accepting a first argument of type 'string' could be found (are you missing a using directive or an assembly reference?) [/home/runner/work/MVP-Core/MVP-Core/MVP-Core.csproj]
/home/runner/work/MVP-Core/MVP-Core/Pages/TestSeoCompliance.cshtml.cs(33,42): error CS1061: 'string' does not contain a definition for 'Robots' and no accessible extension method 'Robots' accepting a first argument of type 'string' could be found (are you missing a using directive or an assembly reference?) [/home/runner/work/MVP-Core/MVP-Core/MVP-Core.csproj]
/home/runner/work/MVP-Core/MVP-Core/Program.cs(17,1): error CS0103: The name 'Diagnostics' does not exist in the current context [/home/runner/work/MVP-Core/MVP-Core/MVP-Core.csproj]
/home/runner/work/MVP-Core/MVP-Core/Program.cs(29,37): error CS0234: The type or namespace name 'SEOService' does not exist in the namespace 'Services' (are you missing an assembly reference?) [/home/runner/work/MVP-Core/MVP-Core/MVP-Core.csproj]
/home/runner/work/MVP-Core/MVP-Core/Program.cs(31,43): error CS0234: The type or namespace name 'IRootCauseCorrelationEngine' does not exist in the namespace 'Services.Admin' (are you missing an assembly reference?) [/home/runner/work/MVP-Core/MVP-Core/MVP-Core.csproj]
/home/runner/work/MVP-Core/MVP-Core/Program.cs(31,87): error CS0234: The type or namespace name 'RootCauseCorrelationEngine' does not exist in the namespace 'Services.Admin' (are you missing an assembly reference?) [/home/runner/work/MVP-Core/MVP-Core/MVP-Core.csproj]
/home/runner/work/MVP-Core/MVP-Core/Program.cs(32,43): error CS0234: The type or namespace name 'IReplayEngineService' does not exist in the namespace 'Services.Admin' (are you missing an assembly reference?) [/home/runner/work/MVP-Core/MVP-Core/MVP-Core.csproj]
/home/runner/work/MVP-Core/MVP-Core/Program.cs(32,18): error CS0311: The type 'Services.Admin.ReplayEngineService' cannot be used as type parameter 'TImplementation' in the generic type or method 'ServiceCollectionServiceExtensions.AddScoped<TService, TImplementation>(IServiceCollection)'. There is no implicit reference conversion from 'Services.Admin.ReplayEngineService' to 'Services.Admin.IReplayEngineService'. [/home/runner/work/MVP-Core/MVP-Core/MVP-Core.csproj]
/home/runner/work/MVP-Core/MVP-Core/Program.cs(33,43): error CS0234: The type or namespace name 'ISmartAdminAlertsService' does not exist in the namespace 'Services.Admin' (are you missing an assembly reference?) [/home/runner/work/MVP-Core/MVP-Core/MVP-Core.csproj]
/home/runner/work/MVP-Core/MVP-Core/Program.cs(33,18): error CS0311: The type 'Services.Admin.SmartAdminAlertsService' cannot be used as type parameter 'TImplementation' in the generic type or method 'ServiceCollectionServiceExtensions.AddScoped<TService, TImplementation>(IServiceCollection)'. There is no implicit reference conversion from 'Services.Admin.SmartAdminAlertsService' to 'Services.Admin.ISmartAdminAlertsService'. [/home/runner/work/MVP-Core/MVP-Core/MVP-Core.csproj]
/home/runner/work/MVP-Core/MVP-Core/Program.cs(44,37): error CS0234: The type or namespace name 'ILeaderboardService' does not exist in the namespace 'Services' (are you missing an assembly reference?) [/home/runner/work/MVP-Core/MVP-Core/MVP-Core.csproj]
/home/runner/work/MVP-Core/MVP-Core/Program.cs(44,67): error CS0234: The type or namespace name 'LeaderboardService' does not exist in the namespace 'Services' (are you missing an assembly reference?) [/home/runner/work/MVP-Core/MVP-Core/MVP-Core.csproj]
/home/runner/work/MVP-Core/MVP-Core/Services/Technician/AutoNotificationService.cs(30,49): error CS0246: The type or namespace name 'TechnicianAlertLog' could not be found (are you missing a using directive or an assembly reference?) [/home/runner/work/MVP-Core/MVP-Core/MVP-Core.csproj]
/home/runner/work/MVP-Core/MVP-Core/Services/Stats/LeaderboardService.cs(13,25): error CS0117: 'TechnicianViewModel' does not contain a definition for 'TechnicianName' [/home/runner/work/MVP-Core/MVP-Core/MVP-Core.csproj]
/home/runner/work/MVP-Core/MVP-Core/Services/Stats/LeaderboardService.cs(13,55): error CS0117: 'TechnicianViewModel' does not contain a definition for 'CurrentTier' [/home/runner/work/MVP-Core/MVP-Core/MVP-Core.csproj]
/home/runner/work/MVP-Core/MVP-Core/Services/Stats/LeaderboardService.cs(13,77): error CS0117: 'TechnicianViewModel' does not contain a definition for 'TotalPoints' [/home/runner/work/MVP-Core/MVP-Core/MVP-Core.csproj]
/home/runner/work/MVP-Core/MVP-Core/Services/Stats/LeaderboardService.cs(13,95): error CS0117: 'TechnicianViewModel' does not contain a definition for 'LastRewardSentAt' [/home/runner/work/MVP-Core/MVP-Core/MVP-Core.csproj]
/home/runner/work/MVP-Core/MVP-Core/Services/Stats/LeaderboardService.cs(13,131): error CS0117: 'TechnicianViewModel' does not contain a definition for 'IsEligibleForReward' [/home/runner/work/MVP-Core/MVP-Core/MVP-Core.csproj]
/home/runner/work/MVP-Core/MVP-Core/Services/Stats/LeaderboardService.cs(14,25): error CS0117: 'TechnicianViewModel' does not contain a definition for 'TechnicianName' [/home/runner/work/MVP-Core/MVP-Core/MVP-Core.csproj]
/home/runner/work/MVP-Core/MVP-Core/Services/Stats/LeaderboardService.cs(14,54): error CS0117: 'TechnicianViewModel' does not contain a definition for 'CurrentTier' [/home/runner/work/MVP-Core/MVP-Core/MVP-Core.csproj]
/home/runner/work/MVP-Core/MVP-Core/Services/Stats/LeaderboardService.cs(14,78): error CS0117: 'TechnicianViewModel' does not contain a definition for 'TotalPoints' [/home/runner/work/MVP-Core/MVP-Core/MVP-Core.csproj]
/home/runner/work/MVP-Core/MVP-Core/Services/Stats/LeaderboardService.cs(14,96): error CS0117: 'TechnicianViewModel' does not contain a definition for 'LastRewardSentAt' [/home/runner/work/MVP-Core/MVP-Core/MVP-Core.csproj]
/home/runner/work/MVP-Core/MVP-Core/Services/Stats/LeaderboardService.cs(14,132): error CS0117: 'TechnicianViewModel' does not contain a definition for 'IsEligibleForReward' [/home/runner/work/MVP-Core/MVP-Core/MVP-Core.csproj]
/home/runner/work/MVP-Core/MVP-Core/Services/Scheduled/PatchBadgeHostedService.cs(49,86): error CS0117: 'PatchSystemLog' does not contain a definition for 'Message' [/home/runner/work/MVP-Core/MVP-Core/MVP-Core.csproj]
/home/runner/work/MVP-Core/MVP-Core/Services/Reports/TechnicianReportService.cs(85,17): error CS0117: 'ReportComparison' does not contain a definition for 'TechnicianIds' [/home/runner/work/MVP-Core/MVP-Core/MVP-Core.csproj]
/home/runner/work/MVP-Core/MVP-Core/Services/Reports/TechnicianReportService.cs(86,17): error CS0117: 'ReportComparison' does not contain a definition for 'FromDate' [/home/runner/work/MVP-Core/MVP-Core/MVP-Core.csproj]
/home/runner/work/MVP-Core/MVP-Core/Services/Reports/TechnicianReportService.cs(87,17): error CS0117: 'ReportComparison' does not contain a definition for 'ToDate' [/home/runner/work/MVP-Core/MVP-Core/MVP-Core.csproj]
/home/runner/work/MVP-Core/MVP-Core/Services/Reports/TechnicianReportService.cs(88,17): error CS0117: 'ReportComparison' does not contain a definition for 'ComparisonData' [/home/runner/work/MVP-Core/MVP-Core/MVP-Core.csproj]
/home/runner/work/MVP-Core/MVP-Core/Services/ReplayEngineService.cs(16,47): error CS0246: The type or namespace name 'DefaultUserContext' could not be found (are you missing a using directive or an assembly reference?) [/home/runner/work/MVP-Core/MVP-Core/MVP-Core.csproj]
/home/runner/work/MVP-Core/MVP-Core/Services/PatchReputationEngine.cs(38,72): error CS1061: 'double' does not contain a definition for 'HasValue' and no accessible extension method 'HasValue' accepting a first argument of type 'double' could be found (are you missing a using directive or an assembly reference?) [/home/runner/work/MVP-Core/MVP-Core/MVP-Core.csproj]
/home/runner/work/MVP-Core/MVP-Core/Services/PatchReputationEngine.cs(38,109): error CS1061: 'double' does not contain a definition for 'Value' and no accessible extension method 'Value' accepting a first argument of type 'double' could be found (are you missing a using directive or an assembly reference?) [/home/runner/work/MVP-Core/MVP-Core/MVP-Core.csproj]
/home/runner/work/MVP-Core/MVP-Core/Services/PatchReputationEngine.cs(96,37): error CS0019: Operator '??' cannot be applied to operands of type 'double' and 'int' [/home/runner/work/MVP-Core/MVP-Core/MVP-Core.csproj]
/home/runner/work/MVP-Core/MVP-Core/Services/Admin/TechnicianTrustAnalyticsService.cs(33,49): error CS0234: The type or namespace name 'TechnicianHeatScoreDto' does not exist in the namespace 'MVP_Core.Pages.Admin' (are you missing an assembly reference?) [/home/runner/work/MVP-Core/MVP-Core/MVP-Core.csproj]
/home/runner/work/MVP-Core/MVP-Core/Services/Admin/TechnicianTrustAnalyticsService.cs(56,55): error CS0234: The type or namespace name 'TechnicianTrendPoint' does not exist in the namespace 'MVP_Core.Pages.Admin' (are you missing an assembly reference?) [/home/runner/work/MVP-Core/MVP-Core/MVP-Core.csproj]
/home/runner/work/MVP-Core/MVP-Core/Services/Admin/TechnicianBehaviorAnalyzerService.cs(37,42): error CS0104: 'TechnicianBehaviorLog' is an ambiguous reference between 'Data.Models.TechnicianBehaviorLog' and 'Models.TechnicianBehaviorLog' [/home/runner/work/MVP-Core/MVP-Core/MVP-Core.csproj]
/home/runner/work/MVP-Core/MVP-Core/Services/Admin/TechnicianBehaviorAnalyzerService.cs(52,46): error CS0104: 'TechnicianBehaviorLog' is an ambiguous reference between 'Data.Models.TechnicianBehaviorLog' and 'Models.TechnicianBehaviorLog' [/home/runner/work/MVP-Core/MVP-Core/MVP-Core.csproj]
/home/runner/work/MVP-Core/MVP-Core/Services/Admin/TechnicianBehaviorAnalyzerService.cs(70,46): error CS0104: 'TechnicianBehaviorLog' is an ambiguous reference between 'Data.Models.TechnicianBehaviorLog' and 'Models.TechnicianBehaviorLog' [/home/runner/work/MVP-Core/MVP-Core/MVP-Core.csproj]
/home/runner/work/MVP-Core/MVP-Core/Services/Admin/ReplayEngineService.cs(23,47): error CS0246: The type or namespace name 'DefaultUserContext' could not be found (are you missing a using directive or an assembly reference?) [/home/runner/work/MVP-Core/MVP-Core/MVP-Core.csproj]
/home/runner/work/MVP-Core/MVP-Core/Services/Admin/ReplayEngineService.cs(28,31): error CS0234: The type or namespace name 'Text' does not exist in the namespace 'Services.System' (are you missing an assembly reference?) [/home/runner/work/MVP-Core/MVP-Core/MVP-Core.csproj]
/home/runner/work/MVP-Core/MVP-Core/Services/Admin/RecoveryAILearningService.cs(56,35): error CS0029: Cannot implicitly convert type 'RecoveryScenarioLog' to 'string' [/home/runner/work/MVP-Core/MVP-Core/MVP-Core.csproj]
/home/runner/work/MVP-Core/MVP-Core/Services/Admin/RecoveryAILearningService.cs(57,38): error CS0029: Cannot implicitly convert type 'Data.Models.ServiceRequest' to 'string' [/home/runner/work/MVP-Core/MVP-Core/MVP-Core.csproj]
/home/runner/work/MVP-Core/MVP-Core/Pages/Submit.cshtml.cs(44,37): error CS1061: 'string' does not contain a definition for 'Title' and no accessible extension method 'Title' accepting a first argument of type 'string' could be found (are you missing a using directive or an assembly reference?) [/home/runner/work/MVP-Core/MVP-Core/MVP-Core.csproj]
/home/runner/work/MVP-Core/MVP-Core/Pages/Submit.cshtml.cs(45,47): error CS1061: 'string' does not contain a definition for 'MetaDescription' and no accessible extension method 'MetaDescription' accepting a first argument of type 'string' could be found (are you missing a using directive or an assembly reference?) [/home/runner/work/MVP-Core/MVP-Core/MVP-Core.csproj]
/home/runner/work/MVP-Core/MVP-Core/Pages/Submit.cshtml.cs(46,40): error CS1061: 'string' does not contain a definition for 'Keywords' and no accessible extension method 'Keywords' accepting a first argument of type 'string' could be found (are you missing a using directive or an assembly reference?) [/home/runner/work/MVP-Core/MVP-Core/MVP-Core.csproj]
/home/runner/work/MVP-Core/MVP-Core/Pages/Submit.cshtml.cs(47,38): error CS1061: 'string' does not contain a definition for 'Robots' and no accessible extension method 'Robots' accepting a first argument of type 'string' could be found (are you missing a using directive or an assembly reference?) [/home/runner/work/MVP-Core/MVP-Core/MVP-Core.csproj]
/home/runner/work/MVP-Core/MVP-Core/Pages/Shared/_Layout.cshtml.cs(19,38): error CS1061: 'IDeviceResolver' does not contain a definition for 'Device' and no accessible extension method 'Device' accepting a first argument of type 'IDeviceResolver' could be found (are you missing a using directive or an assembly reference?) [/home/runner/work/MVP-Core/MVP-Core/MVP-Core.csproj]
/home/runner/work/MVP-Core/MVP-Core/Pages/Shared/ThankYou.cshtml.cs(19,41): error CS1061: 'string' does not contain a definition for 'Title' and no accessible extension method 'Title' accepting a first argument of type 'string' could be found (are you missing a using directive or an assembly reference?) [/home/runner/work/MVP-Core/MVP-Core/MVP-Core.csproj]
/home/runner/work/MVP-Core/MVP-Core/Pages/Shared/ThankYou.cshtml.cs(20,51): error CS1061: 'string' does not contain a definition for 'MetaDescription' and no accessible extension method 'MetaDescription' accepting a first argument of type 'string' could be found (are you missing a using directive or an assembly reference?) [/home/runner/work/MVP-Core/MVP-Core/MVP-Core.csproj]
/home/runner/work/MVP-Core/MVP-Core/Pages/Shared/ThankYou.cshtml.cs(21,44): error CS1061: 'string' does not contain a definition for 'Keywords' and no accessible extension method 'Keywords' accepting a first argument of type 'string' could be found (are you missing a using directive or an assembly reference?) [/home/runner/work/MVP-Core/MVP-Core/MVP-Core.csproj]
/home/runner/work/MVP-Core/MVP-Core/Pages/Shared/ThankYou.cshtml.cs(22,42): error CS1061: 'string' does not contain a definition for 'Robots' and no accessible extension method 'Robots' accepting a first argument of type 'string' could be found (are you missing a using directive or an assembly reference?) [/home/runner/work/MVP-Core/MVP-Core/MVP-Core.csproj]
/home/runner/work/MVP-Core/MVP-Core/Data/ApplicationDbContext.cs(319,37): error CS0104: 'TechnicianBehaviorLog' is an ambiguous reference between 'Data.Models.TechnicianBehaviorLog' and 'Models.TechnicianBehaviorLog' [/home/runner/work/MVP-Core/MVP-Core/MVP-Core.csproj]
/home/runner/work/MVP-Core/MVP-Core/Services/Admin/BlueprintGen.cs(11,29): error CS0234: The type or namespace name 'IO' does not exist in the namespace 'Services.System' (are you missing an assembly reference?) [/home/runner/work/MVP-Core/MVP-Core/MVP-Core.csproj]
/home/runner/work/MVP-Core/MVP-Core/Services/Admin/BlueprintGen.cs(12,30): error CS0234: The type or namespace name 'IO' does not exist in the namespace 'Services.System' (are you missing an assembly reference?) [/home/runner/work/MVP-Core/MVP-Core/MVP-Core.csproj]
/home/runner/work/MVP-Core/MVP-Core/Services/Admin/BlueprintGen.cs(13,31): error CS0234: The type or namespace name 'IO' does not exist in the namespace 'Services.System' (are you missing an assembly reference?) [/home/runner/work/MVP-Core/MVP-Core/MVP-Core.csproj]
/home/runner/work/MVP-Core/MVP-Core/Services/Admin/BlueprintGen.cs(15,13): error CS0234: The type or namespace name 'Console' does not exist in the namespace 'Services.System' (are you missing an assembly reference?) [/home/runner/work/MVP-Core/MVP-Core/MVP-Core.csproj]
/home/runner/work/MVP-Core/MVP-Core/Pages/Services/WaterFiltration.cshtml.cs(58,37): error CS1061: 'string' does not contain a definition for 'Title' and no accessible extension method 'Title' accepting a first argument of type 'string' could be found (are you missing a using directive or an assembly reference?) [/home/runner/work/MVP-Core/MVP-Core/MVP-Core.csproj]
/home/runner/work/MVP-Core/MVP-Core/Pages/Services/WaterFiltration.cshtml.cs(59,47): error CS1061: 'string' does not contain a definition for 'MetaDescription' and no accessible extension method 'MetaDescription' accepting a first argument of type 'string' could be found (are you missing a using directive or an assembly reference?) [/home/runner/work/MVP-Core/MVP-Core/MVP-Core.csproj]
/home/runner/work/MVP-Core/MVP-Core/Pages/Services/WaterFiltration.cshtml.cs(60,40): error CS1061: 'string' does not contain a definition for 'Keywords' and no accessible extension method 'Keywords' accepting a first argument of type 'string' could be found (are you missing a using directive or an assembly reference?) [/home/runner/work/MVP-Core/MVP-Core/MVP-Core.csproj]
/home/runner/work/MVP-Core/MVP-Core/Pages/Services/WaterFiltration.cshtml.cs(61,38): error CS1061: 'string' does not contain a definition for 'Robots' and no accessible extension method 'Robots' accepting a first argument of type 'string' could be found (are you missing a using directive or an assembly reference?) [/home/runner/work/MVP-Core/MVP-Core/MVP-Core.csproj]
/home/runner/work/MVP-Core/MVP-Core/Pages/Services/ThankYou.cshtml.cs(38,50): error CS1061: 'ISeoService' does not contain a definition for 'GetSeoMetaAsync' and no accessible extension method 'GetSeoMetaAsync' accepting a first argument of type 'ISeoService' could be found (are you missing a using directive or an assembly reference?) [/home/runner/work/MVP-Core/MVP-Core/MVP-Core.csproj]
/home/runner/work/MVP-Core/MVP-Core/Pages/Services/ThankYou.cshtml.cs(95,17): error CS0118: 'ServiceRequest' is a namespace but is used like a type [/home/runner/work/MVP-Core/MVP-Core/MVP-Core.csproj]
/home/runner/work/MVP-Core/MVP-Core/Pages/Services/PlumbingFinal.cshtml.cs(63,13): error CS0118: 'ServiceRequest' is a namespace but is used like a type [/home/runner/work/MVP-Core/MVP-Core/MVP-Core.csproj]
/home/runner/work/MVP-Core/MVP-Core/Pages/Services/Plumbing.cshtml.cs(57,37): error CS1061: 'string' does not contain a definition for 'Title' and no accessible extension method 'Title' accepting a first argument of type 'string' could be found (are you missing a using directive or an assembly reference?) [/home/runner/work/MVP-Core/MVP-Core/MVP-Core.csproj]
/home/runner/work/MVP-Core/MVP-Core/Pages/Services/Plumbing.cshtml.cs(58,47): error CS1061: 'string' does not contain a definition for 'MetaDescription' and no accessible extension method 'MetaDescription' accepting a first argument of type 'string' could be found (are you missing a using directive or an assembly reference?) [/home/runner/work/MVP-Core/MVP-Core/MVP-Core.csproj]
/home/runner/work/MVP-Core/MVP-Core/Pages/Services/Plumbing.cshtml.cs(59,40): error CS1061: 'string' does not contain a definition for 'Keywords' and no accessible extension method 'Keywords' accepting a first argument of type 'string' could be found (are you missing a using directive or an assembly reference?) [/home/runner/work/MVP-Core/MVP-Core/MVP-Core.csproj]
/home/runner/work/MVP-Core/MVP-Core/Pages/Services/Plumbing.cshtml.cs(60,38): error CS1061: 'string' does not contain a definition for 'Robots' and no accessible extension method 'Robots' accepting a first argument of type 'string' could be found (are you missing a using directive or an assembly reference?) [/home/runner/work/MVP-Core/MVP-Core/MVP-Core.csproj]
/home/runner/work/MVP-Core/MVP-Core/Pages/Services/Heating.cshtml.cs(58,37): error CS1061: 'string' does not contain a definition for 'Title' and no accessible extension method 'Title' accepting a first argument of type 'string' could be found (are you missing a using directive or an assembly reference?) [/home/runner/work/MVP-Core/MVP-Core/MVP-Core.csproj]
/home/runner/work/MVP-Core/MVP-Core/Pages/Services/Heating.cshtml.cs(59,47): error CS1061: 'string' does not contain a definition for 'MetaDescription' and no accessible extension method 'MetaDescription' accepting a first argument of type 'string' could be found (are you missing a using directive or an assembly reference?) [/home/runner/work/MVP-Core/MVP-Core/MVP-Core.csproj]
/home/runner/work/MVP-Core/MVP-Core/Pages/Services/Heating.cshtml.cs(60,40): error CS1061: 'string' does not contain a definition for 'Keywords' and no accessible extension method 'Keywords' accepting a first argument of type 'string' could be found (are you missing a using directive or an assembly reference?) [/home/runner/work/MVP-Core/MVP-Core/MVP-Core.csproj]
/home/runner/work/MVP-Core/MVP-Core/Pages/Services/Heating.cshtml.cs(61,38): error CS1061: 'string' does not contain a definition for 'Robots' and no accessible extension method 'Robots' accepting a first argument of type 'string' could be found (are you missing a using directive or an assembly reference?) [/home/runner/work/MVP-Core/MVP-Core/MVP-Core.csproj]
/home/runner/work/MVP-Core/MVP-Core/Pages/Services/AirConditioning.cshtml.cs(58,37): error CS1061: 'string' does not contain a definition for 'Title' and no accessible extension method 'Title' accepting a first argument of type 'string' could be found (are you missing a using directive or an assembly reference?) [/home/runner/work/MVP-Core/MVP-Core/MVP-Core.csproj]
/home/runner/work/MVP-Core/MVP-Core/Pages/Services/AirConditioning.cshtml.cs(59,47): error CS1061: 'string' does not contain a definition for 'MetaDescription' and no accessible extension method 'MetaDescription' accepting a first argument of type 'string' could be found (are you missing a using directive or an assembly reference?) [/home/runner/work/MVP-Core/MVP-Core/MVP-Core.csproj]
/home/runner/work/MVP-Core/MVP-Core/Pages/Services/AirConditioning.cshtml.cs(60,40): error CS1061: 'string' does not contain a definition for 'Keywords' and no accessible extension method 'Keywords' accepting a first argument of type 'string' could be found (are you missing a using directive or an assembly reference?) [/home/runner/work/MVP-Core/MVP-Core/MVP-Core.csproj]
/home/runner/work/MVP-Core/MVP-Core/Pages/Services/AirConditioning.cshtml.cs(61,38): error CS1061: 'string' does not contain a definition for 'Robots' and no accessible extension method 'Robots' accepting a first argument of type 'string' could be found (are you missing a using directive or an assembly reference?) [/home/runner/work/MVP-Core/MVP-Core/MVP-Core.csproj]
/home/runner/work/MVP-Core/MVP-Core/Pages/Review.cshtml.cs(27,37): error CS1061: 'string' does not contain a definition for 'Title' and no accessible extension method 'Title' accepting a first argument of type 'string' could be found (are you missing a using directive or an assembly reference?) [/home/runner/work/MVP-Core/MVP-Core/MVP-Core.csproj]
/home/runner/work/MVP-Core/MVP-Core/Pages/Review.cshtml.cs(28,47): error CS1061: 'string' does not contain a definition for 'MetaDescription' and no accessible extension method 'MetaDescription' accepting a first argument of type 'string' could be found (are you missing a using directive or an assembly reference?) [/home/runner/work/MVP-Core/MVP-Core/MVP-Core.csproj]
/home/runner/work/MVP-Core/MVP-Core/Pages/Review.cshtml.cs(29,40): error CS1061: 'string' does not contain a definition for 'Keywords' and no accessible extension method 'Keywords' accepting a first argument of type 'string' could be found (are you missing a using directive or an assembly reference?) [/home/runner/work/MVP-Core/MVP-Core/MVP-Core.csproj]
/home/runner/work/MVP-Core/MVP-Core/Pages/Review.cshtml.cs(30,38): error CS1061: 'string' does not contain a definition for 'Robots' and no accessible extension method 'Robots' accepting a first argument of type 'string' could be found (are you missing a using directive or an assembly reference?) [/home/runner/work/MVP-Core/MVP-Core/MVP-Core.csproj]
/home/runner/work/MVP-Core/MVP-Core/Pages/Profile/ProfileReview.cshtml.cs(32,37): error CS1061: 'string' does not contain a definition for 'Title' and no accessible extension method 'Title' accepting a first argument of type 'string' could be found (are you missing a using directive or an assembly reference?) [/home/runner/work/MVP-Core/MVP-Core/MVP-Core.csproj]
/home/runner/work/MVP-Core/MVP-Core/Pages/Profile/ProfileReview.cshtml.cs(33,47): error CS1061: 'string' does not contain a definition for 'MetaDescription' and no accessible extension method 'MetaDescription' accepting a first argument of type 'string' could be found (are you missing a using directive or an assembly reference?) [/home/runner/work/MVP-Core/MVP-Core/MVP-Core.csproj]
/home/runner/work/MVP-Core/MVP-Core/Pages/Profile/ProfileReview.cshtml.cs(34,40): error CS1061: 'string' does not contain a definition for 'Keywords' and no accessible extension method 'Keywords' accepting a first argument of type 'string' could be found (are you missing a using directive or an assembly reference?) [/home/runner/work/MVP-Core/MVP-Core/MVP-Core.csproj]
/home/runner/work/MVP-Core/MVP-Core/Pages/Profile/ProfileReview.cshtml.cs(35,38): error CS1061: 'string' does not contain a definition for 'Robots' and no accessible extension method 'Robots' accepting a first argument of type 'string' could be found (are you missing a using directive or an assembly reference?) [/home/runner/work/MVP-Core/MVP-Core/MVP-Core.csproj]
/home/runner/work/MVP-Core/MVP-Core/Pages/Matchups/Search.cshtml.cs(40,51): error CS1061: 'string' does not contain a definition for 'MetaDescription' and no accessible extension method 'MetaDescription' accepting a first argument of type 'string' could be found (are you missing a using directive or an assembly reference?) [/home/runner/work/MVP-Core/MVP-Core/MVP-Core.csproj]
/home/runner/work/MVP-Core/MVP-Core/Pages/Matchups/Search.cshtml.cs(41,44): error CS1061: 'string' does not contain a definition for 'Keywords' and no accessible extension method 'Keywords' accepting a first argument of type 'string' could be found (are you missing a using directive or an assembly reference?) [/home/runner/work/MVP-Core/MVP-Core/MVP-Core.csproj]
/home/runner/work/MVP-Core/MVP-Core/Pages/Matchups/Search.cshtml.cs(42,42): error CS1061: 'string' does not contain a definition for 'Robots' and no accessible extension method 'Robots' accepting a first argument of type 'string' could be found (are you missing a using directive or an assembly reference?) [/home/runner/work/MVP-Core/MVP-Core/MVP-Core.csproj]
/home/runner/work/MVP-Core/MVP-Core/Pages/Index.cshtml.cs(27,32): error CS0029: Cannot implicitly convert type 'string' to 'Data.Models.Seo.SeoMeta' [/home/runner/work/MVP-Core/MVP-Core/MVP-Core.csproj]
/home/runner/work/MVP-Core/MVP-Core/Pages/AdminLogin.cshtml.cs(53,13): error CS0103: The name 'Layout' does not exist in the current context [/home/runner/work/MVP-Core/MVP-Core/MVP-Core.csproj]
/home/runner/work/MVP-Core/MVP-Core/Pages/AdminLogin.cshtml.cs(56,19): error CS0029: Cannot implicitly convert type 'string' to 'Data.Models.Seo.SeoMeta' [/home/runner/work/MVP-Core/MVP-Core/MVP-Core.csproj]
/home/runner/work/MVP-Core/MVP-Core/Pages/Admin/SystemValidation.cshtml.cs(51,45): error CS1061: 'ValidationSimulatorService' does not contain a definition for 'RunSimulatedDiagnosticsAsync' and no accessible extension method 'RunSimulatedDiagnosticsAsync' accepting a first argument of type 'ValidationSimulatorService' could be found (are you missing a using directive or an assembly reference?) [/home/runner/work/MVP-Core/MVP-Core/MVP-Core.csproj]
/home/runner/work/MVP-Core/MVP-Core/Pages/Admin/SystemValidation.cshtml.cs(58,45): error CS1061: 'ValidationSimulatorService' does not contain a definition for 'TriggerSyntheticAlertAsync' and no accessible extension method 'TriggerSyntheticAlertAsync' accepting a first argument of type 'ValidationSimulatorService' could be found (are you missing a using directive or an assembly reference?) [/home/runner/work/MVP-Core/MVP-Core/MVP-Core.csproj]
/home/runner/work/MVP-Core/MVP-Core/Pages/Admin/SystemValidation.cshtml.cs(65,45): error CS1061: 'ValidationSimulatorService' does not contain a definition for 'SimulateStorageSpikeAsync' and no accessible extension method 'SimulateStorageSpikeAsync' accepting a first argument of type 'ValidationSimulatorService' could be found (are you missing a using directive or an assembly reference?) [/home/runner/work/MVP-Core/MVP-Core/MVP-Core.csproj]
/home/runner/work/MVP-Core/MVP-Core/Pages/Admin/SystemValidation.cshtml.cs(72,45): error CS1061: 'ValidationSimulatorService' does not contain a definition for 'SimulateSLADriftAsync' and no accessible extension method 'SimulateSLADriftAsync' accepting a first argument of type 'ValidationSimulatorService' could be found (are you missing a using directive or an assembly reference?) [/home/runner/work/MVP-Core/MVP-Core/MVP-Core.csproj]
/home/runner/work/MVP-Core/MVP-Core/Pages/Admin/SystemValidation.cshtml.cs(79,45): error CS1061: 'ValidationSimulatorService' does not contain a definition for 'SimulateSnapshotRestoreAsync' and no accessible extension method 'SimulateSnapshotRestoreAsync' accepting a first argument of type 'ValidationSimulatorService' could be found (are you missing a using directive or an assembly reference?) [/home/runner/work/MVP-Core/MVP-Core/MVP-Core.csproj]
/home/runner/work/MVP-Core/MVP-Core/Pages/Admin/SystemDiagnostics.cshtml.cs(70,52): error CS7036: There is no argument given that corresponds to the required parameter 'dataSetId' of 'AutoRepairEngine.DetectCorruptionAsync(string)' [/home/runner/work/MVP-Core/MVP-Core/MVP-Core.csproj]
/home/runner/work/MVP-Core/MVP-Core/Pages/Admin/SystemDiagnostics.cshtml.cs(71,66): error CS1061: 'IRootCauseCorrelationEngine' does not contain a definition for 'CorrelateRootCausesAsync' and no accessible extension method 'CorrelateRootCausesAsync' accepting a first argument of type 'IRootCauseCorrelationEngine' could be found (are you missing a using directive or an assembly reference?) [/home/runner/work/MVP-Core/MVP-Core/MVP-Core.csproj]
/home/runner/work/MVP-Core/MVP-Core/Pages/Admin/SystemDiagnostics.cshtml.cs(72,53): error CS7036: There is no argument given that corresponds to the required parameter 'systemId' of 'ISmartAdminAlertsService.TriggerAlertsAsync(string)' [/home/runner/work/MVP-Core/MVP-Core/MVP-Core.csproj]
/home/runner/work/MVP-Core/MVP-Core/Pages/Admin/SystemDiagnostics.cshtml.cs(73,59): error CS1501: No overload for method 'GetActiveAlertsAsync' takes 1 arguments [/home/runner/work/MVP-Core/MVP-Core/MVP-Core.csproj]
/home/runner/work/MVP-Core/MVP-Core/Pages/Admin/SystemDiagnostics.cshtml.cs(118,37): error CS1061: 'AutoRepairEngine' does not contain a definition for 'RewindToSnapshotAsync' and no accessible extension method 'RewindToSnapshotAsync' accepting a first argument of type 'AutoRepairEngine' could be found (are you missing a using directive or an assembly reference?) [/home/runner/work/MVP-Core/MVP-Core/MVP-Core.csproj]
/home/runner/work/MVP-Core/MVP-Core/Pages/Admin/SystemDiagnostics.cshtml.cs(125,44): error CS1501: No overload for method 'AcknowledgeAlertAsync' takes 3 arguments [/home/runner/work/MVP-Core/MVP-Core/MVP-Core.csproj]
/home/runner/work/MVP-Core/MVP-Core/Pages/Admin/SystemDiagnostics.cshtml.cs(132,40): error CS1061: 'IReplayEngineService' does not contain a definition for 'QueueRecoveryScenarioAsync' and no accessible extension method 'QueueRecoveryScenarioAsync' accepting a first argument of type 'IReplayEngineService' could be found (are you missing a using directive or an assembly reference?) [/home/runner/work/MVP-Core/MVP-Core/MVP-Core.csproj]
/home/runner/work/MVP-Core/MVP-Core/Pages/Admin/SystemDiagnostics.cshtml.cs(142,58): error CS1501: No overload for method 'ReplaySnapshotAsync' takes 4 arguments [/home/runner/work/MVP-Core/MVP-Core/MVP-Core.csproj]
/home/runner/work/MVP-Core/MVP-Core/Pages/Admin/SchedulerQueue.cshtml.cs(49,88): error CS0234: The type or namespace name 'NotificationSchedulerService' does not exist in the namespace 'Pages.Services' (are you missing an assembly reference?) [/home/runner/work/MVP-Core/MVP-Core/MVP-Core.csproj]
/home/runner/work/MVP-Core/MVP-Core/Pages/Admin/SchedulerQueue.cshtml.cs(49,131): error CS0234: The type or namespace name 'NotificationSchedulerService' does not exist in the namespace 'Pages.Services' (are you missing an assembly reference?) [/home/runner/work/MVP-Core/MVP-Core/MVP-Core.csproj]
/home/runner/work/MVP-Core/MVP-Core/Pages/Admin/Leaderboard.cshtml.cs(43,56): error CS1061: 'ILeaderboardService' does not contain a definition for 'GetTopTechniciansAsync' and no accessible extension method 'GetTopTechniciansAsync' accepting a first argument of type 'ILeaderboardService' could be found (are you missing a using directive or an assembly reference?) [/home/runner/work/MVP-Core/MVP-Core/MVP-Core.csproj]
/home/runner/work/MVP-Core/MVP-Core/Pages/Admin/Leaderboard.cshtml.cs(44,65): error CS1061: 'ILeaderboardService' does not contain a definition for 'GetMonthlyChallengeSummaryAsync' and no accessible extension method 'GetMonthlyChallengeSummaryAsync' accepting a first argument of type 'ILeaderboardService' could be found (are you missing a using directive or an assembly reference?) [/home/runner/work/MVP-Core/MVP-Core/MVP-Core.csproj]
/home/runner/work/MVP-Core/MVP-Core/Pages/Admin/Leaderboard.cshtml.cs(45,56): error CS1061: 'ILeaderboardService' does not contain a definition for 'GetTeamEfficiencyAsync' and no accessible extension method 'GetTeamEfficiencyAsync' accepting a first argument of type 'ILeaderboardService' could be found (are you missing a using directive or an assembly reference?) [/home/runner/work/MVP-Core/MVP-Core/MVP-Core.csproj]
/home/runner/work/MVP-Core/MVP-Core/Pages/Admin/Leaderboard.cshtml.cs(46,51): error CS1061: 'IContentService' does not contain a definition for 'GetContentAsync' and no accessible extension method 'GetContentAsync' accepting a first argument of type 'IContentService' could be found (are you missing a using directive or an assembly reference?) [/home/runner/work/MVP-Core/MVP-Core/MVP-Core.csproj]
/home/runner/work/MVP-Core/MVP-Core/Pages/Admin/EditSEO.cshtml.cs(36,48): error CS1061: 'string' does not contain a definition for 'MetaDescription' and no accessible extension method 'MetaDescription' accepting a first argument of type 'string' could be found (are you missing a using directive or an assembly reference?) [/home/runner/work/MVP-Core/MVP-Core/MVP-Core.csproj]
/home/runner/work/MVP-Core/MVP-Core/Pages/Admin/EditSEO.cshtml.cs(37,41): error CS1061: 'string' does not contain a definition for 'Keywords' and no accessible extension method 'Keywords' accepting a first argument of type 'string' could be found (are you missing a using directive or an assembly reference?) [/home/runner/work/MVP-Core/MVP-Core/MVP-Core.csproj]
/home/runner/work/MVP-Core/MVP-Core/Pages/Admin/EditSEO.cshtml.cs(38,39): error CS1061: 'string' does not contain a definition for 'Robots' and no accessible extension method 'Robots' accepting a first argument of type 'string' could be found (are you missing a using directive or an assembly reference?) [/home/runner/work/MVP-Core/MVP-Core/MVP-Core.csproj]
/home/runner/work/MVP-Core/MVP-Core/Pages/AccessDenied.cshtml.cs(28,41): error CS1061: 'string' does not contain a definition for 'Title' and no accessible extension method 'Title' accepting a first argument of type 'string' could be found (are you missing a using directive or an assembly reference?) [/home/runner/work/MVP-Core/MVP-Core/MVP-Core.csproj]
/home/runner/work/MVP-Core/MVP-Core/Pages/AccessDenied.cshtml.cs(29,51): error CS1061: 'string' does not contain a definition for 'MetaDescription' and no accessible extension method 'MetaDescription' accepting a first argument of type 'string' could be found (are you missing a using directive or an assembly reference?) [/home/runner/work/MVP-Core/MVP-Core/MVP-Core.csproj]
/home/runner/work/MVP-Core/MVP-Core/Pages/AccessDenied.cshtml.cs(30,44): error CS1061: 'string' does not contain a definition for 'Keywords' and no accessible extension method 'Keywords' accepting a first argument of type 'string' could be found (are you missing a using directive or an assembly reference?) [/home/runner/work/MVP-Core/MVP-Core/MVP-Core.csproj]
/home/runner/work/MVP-Core/MVP-Core/Pages/AccessDenied.cshtml.cs(31,42): error CS1061: 'string' does not contain a definition for 'Robots' and no accessible extension method 'Robots' accepting a first argument of type 'string' could be found (are you missing a using directive or an assembly reference?) [/home/runner/work/MVP-Core/MVP-Core/MVP-Core.csproj]
/home/runner/work/MVP-Core/MVP-Core/Pages/Admin/Dashboard.cshtml.cs(98,44): error CS1061: 'ApplicationDbContext' does not contain a definition for 'TechnicianBadges' and no accessible extension method 'TechnicianBadges' accepting a first argument of type 'ApplicationDbContext' could be found (are you missing a using directive or an assembly reference?) [/home/runner/work/MVP-Core/MVP-Core/MVP-Core.csproj]
/home/runner/work/MVP-Core/MVP-Core/Pages/Technician/Profile.cshtml(20,30): error CS1061: 'string' does not contain a definition for 'TechnicianName' and no accessible extension method 'TechnicianName' accepting a first argument of type 'string' could be found (are you missing a using directive or an assembly reference?) [/home/runner/work/MVP-Core/MVP-Core/MVP-Core.csproj]
/home/runner/work/MVP-Core/MVP-Core/Pages/Technician/Profile.cshtml(21,60): error CS1061: 'string' does not contain a definition for 'CurrentTier' and no accessible extension method 'CurrentTier' accepting a first argument of type 'string' could be found (are you missing a using directive or an assembly reference?) [/home/runner/work/MVP-Core/MVP-Core/MVP-Core.csproj]
/home/runner/work/MVP-Core/MVP-Core/Pages/Technician/Profile.cshtml(22,65): error CS1061: 'string' does not contain a definition for 'TotalPoints' and no accessible extension method 'TotalPoints' accepting a first argument of type 'string' could be found (are you missing a using directive or an assembly reference?) [/home/runner/work/MVP-Core/MVP-Core/MVP-Core.csproj]
/home/runner/work/MVP-Core/MVP-Core/Pages/Technician/Profile.cshtml(23,71): error CS1061: 'string' does not contain a definition for 'LastRewardSentAt' and no accessible extension method 'LastRewardSentAt' accepting a first argument of type 'string' could be found (are you missing a using directive or an assembly reference?) [/home/runner/work/MVP-Core/MVP-Core/MVP-Core.csproj]
/home/runner/work/MVP-Core/MVP-Core/Pages/Technician/Profile.cshtml(24,29): error CS1061: 'string' does not contain a definition for 'IsEligibleForReward' and no accessible extension method 'IsEligibleForReward' accepting a first argument of type 'string' could be found (are you missing a using directive or an assembly reference?) [/home/runner/work/MVP-Core/MVP-Core/MVP-Core.csproj]
/home/runner/work/MVP-Core/MVP-Core/Pages/Shared/_SEOHead.cshtml(8,40): error CS1061: 'HttpRequest' does not contain a definition for 'GetDisplayUrl' and no accessible extension method 'GetDisplayUrl' accepting a first argument of type 'HttpRequest' could be found (are you missing a using directive or an assembly reference?) [/home/runner/work/MVP-Core/MVP-Core/MVP-Core.csproj]
/home/runner/work/MVP-Core/MVP-Core/Pages/Admin/CoachingLog.cshtml.cs(79,23): error CS0234: The type or namespace name 'Admin' does not exist in the namespace 'Pages.Services' (are you missing an assembly reference?) [/home/runner/work/MVP-Core/MVP-Core/MVP-Core.csproj]
/home/runner/work/MVP-Core/MVP-Core/Pages/Admin/BlazorAdmin/Pages/Dashboard.cshtml.cs(31,37): error CS1061: 'string' does not contain a definition for 'Title' and no accessible extension method 'Title' accepting a first argument of type 'string' could be found (are you missing a using directive or an assembly reference?) [/home/runner/work/MVP-Core/MVP-Core/MVP-Core.csproj]
/home/runner/work/MVP-Core/MVP-Core/Pages/Admin/BlazorAdmin/Pages/Dashboard.cshtml.cs(32,47): error CS1061: 'string' does not contain a definition for 'MetaDescription' and no accessible extension method 'MetaDescription' accepting a first argument of type 'string' could be found (are you missing a using directive or an assembly reference?) [/home/runner/work/MVP-Core/MVP-Core/MVP-Core.csproj]
/home/runner/work/MVP-Core/MVP-Core/Pages/Admin/BlazorAdmin/Pages/Dashboard.cshtml.cs(33,40): error CS1061: 'string' does not contain a definition for 'Keywords' and no accessible extension method 'Keywords' accepting a first argument of type 'string' could be found (are you missing a using directive or an assembly reference?) [/home/runner/work/MVP-Core/MVP-Core/MVP-Core.csproj]
/home/runner/work/MVP-Core/MVP-Core/Pages/Admin/BlazorAdmin/Pages/Dashboard.cshtml.cs(34,38): error CS1061: 'string' does not contain a definition for 'Robots' and no accessible extension method 'Robots' accepting a first argument of type 'string' could be found (are you missing a using directive or an assembly reference?) [/home/runner/work/MVP-Core/MVP-Core/MVP-Core.csproj]
/home/runner/work/MVP-Core/MVP-Core/Pages/Admin/BlazorAdmin/Pages/AuditLog.cshtml.cs(28,37): error CS1061: 'string' does not contain a definition for 'Title' and no accessible extension method 'Title' accepting a first argument of type 'string' could be found (are you missing a using directive or an assembly reference?) [/home/runner/work/MVP-Core/MVP-Core/MVP-Core.csproj]
/home/runner/work/MVP-Core/MVP-Core/Pages/Admin/BlazorAdmin/Pages/AuditLog.cshtml.cs(29,47): error CS1061: 'string' does not contain a definition for 'MetaDescription' and no accessible extension method 'MetaDescription' accepting a first argument of type 'string' could be found (are you missing a using directive or an assembly reference?) [/home/runner/work/MVP-Core/MVP-Core/MVP-Core.csproj]
/home/runner/work/MVP-Core/MVP-Core/Pages/Admin/BlazorAdmin/Pages/AuditLog.cshtml.cs(30,40): error CS1061: 'string' does not contain a definition for 'Keywords' and no accessible extension method 'Keywords' accepting a first argument of type 'string' could be found (are you missing a using directive or an assembly reference?) [/home/runner/work/MVP-Core/MVP-Core/MVP-Core.csproj]
/home/runner/work/MVP-Core/MVP-Core/Pages/Admin/BlazorAdmin/Pages/AuditLog.cshtml.cs(31,38): error CS1061: 'string' does not contain a definition for 'Robots' and no accessible extension method 'Robots' accepting a first argument of type 'string' could be found (are you missing a using directive or an assembly reference?) [/home/runner/work/MVP-Core/MVP-Core/MVP-Core.csproj]
/home/runner/work/MVP-Core/MVP-Core/Pages/Shared/MainLayout.cshtml(6,11): error CS0103: The name 'Body' does not exist in the current context [/home/runner/work/MVP-Core/MVP-Core/MVP-Core.csproj]
/home/runner/work/MVP-Core/MVP-Core/Pages/Customer/Portal.cshtml(214,3): error CS0103: The name 'keyframes' does not exist in the current context [/home/runner/work/MVP-Core/MVP-Core/MVP-Core.csproj]
/home/runner/work/MVP-Core/MVP-Core/Pages/Customer/Portal.cshtml(221,3): error CS0103: The name 'media' does not exist in the current context [/home/runner/work/MVP-Core/MVP-Core/MVP-Core.csproj]
/home/runner/work/MVP-Core/MVP-Core/Pages/Customer/Portal.cshtml(246,3): error CS0103: The name 'media' does not exist in the current context [/home/runner/work/MVP-Core/MVP-Core/MVP-Core.csproj]
/home/runner/work/MVP-Core/MVP-Core/Pages/Admin/Snapshots.cshtml(7,41): error CS1061: 'SeoMeta' does not contain a definition for 'Description' and no accessible extension method 'Description' accepting a first argument of type 'SeoMeta' could be found (are you missing a using directive or an assembly reference?) [/home/runner/work/MVP-Core/MVP-Core/MVP-Core.csproj]
/home/runner/work/MVP-Core/MVP-Core/Pages/Admin/Snapshots.cshtml(11,16): error CS1061: 'SeoMeta' does not contain a definition for 'Description' and no accessible extension method 'Description' accepting a first argument of type 'SeoMeta' could be found (are you missing a using directive or an assembly reference?) [/home/runner/work/MVP-Core/MVP-Core/MVP-Core.csproj]
/home/runner/work/MVP-Core/MVP-Core/Pages/Admin/Leaderboard.cshtml(11,29): error CS1061: 'string' does not contain a definition for 'Title' and no accessible extension method 'Title' accepting a first argument of type 'string' could be found (are you missing a using directive or an assembly reference?) [/home/runner/work/MVP-Core/MVP-Core/MVP-Core.csproj]
/home/runner/work/MVP-Core/MVP-Core/Pages/Admin/Leaderboard.cshtml(12,35): error CS1061: 'string' does not contain a definition for 'Description' and no accessible extension method 'Description' accepting a first argument of type 'string' could be found (are you missing a using directive or an assembly reference?) [/home/runner/work/MVP-Core/MVP-Core/MVP-Core.csproj]
/home/runner/work/MVP-Core/MVP-Core/Pages/Admin/Leaderboard.cshtml(21,33): error CS1061: 'TechnicianViewModel' does not contain a definition for 'Avatar' and no accessible extension method 'Avatar' accepting a first argument of type 'TechnicianViewModel' could be found (are you missing a using directive or an assembly reference?) [/home/runner/work/MVP-Core/MVP-Core/MVP-Core.csproj]
/home/runner/work/MVP-Core/MVP-Core/Controllers/Api/TechnicianReportController.cs(42,65): error CS1503: Argument 1: cannot convert from 'Data.Models.TechnicianProfileDto' to 'System.Guid' [/home/runner/work/MVP-Core/MVP-Core/MVP-Core.csproj]
/home/runner/work/MVP-Core/MVP-Core/Controllers/Api/TechnicianReportController.cs(42,71): error CS1503: Argument 2: cannot convert from 'byte[]' to 'System.DateTime' [/home/runner/work/MVP-Core/MVP-Core/MVP-Core.csproj]
/home/runner/work/MVP-Core/MVP-Core/Controllers/Api/TechnicianReportController.cs(42,81): error CS1503: Argument 3: cannot convert from 'string' to 'System.DateTime' [/home/runner/work/MVP-Core/MVP-Core/MVP-Core.csproj]
/home/runner/work/MVP-Core/MVP-Core/Controllers/Api/TechnicianReportController.cs(85,69): error CS1503: Argument 1: cannot convert from 'System.Collections.Generic.List<Data.Models.TechnicianProfileDto>' to 'System.Guid[]' [/home/runner/work/MVP-Core/MVP-Core/MVP-Core.csproj]
/home/runner/work/MVP-Core/MVP-Core/Controllers/Api/TechnicianReportController.cs(85,76): error CS1503: Argument 2: cannot convert from 'System.Collections.Generic.List<byte[]>' to 'System.DateTime' [/home/runner/work/MVP-Core/MVP-Core/MVP-Core.csproj]
/home/runner/work/MVP-Core/MVP-Core/Controllers/Api/TechnicianReportController.cs(85,87): error CS1503: Argument 3: cannot convert from 'string' to 'System.DateTime' [/home/runner/work/MVP-Core/MVP-Core/MVP-Core.csproj]
    204 Warning(s)
    161 Error(s)

Time Elapsed 00:00:26.79
